Archive member included to satisfy reference by file (symbol)

c:/program files (x86)/atmel/studio/7.0/toolchain/arm/arm-gnu-toolchain/bin/../lib/gcc/arm-none-eabi/6.3.1/thumb/v7-m\libgcc.a(_arm_addsubdf3.o)
                              src/timing.o (__aeabi_f2d)
c:/program files (x86)/atmel/studio/7.0/toolchain/arm/arm-gnu-toolchain/bin/../lib/gcc/arm-none-eabi/6.3.1/thumb/v7-m\libgcc.a(_arm_addsubsf3.o)
                              src/timing.o (__aeabi_ui2f)
c:/program files (x86)/atmel/studio/7.0/toolchain/arm/arm-gnu-toolchain/bin/../lib/gcc/arm-none-eabi/6.3.1/thumb/v7-m\libgcc.a(_arm_muldivsf3.o)
                              src/timing.o (__aeabi_fdiv)
c:/program files (x86)/atmel/studio/7.0/toolchain/arm/arm-gnu-toolchain/bin/../lib/gcc/arm-none-eabi/6.3.1/thumb/v7-m\libgcc.a(_arm_cmpsf2.o)
                              src/timing.o (__aeabi_fcmpge)
c:/program files (x86)/atmel/studio/7.0/toolchain/arm/arm-gnu-toolchain/bin/../lib/gcc/arm-none-eabi/6.3.1/thumb/v7-m\libgcc.a(_arm_fixsfsi.o)
                              src/timing.o (__aeabi_f2iz)
c:/program files (x86)/atmel/studio/7.0/toolchain/arm/arm-gnu-toolchain/bin/../lib/gcc/arm-none-eabi/6.3.1/../../../../arm-none-eabi/lib/thumb/v7-m\libc.a(lib_a-exit.o)
                              c:/program files (x86)/atmel/studio/7.0/toolchain/arm/arm-gnu-toolchain/bin/../lib/gcc/arm-none-eabi/6.3.1/../../../../arm-none-eabi/lib/thumb/v7-m/crt0.o (exit)
c:/program files (x86)/atmel/studio/7.0/toolchain/arm/arm-gnu-toolchain/bin/../lib/gcc/arm-none-eabi/6.3.1/../../../../arm-none-eabi/lib/thumb/v7-m\libc.a(lib_a-impure.o)
                              c:/program files (x86)/atmel/studio/7.0/toolchain/arm/arm-gnu-toolchain/bin/../lib/gcc/arm-none-eabi/6.3.1/../../../../arm-none-eabi/lib/thumb/v7-m\libc.a(lib_a-exit.o) (_global_impure_ptr)
c:/program files (x86)/atmel/studio/7.0/toolchain/arm/arm-gnu-toolchain/bin/../lib/gcc/arm-none-eabi/6.3.1/../../../../arm-none-eabi/lib/thumb/v7-m\libc.a(lib_a-init.o)
                              c:/program files (x86)/atmel/studio/7.0/toolchain/arm/arm-gnu-toolchain/bin/../lib/gcc/arm-none-eabi/6.3.1/../../../../arm-none-eabi/lib/thumb/v7-m/crt0.o (__libc_init_array)
c:/program files (x86)/atmel/studio/7.0/toolchain/arm/arm-gnu-toolchain/bin/../lib/gcc/arm-none-eabi/6.3.1/../../../../arm-none-eabi/lib/thumb/v7-m\libc.a(lib_a-memcpy.o)
                              src/menu.o (memcpy)
c:/program files (x86)/atmel/studio/7.0/toolchain/arm/arm-gnu-toolchain/bin/../lib/gcc/arm-none-eabi/6.3.1/../../../../arm-none-eabi/lib/thumb/v7-m\libc.a(lib_a-memset.o)
                              c:/program files (x86)/atmel/studio/7.0/toolchain/arm/arm-gnu-toolchain/bin/../lib/gcc/arm-none-eabi/6.3.1/../../../../arm-none-eabi/lib/thumb/v7-m/crt0.o (memset)
c:/program files (x86)/atmel/studio/7.0/toolchain/arm/arm-gnu-toolchain/bin/../lib/gcc/arm-none-eabi/6.3.1/../../../../arm-none-eabi/lib/thumb/v7-m\libc.a(lib_a-sprintf.o)
                              src/lcd.o (sprintf)
c:/program files (x86)/atmel/studio/7.0/toolchain/arm/arm-gnu-toolchain/bin/../lib/gcc/arm-none-eabi/6.3.1/../../../../arm-none-eabi/lib/thumb/v7-m\libc.a(lib_a-strlen-stub.o)
                              src/lcd.o (strlen)
c:/program files (x86)/atmel/studio/7.0/toolchain/arm/arm-gnu-toolchain/bin/../lib/gcc/arm-none-eabi/6.3.1/../../../../arm-none-eabi/lib/thumb/v7-m\libc.a(lib_a-svfprintf.o)
                              c:/program files (x86)/atmel/studio/7.0/toolchain/arm/arm-gnu-toolchain/bin/../lib/gcc/arm-none-eabi/6.3.1/../../../../arm-none-eabi/lib/thumb/v7-m\libc.a(lib_a-sprintf.o) (_svfprintf_r)
c:/program files (x86)/atmel/studio/7.0/toolchain/arm/arm-gnu-toolchain/bin/../lib/gcc/arm-none-eabi/6.3.1/../../../../arm-none-eabi/lib/thumb/v7-m\libc.a(lib_a-__call_atexit.o)
                              c:/program files (x86)/atmel/studio/7.0/toolchain/arm/arm-gnu-toolchain/bin/../lib/gcc/arm-none-eabi/6.3.1/../../../../arm-none-eabi/lib/thumb/v7-m\libc.a(lib_a-exit.o) (__call_exitprocs)
c:/program files (x86)/atmel/studio/7.0/toolchain/arm/arm-gnu-toolchain/bin/../lib/gcc/arm-none-eabi/6.3.1/../../../../arm-none-eabi/lib/thumb/v7-m\libc.a(lib_a-atexit.o)
                              c:/program files (x86)/atmel/studio/7.0/toolchain/arm/arm-gnu-toolchain/bin/../lib/gcc/arm-none-eabi/6.3.1/../../../../arm-none-eabi/lib/thumb/v7-m\libc.a(lib_a-__call_atexit.o) (atexit)
c:/program files (x86)/atmel/studio/7.0/toolchain/arm/arm-gnu-toolchain/bin/../lib/gcc/arm-none-eabi/6.3.1/../../../../arm-none-eabi/lib/thumb/v7-m\libc.a(lib_a-dtoa.o)
                              c:/program files (x86)/atmel/studio/7.0/toolchain/arm/arm-gnu-toolchain/bin/../lib/gcc/arm-none-eabi/6.3.1/../../../../arm-none-eabi/lib/thumb/v7-m\libc.a(lib_a-svfprintf.o) (_dtoa_r)
c:/program files (x86)/atmel/studio/7.0/toolchain/arm/arm-gnu-toolchain/bin/../lib/gcc/arm-none-eabi/6.3.1/../../../../arm-none-eabi/lib/thumb/v7-m\libc.a(lib_a-fini.o)
[...]
Memory Configuration

Name             Origin             Length             Attributes
rom              0x00080000         0x00080000         xr
sram0            0x20000000         0x00010000         xrw
sram1            0x20080000         0x00008000         xrw
ram              0x20070000         0x00018000         xrw
*default*        0x00000000         0xffffffff

Linker script and memory map

LOAD c:/program files (x86)/atmel/studio/7.0/toolchain/arm/arm-gnu-toolchain/bin/../lib/gcc/arm-none-eabi/6.3.1/thumb/v7-m/crti.o
LOAD c:/program files (x86)/atmel/studio/7.0/toolchain/arm/arm-gnu-toolchain/bin/../lib/gcc/arm-none-eabi/6.3.1/thumb/v7-m/crtbegin.o
LOAD c:/program files (x86)/atmel/studio/7.0/toolchain/arm/arm-gnu-toolchain/bin/../lib/gcc/arm-none-eabi/6.3.1/../../../../arm-none-eabi/lib/thumb/v7-m/crt0.o
LOAD src/ASF/common/components/memory/sd_mmc/sd_mmc.o
LOAD src/ASF/common/components/memory/sd_mmc/sd_mmc_mem.o
LOAD src/ASF/common/services/delay/sam/cycle_counter.o
LOAD src/ASF/common/services/spi/sam_spi/spi_master.o
LOAD src/ASF/common/services/spi/sam_usart_spi/usart_spi.o
LOAD src/ASF/common/services/storage/ctrl_access/ctrl_access.o
LOAD src/ASF/sam/drivers/hsmci/hsmci.o
LOAD src/ASF/sam/drivers/pdc/pdc.o
LOAD src/ASF/sam/drivers/rtc/rtc.o
LOAD src/ASF/sam/drivers/spi/spi.o
LOAD src/ASF/sam/drivers/usart/usart.o
LOAD src/ASF/thirdparty/fatfs/fatfs-port-r0.09/diskio.o
LOAD src/ASF/thirdparty/fatfs/fatfs-port-r0.09/sam/fattime_rtc.o
LOAD src/ASF/thirdparty/fatfs/fatfs-r0.09/src/ff.o
LOAD src/ASF/thirdparty/fatfs/fatfs-r0.09/src/option/ccsbcs.o
LOAD src/comm.o
LOAD src/ASF/sam/drivers/twi/twi.o
LOAD src/lcd.o
LOAD src/menu.o
LOAD src/support.o
LOAD src/timing.o
LOAD src/ASF/common/services/clock/sam3x/sysclk.o
LOAD src/ASF/sam/drivers/dmac/dmac.o
LOAD src/ASF/sam/drivers/pmc/pmc.o
LOAD src/ASF/sam/drivers/pmc/sleep.o
LOAD src/ASF/common/boards/user_board/init.o
LOAD src/ASF/common/utils/interrupt/interrupt_sam_nvic.o
LOAD src/ASF/sam/utils/cmsis/sam3x/source/templates/exceptions.o
LOAD src/ASF/sam/utils/cmsis/sam3x/source/templates/gcc/startup_sam3x.o
LOAD src/ASF/sam/utils/cmsis/sam3x/source/templates/system_sam3x.o
LOAD src/ASF/sam/utils/syscalls/gcc/syscalls.o
LOAD src/main.o
START GROUP
LOAD ../src/ASF/thirdparty/CMSIS/Lib/GCC\libarm_cortexM3l_math.a
LOAD c:/program files (x86)/atmel/studio/7.0/toolchain/arm/arm-gnu-toolchain/bin/../lib/gcc/arm-none-eabi/6.3.1/../../../../arm-none-eabi/lib/thumb/v7-m\libm.a
END GROUP
START GROUP
LOAD c:/program files (x86)/atmel/studio/7.0/toolchain/arm/arm-gnu-toolchain/bin/../lib/gcc/arm-none-eabi/6.3.1/thumb/v7-m\libgcc.a
LOAD c:/program files (x86)/atmel/studio/7.0/toolchain/arm/arm-gnu-toolchain/bin/../lib/gcc/arm-none-eabi/6.3.1/../../../../arm-none-eabi/lib/thumb/v7-m\libc.a
END GROUP
LOAD c:/program files (x86)/atmel/studio/7.0/toolchain/arm/arm-gnu-toolchain/bin/../lib/gcc/arm-none-eabi/6.3.1/thumb/v7-m/crtend.o
LOAD c:/program files (x86)/atmel/studio/7.0/toolchain/arm/arm-gnu-toolchain/bin/../lib/gcc/arm-none-eabi/6.3.1/thumb/v7-m/crtn.o
                0x00002000                __stack_size__ = DEFINED (__stack_size__)?__stack_size__:0x2000
                0x20087ffc                __ram_end__ = ((ORIGIN (ram) + LENGTH (ram)) - 0x4)

.text           0x00080000     0x87bc
                0x00080000                . = ALIGN (0x4)
                0x00080000                _sfixed = .
 *(.vectors .vectors.*)
 .vectors       0x00080000       0xf4 src/ASF/sam/utils/cmsis/sam3x/source/templates/gcc/startup_sam3x.o
                0x00080000                exception_table
 *(.text .text.* .gnu.linkonce.t.*)
 .text          0x000800f4       0x6c c:/program files (x86)/atmel/studio/7.0/toolchain/arm/arm-gnu-toolchain/bin/../lib/gcc/arm-none-eabi/6.3.1/thumb/v7-m/crtbegin.o
 .text.usart_spi_enable
                0x00080160       0x24 src/ASF/common/services/spi/sam_usart_spi/usart_spi.o
                0x00080160                usart_spi_enable
 .text.usart_spi_disable
                0x00080184       0x24 src/ASF/common/services/spi/sam_usart_spi/usart_spi.o
                0x00080184                usart_spi_disable
 .text.pdc_tx_init
                0x000801a8       0x42 src/ASF/sam/drivers/pdc/pdc.o
                0x000801a8                pdc_tx_init
 .text.pdc_enable_transfer
                0x000801ea       0x20 src/ASF/sam/drivers/pdc/pdc.o
                0x000801ea                pdc_enable_transfer
 .text.pdc_disable_transfer
                0x0008020a       0x20 src/ASF/sam/drivers/pdc/pdc.o
                0x0008020a                pdc_disable_transfer
 .text.usart_set_spi_master_baudrate
                0x0008022a       0x40 src/ASF/sam/drivers/usart/usart.o
 *fill*         0x0008026a        0x2 
 .text.usart_reset
                0x0008026c       0x54 src/ASF/sam/drivers/usart/usart.o
                0x0008026c                usart_reset
 .text.usart_init_spi_master
                0x000802c0      0x110 src/ASF/sam/drivers/usart/usart.o
                0x000802c0                usart_init_spi_master
 .text.usart_enable_tx
                0x000803d0       0x18 src/ASF/sam/drivers/usart/usart.o
                0x000803d0                usart_enable_tx
 .text.usart_disable_tx
                0x000803e8       0x18 src/ASF/sam/drivers/usart/usart.o
                0x000803e8                usart_disable_tx
 .text.usart_reset_tx
                0x00080400       0x18 src/ASF/sam/drivers/usart/usart.o
                0x00080400                usart_reset_tx
 .text.usart_enable_rx
                0x00080418       0x18 src/ASF/sam/drivers/usart/usart.o
                0x00080418                usart_enable_rx
 .text.usart_disable_rx
                0x00080430       0x18 src/ASF/sam/drivers/usart/usart.o
                0x00080430                usart_disable_rx
 .text.usart_reset_rx
                0x00080448       0x18 src/ASF/sam/drivers/usart/usart.o
                0x00080448                usart_reset_rx
 .text.usart_reset_status
                0x00080460       0x1a src/ASF/sam/drivers/usart/usart.o
                0x00080460                usart_reset_status
 .text.usart_drive_RTS_pin_high
                0x0008047a       0x1a src/ASF/sam/drivers/usart/usart.o
                0x0008047a                usart_drive_RTS_pin_high
 .text.usart_spi_force_chip_select
                0x00080494       0x1a src/ASF/sam/drivers/usart/usart.o
                0x00080494                usart_spi_force_chip_select
 .text.usart_spi_release_chip_select
                0x000804ae       0x1a src/ASF/sam/drivers/usart/usart.o
                0x000804ae                usart_spi_release_chip_select
 .text.usart_disable_writeprotect
                0x000804c8       0x20 src/ASF/sam/drivers/usart/usart.o
                0x000804c8                usart_disable_writeprotect
 .text.NVIC_EnableIRQ
                0x000804e8       0x30 src/comm.o
 .text.osc_get_rate
                0x00080518       0x74 src/comm.o
 .text.sysclk_get_main_hz
                0x0008058c       0x1c src/comm.o
 .text.sysclk_get_peripheral_hz
                0x000805a8       0x14 src/comm.o
 .text.spi_init
                0x000805bc       0x18 src/comm.o
                0x000805bc                spi_init
 .text.spi_master_initialize
                0x000805d4       0x70 src/comm.o
                0x000805d4                spi_master_initialize
 .text.spi_master_transfer
                0x00080644       0xa4 src/comm.o
                0x00080644                spi_master_transfer
 .text.configure_dmac
                0x000806e8       0x8c src/comm.o
                0x000806e8                configure_dmac
 .text.DMAC_Handler
                0x00080774       0x4c src/comm.o
                0x00080774                DMAC_Handler
 .text.NVIC_EnableIRQ
                0x000807c0       0x30 src/ASF/sam/drivers/twi/twi.o
 .text.NVIC_ClearPendingIRQ
                0x000807f0       0x34 src/ASF/sam/drivers/twi/twi.o
 .text.twi_enable_master_mode
                0x00080824       0x24 src/ASF/sam/drivers/twi/twi.o
                0x00080824                twi_enable_master_mode
 .text.twi_master_init
                0x00080848       0x7c src/ASF/sam/drivers/twi/twi.o
                0x00080848                twi_master_init
 .text.twi_set_speed
                0x000808c4       0xf4 src/ASF/sam/drivers/twi/twi.o
                0x000808c4                twi_set_speed
 .text.twi_mk_addr
                0x000809b8       0x5a src/ASF/sam/drivers/twi/twi.o
                0x000809b8                twi_mk_addr
 *fill*         0x00080a12        0x2 
 .text.twi_is_busy
                0x00080a14       0x14 src/ASF/sam/drivers/twi/twi.o
                0x00080a14                twi_is_busy
 .text.twi_get_tx_packet
                0x00080a28       0x14 src/ASF/sam/drivers/twi/twi.o
                0x00080a28                twi_get_tx_packet
 .text.twi_pdc_master_write
                0x00080a3c       0xc4 src/ASF/sam/drivers/twi/twi.o
                0x00080a3c                twi_pdc_master_write
 .text.twi_set_tx_callback
                0x00080b00       0x1c src/ASF/sam/drivers/twi/twi.o
                0x00080b00                twi_set_tx_callback
 .text.TWI0_Handler
                0x00080b1c      0x1a0 src/ASF/sam/drivers/twi/twi.o
                0x00080b1c                TWI0_Handler
 .text.twi_enable_interrupt
                0x00080cbc       0x1a src/ASF/sam/drivers/twi/twi.o
                0x00080cbc                twi_enable_interrupt
 .text.twi_disable_interrupt
                0x00080cd6       0x1e src/ASF/sam/drivers/twi/twi.o
                0x00080cd6                twi_disable_interrupt
 .text.twi_get_interrupt_status
                0x00080cf4       0x16 src/ASF/sam/drivers/twi/twi.o
                0x00080cf4                twi_get_interrupt_status
 .text.twi_get_interrupt_mask
                0x00080d0a       0x16 src/ASF/sam/drivers/twi/twi.o
                0x00080d0a                twi_get_interrupt_mask
 .text.twi_reset
                0x00080d20       0x1c src/ASF/sam/drivers/twi/twi.o
                0x00080d20                twi_reset
 .text.osc_get_rate
                0x00080d3c       0x74 src/lcd.o
 .text.sysclk_get_main_hz
                0x00080db0       0x1c src/lcd.o
 .text.sysclk_get_peripheral_hz
                0x00080dcc       0x14 src/lcd.o
 .text.sysclk_enable_peripheral_clock
                0x00080de0       0x1c src/lcd.o
 .text.twi_master_setup
                0x00080dfc       0x60 src/lcd.o
 .text.lcd_init
                0x00080e5c       0xdc src/lcd.o
                0x00080e5c                lcd_init
 .text.lcd_set_backlight
                0x00080f38       0x34 src/lcd.o
                0x00080f38                lcd_set_backlight
 .text.lcd_clear
                0x00080f6c       0x20 src/lcd.o
                0x00080f6c                lcd_clear
 .text.lcd_print_s
                0x00080f8c      0x224 src/lcd.o
                0x00080f8c                lcd_print_s
 .text.lcd_print_m
                0x000811b0      0x240 src/lcd.o
                0x000811b0                lcd_print_m
 .text.send_nibble
                0x000813f0       0xfc src/lcd.o
 .text.send_byte
                0x000814ec      0x12c src/lcd.o
 .text.lcd_callback
                0x00081618       0x18 src/lcd.o
 .text.ioport_get_pin_level
                0x00081630       0x4e src/menu.o
 *fill*         0x0008167e        0x2 
 .text.menu     0x00081680      0x108 src/menu.o
                0x00081680                menu
 .text.menu_main
                0x00081788      0x138 src/menu.o
                0x00081788                menu_main
 .text.menu_settings
                0x000818c0       0x14 src/menu.o
                0x000818c0                menu_settings
 .text.print_menu_main
                0x000818d4      0x164 src/menu.o
                0x000818d4                print_menu_main
 .text.print_cursor
                0x00081a38      0x118 src/menu.o
                0x00081a38                print_cursor
 .text.button_events
                0x00081b50      0x2ec src/menu.o
                0x00081b50                button_events
 .text.ioport_set_pin_level
                0x00081e3c       0x6a src/timing.o
 *fill*         0x00081ea6        0x2 
 .text.SysTick_Handler
                0x00081ea8       0x1c src/timing.o
                0x00081ea8                SysTick_Handler
 .text.getTicks
                0x00081ec4       0x14 src/timing.o
                0x00081ec4                getTicks
 .text.mdelay   0x00081ed8       0x2c src/timing.o
                0x00081ed8                mdelay
 .text.update_comm
                0x00081f04       0x48 src/timing.o
                0x00081f04                update_comm
 .text.update_battery
                0x00081f4c      0x1a4 src/timing.o
                0x00081f4c                update_battery
 .text.update_heartbeat
                0x000820f0       0x9c src/timing.o
                0x000820f0                update_heartbeat
 .text.osc_enable
                0x0008218c       0x88 src/ASF/common/services/clock/sam3x/sysclk.o
 .text.osc_is_ready
                0x00082214       0x70 src/ASF/common/services/clock/sam3x/sysclk.o
 .text.osc_get_rate
                0x00082284       0x74 src/ASF/common/services/clock/sam3x/sysclk.o
 .text.osc_wait_ready
                0x000822f8       0x2c src/ASF/common/services/clock/sam3x/sysclk.o
 .text.pll_config_init
                0x00082324       0x6c src/ASF/common/services/clock/sam3x/sysclk.o
 .text.pll_enable
                0x00082390       0x40 src/ASF/common/services/clock/sam3x/sysclk.o
 .text.pll_is_locked
                0x000823d0       0x2c src/ASF/common/services/clock/sam3x/sysclk.o
 .text.pll_enable_source
                0x000823fc       0x38 src/ASF/common/services/clock/sam3x/sysclk.o
 .text.pll_wait_for_lock
                0x00082434       0x24 src/ASF/common/services/clock/sam3x/sysclk.o
 .text.sysclk_get_main_hz
                0x00082458       0x1c src/ASF/common/services/clock/sam3x/sysclk.o
 .text.sysclk_get_cpu_hz
                0x00082474       0x14 src/ASF/common/services/clock/sam3x/sysclk.o
 .text.sysclk_init
                0x00082488       0x70 src/ASF/common/services/clock/sam3x/sysclk.o
                0x00082488                sysclk_init
 .text.dmac_init
                0x000824f8       0x1c src/ASF/sam/drivers/dmac/dmac.o
                0x000824f8                dmac_init
 .text.dmac_set_priority_mode
                0x00082514       0x26 src/ASF/sam/drivers/dmac/dmac.o
                0x00082514                dmac_set_priority_mode
 .text.dmac_enable
                0x0008253a       0x18 src/ASF/sam/drivers/dmac/dmac.o
                0x0008253a                dmac_enable
 .text.dmac_disable
                0x00082552       0x1e src/ASF/sam/drivers/dmac/dmac.o
                0x00082552                dmac_disable
 .text.dmac_enable_interrupt
                0x00082570       0x1a src/ASF/sam/drivers/dmac/dmac.o
                0x00082570                dmac_enable_interrupt
 .text.dmac_get_status
                0x0008258a       0x16 src/ASF/sam/drivers/dmac/dmac.o
                0x0008258a                dmac_get_status
 .text.dmac_channel_enable
                0x000825a0       0x1e src/ASF/sam/drivers/dmac/dmac.o
                0x000825a0                dmac_channel_enable
 .text.dmac_channel_disable
                0x000825be       0x1e src/ASF/sam/drivers/dmac/dmac.o
                0x000825be                dmac_channel_disable
 .text.dmac_channel_set_source_addr
                0x000825dc       0x2a src/ASF/sam/drivers/dmac/dmac.o
                0x000825dc                dmac_channel_set_source_addr
 .text.dmac_channel_set_destination_addr
                0x00082606       0x2a src/ASF/sam/drivers/dmac/dmac.o
                0x00082606                dmac_channel_set_destination_addr
 .text.dmac_channel_set_descriptor_addr
                0x00082630       0x2a src/ASF/sam/drivers/dmac/dmac.o
                0x00082630                dmac_channel_set_descriptor_addr
 .text.dmac_channel_set_ctrlA
                0x0008265a       0x2a src/ASF/sam/drivers/dmac/dmac.o
                0x0008265a                dmac_channel_set_ctrlA
 .text.dmac_channel_set_ctrlB
                0x00082684       0x2a src/ASF/sam/drivers/dmac/dmac.o
                0x00082684                dmac_channel_set_ctrlB
 .text.dmac_channel_set_configuration
                0x000826ae       0x2a src/ASF/sam/drivers/dmac/dmac.o
                0x000826ae                dmac_channel_set_configuration
 .text.dmac_channel_single_buf_transfer_init
                0x000826d8       0x70 src/ASF/sam/drivers/dmac/dmac.o
                0x000826d8                dmac_channel_single_buf_transfer_init
 .text.pmc_switch_mck_to_pllack
                0x00082748       0x80 src/ASF/sam/drivers/pmc/pmc.o
                0x00082748                pmc_switch_mck_to_pllack
 .text.pmc_switch_sclk_to_32kxtal
                0x000827c8       0x38 src/ASF/sam/drivers/pmc/pmc.o
                0x000827c8                pmc_switch_sclk_to_32kxtal
 .text.pmc_osc_is_ready_32kxtal
                0x00082800       0x34 src/ASF/sam/drivers/pmc/pmc.o
                0x00082800                pmc_osc_is_ready_32kxtal
 .text.pmc_switch_mainck_to_fastrc
                0x00082834       0x70 src/ASF/sam/drivers/pmc/pmc.o
                0x00082834                pmc_switch_mainck_to_fastrc
 .text.pmc_switch_mainck_to_xtal
                0x000828a4       0x78 src/ASF/sam/drivers/pmc/pmc.o
                0x000828a4                pmc_switch_mainck_to_xtal
 .text.pmc_osc_is_ready_mainck
                0x0008291c       0x18 src/ASF/sam/drivers/pmc/pmc.o
                0x0008291c                pmc_osc_is_ready_mainck
 .text.pmc_disable_pllack
                0x00082934       0x18 src/ASF/sam/drivers/pmc/pmc.o
                0x00082934                pmc_disable_pllack
 .text.pmc_is_locked_pllack
                0x0008294c       0x18 src/ASF/sam/drivers/pmc/pmc.o
                0x0008294c                pmc_is_locked_pllack
 .text.pmc_is_locked_upll
                0x00082964       0x18 src/ASF/sam/drivers/pmc/pmc.o
                0x00082964                pmc_is_locked_upll
 .text.pmc_enable_periph_clk
                0x0008297c       0x80 src/ASF/sam/drivers/pmc/pmc.o
                0x0008297c                pmc_enable_periph_clk
 .text.sysclk_enable_peripheral_clock
                0x000829fc       0x1c src/ASF/common/boards/user_board/init.o
 .text.ioport_init
                0x00082a18       0x24 src/ASF/common/boards/user_board/init.o
 .text.ioport_disable_pin
                0x00082a3c       0x48 src/ASF/common/boards/user_board/init.o
 .text.ioport_set_pin_mode
                0x00082a84       0xd8 src/ASF/common/boards/user_board/init.o
 .text.ioport_set_pin_dir
                0x00082b5c       0x86 src/ASF/common/boards/user_board/init.o
 .text.ioport_set_pin_level
                0x00082be2       0x6a src/ASF/common/boards/user_board/init.o
 .text.board_init
                0x00082c4c      0x184 src/ASF/common/boards/user_board/init.o
                0x00082c4c                board_init
 .text.Dummy_Handler
                0x00082dd0        0x6 src/ASF/sam/utils/cmsis/sam3x/source/templates/exceptions.o
                0x00082dd0                DACC_Handler
                0x00082dd0                DebugMon_Handler
                0x00082dd0                TRNG_Handler
                0x00082dd0                HardFault_Handler
                0x00082dd0                TC2_Handler
                0x00082dd0                USART3_Handler
                0x00082dd0                TWI1_Handler
                0x00082dd0                PendSV_Handler
                0x00082dd0                NMI_Handler
                0x00082dd0                TC7_Handler
                0x00082dd0                ADC_Handler
                0x00082dd0                SMC_Handler
                0x00082dd0                USART0_Handler
                0x00082dd0                RTT_Handler
                0x00082dd0                EFC1_Handler
                0x00082dd0                PIOB_Handler
                0x00082dd0                RTC_Handler
                0x00082dd0                UsageFault_Handler
                0x00082dd0                TC6_Handler
                0x00082dd0                WDT_Handler
                0x00082dd0                CAN0_Handler
                0x00082dd0                TC4_Handler
                0x00082dd0                TC1_Handler
                0x00082dd0                HSMCI_Handler
                0x00082dd0                TC3_Handler
                0x00082dd0                Dummy_Handler
                0x00082dd0                USART1_Handler
                0x00082dd0                PIOA_Handler
                0x00082dd0                SSC_Handler
                0x00082dd0                EFC0_Handler
                0x00082dd0                PMC_Handler
                0x00082dd0                PWM_Handler
                0x00082dd0                CAN1_Handler
                0x00082dd0                MemManage_Handler
                0x00082dd0                SUPC_Handler
                0x00082dd0                SVC_Handler
                0x00082dd0                TC8_Handler
                0x00082dd0                USART2_Handler
                0x00082dd0                PIOD_Handler
                0x00082dd0                EMAC_Handler
                0x00082dd0                UART_Handler
                0x00082dd0                PIOC_Handler
                0x00082dd0                BusFault_Handler
                0x00082dd0                RSTC_Handler
                0x00082dd0                TC0_Handler
                0x00082dd0                TC5_Handler
                0x00082dd0                UOTGHS_Handler
                0x00082dd0                SPI0_Handler
 *fill*         0x00082dd6        0x2 
 .text.Reset_Handler
                0x00082dd8       0xa8 src/ASF/sam/utils/cmsis/sam3x/source/templates/gcc/startup_sam3x.o
                0x00082dd8                Reset_Handler
 .text.SystemCoreClockUpdate
                0x00082e80      0x180 src/ASF/sam/utils/cmsis/sam3x/source/templates/system_sam3x.o
                0x00082e80                SystemCoreClockUpdate
 .text._sbrk    0x00083000       0x58 src/ASF/sam/utils/syscalls/gcc/syscalls.o
                0x00083000                _sbrk
 .text.NVIC_SetPriority
                0x00083058       0x54 src/main.o
 .text.SysTick_Config
                0x000830ac       0x48 src/main.o
 .text.osc_get_rate
                0x000830f4       0x74 src/main.o
 .text.sysclk_get_main_hz
                0x00083168       0x1c src/main.o
 .text.sysclk_get_cpu_hz
                0x00083184       0x14 src/main.o
 .text.ioport_set_pin_level
                0x00083198       0x6a src/main.o
 .text.ioport_get_pin_level
                0x00083202       0x4e src/main.o
 .text.main     0x00083250       0xec src/main.o
                0x00083250                main
 .text.noOS_bootup_sequence
                0x0008333c      0x1a0 src/main.o
                0x0008333c                noOS_bootup_sequence
 .text          0x000834dc      0x370 c:/program files (x86)/atmel/studio/7.0/toolchain/arm/arm-gnu-toolchain/bin/../lib/gcc/arm-none-eabi/6.3.1/thumb/v7-m\libgcc.a(_arm_addsubdf3.o)
                0x000834dc                __aeabi_drsub
                0x000834e4                __aeabi_dsub
                0x000834e4                __subdf3
                0x000834e8                __aeabi_dadd
                0x000834e8                __adddf3
                0x00083760                __floatunsidf
                0x00083760                __aeabi_ui2d
                0x00083780                __floatsidf
                0x00083780                __aeabi_i2d
                0x000837a4                __aeabi_f2d
                0x000837a4                __extendsfdf2
                0x000837e0                __floatundidf
                0x000837e0                __aeabi_ul2d
                0x000837f0                __floatdidf
                0x000837f0                __aeabi_l2d
 .text          0x0008384c      0x21c c:/program files (x86)/atmel/studio/7.0/toolchain/arm/arm-gnu-toolchain/bin/../lib/gcc/arm-none-eabi/6.3.1/thumb/v7-m\libgcc.a(_arm_addsubsf3.o)
                0x0008384c                __aeabi_frsub
                0x00083854                __subsf3
                0x00083854                __aeabi_fsub
                0x00083858                __aeabi_fadd
                0x00083858                __addsf3
                0x000839b8                __aeabi_ui2f
                0x000839b8                __floatunsisf
                0x000839c0                __aeabi_i2f
                0x000839c0                __floatsisf
                0x000839dc                __aeabi_ul2f
                0x000839dc                __floatundisf
                0x000839ec                __aeabi_l2f
                0x000839ec                __floatdisf
 .text          0x00083a68      0x2a0 c:/program files (x86)/atmel/studio/7.0/toolchain/arm/arm-gnu-toolchain/bin/../lib/gcc/arm-none-eabi/6.3.1/thumb/v7-m\libgcc.a(_arm_muldivsf3.o)
                0x00083a68                __mulsf3
                0x00083a68                __aeabi_fmul
                0x00083bd0                __aeabi_fdiv
                0x00083bd0                __divsf3
 .text          0x00083d08       0xec c:/program files (x86)/atmel/studio/7.0/toolchain/arm/arm-gnu-toolchain/bin/../lib/gcc/arm-none-eabi/6.3.1/thumb/v7-m\libgcc.a(_arm_cmpsf2.o)
                0x00083d08                __gesf2
                0x00083d08                __gtsf2
                0x00083d10                __lesf2
                0x00083d10                __ltsf2
                0x00083d18                __nesf2
                0x00083d18                __eqsf2
                0x00083d18                __cmpsf2
                0x00083d78                __aeabi_cfrcmple
                0x00083d80                __aeabi_cfcmpeq
                0x00083d80                __aeabi_cfcmple
                0x00083d90                __aeabi_fcmpeq
                0x00083da4                __aeabi_fcmplt
                0x00083db8                __aeabi_fcmple
                0x00083dcc                __aeabi_fcmpge
                0x00083de0                __aeabi_fcmpgt
 .text          0x00083df4       0x4c c:/program files (x86)/atmel/studio/7.0/toolchain/arm/arm-gnu-toolchain/bin/../lib/gcc/arm-none-eabi/6.3.1/thumb/v7-m\libgcc.a(_arm_fixsfsi.o)
                0x00083df4                __aeabi_f2iz
                0x00083df4                __fixsfsi
 .text.__libc_init_array
                0x00083e40       0x50 c:/program files (x86)/atmel/studio/7.0/toolchain/arm/arm-gnu-toolchain/bin/../lib/gcc/arm-none-eabi/6.3.1/../../../../arm-none-eabi/lib/thumb/v7-m\libc.a(lib_a-init.o)
                0x00083e40                __libc_init_array
 .text          0x00083e90       0xec c:/program files (x86)/atmel/studio/7.0/toolchain/arm/arm-gnu-toolchain/bin/../lib/gcc/arm-none-eabi/6.3.1/../../../../arm-none-eabi/lib/thumb/v7-m\libc.a(lib_a-memcpy.o)
                0x00083e90                memcpy
 .text.memset   0x00083f7c       0x9c c:/program files (x86)/atmel/studio/7.0/toolchain/arm/arm-gnu-toolchain/bin/../lib/gcc/arm-none-eabi/6.3.1/../../../../arm-none-eabi/lib/thumb/v7-m\libc.a(lib_a-memset.o)
                0x00083f7c                memset
 .text.sprintf  0x00084018       0x4c c:/program files (x86)/atmel/studio/7.0/toolchain/arm/arm-gnu-toolchain/bin/../lib/gcc/arm-none-eabi/6.3.1/../../../../arm-none-eabi/lib/thumb/v7-m\libc.a(lib_a-sprintf.o)
                0x00084018                sprintf
 .text.strlen   0x00084064       0x5c c:/program files (x86)/atmel/studio/7.0/toolchain/arm/arm-gnu-toolchain/bin/../lib/gcc/arm-none-eabi/6.3.1/../../../../arm-none-eabi/lib/thumb/v7-m\libc.a(lib_a-strlen-stub.o)
                0x00084064                strlen
 .text._svfprintf_r
                0x000840c0     0x1500 c:/program files (x86)/atmel/studio/7.0/toolchain/arm/arm-gnu-toolchain/bin/../lib/gcc/arm-none-eabi/6.3.1/../../../../arm-none-eabi/lib/thumb/v7-m\libc.a(lib_a-svfprintf.o)
                0x000840c0                _svfprintf_r
 .text.startup.register_fini
                0x000855c0       0x14 c:/program files (x86)/atmel/studio/7.0/toolchain/arm/arm-gnu-toolchain/bin/../lib/gcc/arm-none-eabi/6.3.1/../../../../arm-none-eabi/lib/thumb/v7-m\libc.a(lib_a-__call_atexit.o)
 .text.atexit   0x000855d4        0xc c:/program files (x86)/atmel/studio/7.0/toolchain/arm/arm-gnu-toolchain/bin/../lib/gcc/arm-none-eabi/6.3.1/../../../../arm-none-eabi/lib/thumb/v7-m\libc.a(lib_a-atexit.o)
                0x000855d4                atexit
 .text.quorem   0x000855e0      0x128 c:/program files (x86)/atmel/studio/7.0/toolchain/arm/arm-gnu-toolchain/bin/../lib/gcc/arm-none-eabi/6.3.1/../../../../arm-none-eabi/lib/thumb/v7-m\libc.a(lib_a-dtoa.o)
 .text._dtoa_r  0x00085708      0xe44 c:/program files (x86)/atmel/studio/7.0/toolchain/arm/arm-gnu-toolchain/bin/../lib/gcc/arm-none-eabi/6.3.1/../../../../arm-none-eabi/lib/thumb/v7-m\libc.a(lib_a-dtoa.o)
                0x00085708                _dtoa_r
 .text.__libc_fini_array
                0x0008654c       0x34 c:/program files (x86)/atmel/studio/7.0/toolchain/arm/arm-gnu-toolchain/bin/../lib/gcc/arm-none-eabi/6.3.1/../../../../arm-none-eabi/lib/thumb/v7-m\libc.a(lib_a-fini.o)
                0x0008654c                __libc_fini_array
 .text._localeconv_r
                0x00086580       0x1c c:/program files (x86)/atmel/studio/7.0/toolchain/arm/arm-gnu-toolchain/bin/../lib/gcc/arm-none-eabi/6.3.1/../../../../arm-none-eabi/lib/thumb/v7-m\libc.a(lib_a-localeconv.o)
                0x00086580                _localeconv_r
 .text.__retarget_lock_acquire_recursive
                0x0008659c        0x4 c:/program files (x86)/atmel/studio/7.0/toolchain/arm/arm-gnu-toolchain/bin/../lib/gcc/arm-none-eabi/6.3.1/../../../../arm-none-eabi/lib/thumb/v7-m\libc.a(lib_a-lock.o)
                0x0008659c                __retarget_lock_acquire_recursive
 .text.__retarget_lock_release_recursive
                0x000865a0        0x4 c:/program files (x86)/atmel/studio/7.0/toolchain/arm/arm-gnu-toolchain/bin/../lib/gcc/arm-none-eabi/6.3.1/../../../../arm-none-eabi/lib/thumb/v7-m\libc.a(lib_a-lock.o)
                0x000865a0                __retarget_lock_release_recursive
 .text._malloc_r
                0x000865a4      0x544 c:/program files (x86)/atmel/studio/7.0/toolchain/arm/arm-gnu-toolchain/bin/../lib/gcc/arm-none-eabi/6.3.1/../../../../arm-none-eabi/lib/thumb/v7-m\libc.a(lib_a-mallocr.o)
                0x000865a4                _malloc_r
 .text.memchr   0x00086ae8       0x8c c:/program files (x86)/atmel/studio/7.0/toolchain/arm/arm-gnu-toolchain/bin/../lib/gcc/arm-none-eabi/6.3.1/../../../../arm-none-eabi/lib/thumb/v7-m\libc.a(lib_a-memchr-stub.o)
                0x00086ae8                memchr
 .text.__malloc_lock
                0x00086b74        0xc c:/program files (x86)/atmel/studio/7.0/toolchain/arm/arm-gnu-toolchain/bin/../lib/gcc/arm-none-eabi/6.3.1/../../../../arm-none-eabi/lib/thumb/v7-m\libc.a(lib_a-mlock.o)
                0x00086b74                __malloc_lock
 .text.__malloc_unlock
                0x00086b80        0xc c:/program files (x86)/atmel/studio/7.0/toolchain/arm/arm-gnu-toolchain/bin/../lib/gcc/arm-none-eabi/6.3.1/../../../../arm-none-eabi/lib/thumb/v7-m\libc.a(lib_a-mlock.o)
                0x00086b80                __malloc_unlock
 .text._Balloc  0x00086b8c       0x4c c:/program files (x86)/atmel/studio/7.0/toolchain/arm/arm-gnu-toolchain/bin/../lib/gcc/arm-none-eabi/6.3.1/../../../../arm-none-eabi/lib/thumb/v7-m\libc.a(lib_a-mprec.o)
                0x00086b8c                _Balloc
 .text._Bfree   0x00086bd8       0x14 c:/program files (x86)/atmel/studio/7.0/toolchain/arm/arm-gnu-toolchain/bin/../lib/gcc/arm-none-eabi/6.3.1/../../../../arm-none-eabi/lib/thumb/v7-m\libc.a(lib_a-mprec.o)
                0x00086bd8                _Bfree
 .text.__multadd
                0x00086bec       0x84 c:/program files (x86)/atmel/studio/7.0/toolchain/arm/arm-gnu-toolchain/bin/../lib/gcc/arm-none-eabi/6.3.1/../../../../arm-none-eabi/lib/thumb/v7-m\libc.a(lib_a-mprec.o)
                0x00086bec                __multadd
 .text.__hi0bits
                0x00086c70       0x40 c:/program files (x86)/atmel/studio/7.0/toolchain/arm/arm-gnu-toolchain/bin/../lib/gcc/arm-none-eabi/6.3.1/../../../../arm-none-eabi/lib/thumb/v7-m\libc.a(lib_a-mprec.o)
                0x00086c70                __hi0bits
 .text.__lo0bits
                0x00086cb0       0x60 c:/program files (x86)/atmel/studio/7.0/toolchain/arm/arm-gnu-toolchain/bin/../lib/gcc/arm-none-eabi/6.3.1/../../../../arm-none-eabi/lib/thumb/v7-m\libc.a(lib_a-mprec.o)
                0x00086cb0                __lo0bits
 .text.__i2b    0x00086d10       0x14 c:/program files (x86)/atmel/studio/7.0/toolchain/arm/arm-gnu-toolchain/bin/../lib/gcc/arm-none-eabi/6.3.1/../../../../arm-none-eabi/lib/thumb/v7-m\libc.a(lib_a-mprec.o)
                0x00086d10                __i2b
 .text.__multiply
                0x00086d24      0x124 c:/program files (x86)/atmel/studio/7.0/toolchain/arm/arm-gnu-toolchain/bin/../lib/gcc/arm-none-eabi/6.3.1/../../../../arm-none-eabi/lib/thumb/v7-m\libc.a(lib_a-mprec.o)
                0x00086d24                __multiply
 .text.__pow5mult
                0x00086e48       0xa0 c:/program files (x86)/atmel/studio/7.0/toolchain/arm/arm-gnu-toolchain/bin/../lib/gcc/arm-none-eabi/6.3.1/../../../../arm-none-eabi/lib/thumb/v7-m\libc.a(lib_a-mprec.o)
                0x00086e48                __pow5mult
 .text.__lshift
                0x00086ee8       0xa0 c:/program files (x86)/atmel/studio/7.0/toolchain/arm/arm-gnu-toolchain/bin/../lib/gcc/arm-none-eabi/6.3.1/../../../../arm-none-eabi/lib/thumb/v7-m\libc.a(lib_a-mprec.o)
                0x00086ee8                __lshift
 .text.__mcmp   0x00086f88       0x38 c:/program files (x86)/atmel/studio/7.0/toolchain/arm/arm-gnu-toolchain/bin/../lib/gcc/arm-none-eabi/6.3.1/../../../../arm-none-eabi/lib/thumb/v7-m\libc.a(lib_a-mprec.o)
                0x00086f88                __mcmp
 .text.__mdiff  0x00086fc0      0x11c c:/program files (x86)/atmel/studio/7.0/toolchain/arm/arm-gnu-toolchain/bin/../lib/gcc/arm-none-eabi/6.3.1/../../../../arm-none-eabi/lib/thumb/v7-m\libc.a(lib_a-mprec.o)
                0x00086fc0                __mdiff
 .text.__d2b    0x000870dc       0xa8 c:/program files (x86)/atmel/studio/7.0/toolchain/arm/arm-gnu-toolchain/bin/../lib/gcc/arm-none-eabi/6.3.1/../../../../arm-none-eabi/lib/thumb/v7-m\libc.a(lib_a-mprec.o)
                0x000870dc                __d2b
 .text._sbrk_r  0x00087184       0x24 c:/program files (x86)/atmel/studio/7.0/toolchain/arm/arm-gnu-toolchain/bin/../lib/gcc/arm-none-eabi/6.3.1/../../../../arm-none-eabi/lib/thumb/v7-m\libc.a(lib_a-sbrkr.o)
                0x00087184                _sbrk_r
 .text.__ssprint_r
                0x000871a8       0xfc c:/program files (x86)/atmel/studio/7.0/toolchain/arm/arm-gnu-toolchain/bin/../lib/gcc/arm-none-eabi/6.3.1/../../../../arm-none-eabi/lib/thumb/v7-m\libc.a(lib_a-svfiprintf.o)
                0x000871a8                __ssprint_r
 .text.__register_exitproc
                0x000872a4       0xc4 c:/program files (x86)/atmel/studio/7.0/toolchain/arm/arm-gnu-toolchain/bin/../lib/gcc/arm-none-eabi/6.3.1/../../../../arm-none-eabi/lib/thumb/v7-m\libc.a(lib_a-__atexit.o)
                0x000872a4                __register_exitproc
 .text._calloc_r
                0x00087368       0x60 c:/program files (x86)/atmel/studio/7.0/toolchain/arm/arm-gnu-toolchain/bin/../lib/gcc/arm-none-eabi/6.3.1/../../../../arm-none-eabi/lib/thumb/v7-m\libc.a(lib_a-callocr.o)
                0x00087368                _calloc_r
 .text._malloc_trim_r
                0x000873c8       0xa0 c:/program files (x86)/atmel/studio/7.0/toolchain/arm/arm-gnu-toolchain/bin/../lib/gcc/arm-none-eabi/6.3.1/../../../../arm-none-eabi/lib/thumb/v7-m\libc.a(lib_a-freer.o)
                0x000873c8                _malloc_trim_r
 .text._free_r  0x00087468      0x1cc c:/program files (x86)/atmel/studio/7.0/toolchain/arm/arm-gnu-toolchain/bin/../lib/gcc/arm-none-eabi/6.3.1/../../../../arm-none-eabi/lib/thumb/v7-m\libc.a(lib_a-freer.o)
                0x00087468                _free_r
 .text.__ascii_mbtowc
                0x00087634       0x2c c:/program files (x86)/atmel/studio/7.0/toolchain/arm/arm-gnu-toolchain/bin/../lib/gcc/arm-none-eabi/6.3.1/../../../../arm-none-eabi/lib/thumb/v7-m\libc.a(lib_a-mbtowc_r.o)
                0x00087634                __ascii_mbtowc
 .text.memmove  0x00087660       0xc8 c:/program files (x86)/atmel/studio/7.0/toolchain/arm/arm-gnu-toolchain/bin/../lib/gcc/arm-none-eabi/6.3.1/../../../../arm-none-eabi/lib/thumb/v7-m\libc.a(lib_a-memmove.o)
                0x00087660                memmove
 .text._realloc_r
                0x00087728      0x36c c:/program files (x86)/atmel/studio/7.0/toolchain/arm/arm-gnu-toolchain/bin/../lib/gcc/arm-none-eabi/6.3.1/../../../../arm-none-eabi/lib/thumb/v7-m\libc.a(lib_a-reallocr.o)
                0x00087728                _realloc_r
 .text.__ascii_wctomb
                0x00087a94       0x18 c:/program files (x86)/atmel/studio/7.0/toolchain/arm/arm-gnu-toolchain/bin/../lib/gcc/arm-none-eabi/6.3.1/../../../../arm-none-eabi/lib/thumb/v7-m\libc.a(lib_a-wctomb_r.o)
                0x00087a94                __ascii_wctomb
 .text          0x00087aac      0x424 c:/program files (x86)/atmel/studio/7.0/toolchain/arm/arm-gnu-toolchain/bin/../lib/gcc/arm-none-eabi/6.3.1/thumb/v7-m\libgcc.a(_arm_muldivdf3.o)
                0x00087aac                __aeabi_dmul
                0x00087aac                __muldf3
                0x00087d00                __divdf3
                0x00087d00                __aeabi_ddiv
 .text          0x00087ed0      0x110 c:/program files (x86)/atmel/studio/7.0/toolchain/arm/arm-gnu-toolchain/bin/../lib/gcc/arm-none-eabi/6.3.1/thumb/v7-m\libgcc.a(_arm_cmpdf2.o)
                0x00087ed0                __gtdf2
                0x00087ed0                __gedf2
                0x00087ed8                __ltdf2
                0x00087ed8                __ledf2
                0x00087ee0                __nedf2
                0x00087ee0                __eqdf2
                0x00087ee0                __cmpdf2
                0x00087f5c                __aeabi_cdrcmple
                0x00087f6c                __aeabi_cdcmpeq
                0x00087f6c                __aeabi_cdcmple
                0x00087f7c                __aeabi_dcmpeq
                0x00087f90                __aeabi_dcmplt
                0x00087fa4                __aeabi_dcmple
                0x00087fb8                __aeabi_dcmpge
                0x00087fcc                __aeabi_dcmpgt
 .text          0x00087fe0       0x2c c:/program files (x86)/atmel/studio/7.0/toolchain/arm/arm-gnu-toolchain/bin/../lib/gcc/arm-none-eabi/6.3.1/thumb/v7-m\libgcc.a(_arm_unorddf2.o)
                0x00087fe0                __unorddf2
                0x00087fe0                __aeabi_dcmpun
 .text          0x0008800c       0x50 c:/program files (x86)/atmel/studio/7.0/toolchain/arm/arm-gnu-toolchain/bin/../lib/gcc/arm-none-eabi/6.3.1/thumb/v7-m\libgcc.a(_arm_fixdfsi.o)
                0x0008800c                __aeabi_d2iz
                0x0008800c                __fixdfsi
 .text          0x0008805c       0x30 c:/program files (x86)/atmel/studio/7.0/toolchain/arm/arm-gnu-toolchain/bin/../lib/gcc/arm-none-eabi/6.3.1/thumb/v7-m\libgcc.a(_aeabi_uldivmod.o)
                0x0008805c                __aeabi_uldivmod
 .text          0x0008808c      0x2dc c:/program files (x86)/atmel/studio/7.0/toolchain/arm/arm-gnu-toolchain/bin/../lib/gcc/arm-none-eabi/6.3.1/thumb/v7-m\libgcc.a(_udivmoddi4.o)
                0x0008808c                __udivmoddi4
 .text          0x00088368        0x4 c:/program files (x86)/atmel/studio/7.0/toolchain/arm/arm-gnu-toolchain/bin/../lib/gcc/arm-none-eabi/6.3.1/thumb/v7-m\libgcc.a(_dvmd_tls.o)
                0x00088368                __aeabi_idiv0
                0x00088368                __aeabi_ldiv0
 *(.glue_7t)
 .glue_7t       0x0008836c        0x0 linker stubs
 *(.glue_7)
 .glue_7        0x0008836c        0x0 linker stubs
 *(.rodata .rodata* .gnu.linkonce.r.*)
 .rodata        0x0008836c       0x10 src/comm.o
 .rodata        0x0008837c      0x16a src/menu.o
 *fill*         0x000884e6        0x2 
 .rodata        0x000884e8       0x10 src/timing.o
 .rodata        0x000884f8       0x12 src/main.o
 *fill*         0x0008850a        0x2 
 .rodata._global_impure_ptr
                0x0008850c        0x4 c:/program files (x86)/atmel/studio/7.0/toolchain/arm/arm-gnu-toolchain/bin/../lib/gcc/arm-none-eabi/6.3.1/../../../../arm-none-eabi/lib/thumb/v7-m\libc.a(lib_a-impure.o)
                0x0008850c                _global_impure_ptr
 .rodata._svfprintf_r.str1.4
                0x00088510       0x42 c:/program files (x86)/atmel/studio/7.0/toolchain/arm/arm-gnu-toolchain/bin/../lib/gcc/arm-none-eabi/6.3.1/../../../../arm-none-eabi/lib/thumb/v7-m\libc.a(lib_a-svfprintf.o)
 *fill*         0x00088552        0x2 
 .rodata.blanks.7223
                0x00088554       0x10 c:/program files (x86)/atmel/studio/7.0/toolchain/arm/arm-gnu-toolchain/bin/../lib/gcc/arm-none-eabi/6.3.1/../../../../arm-none-eabi/lib/thumb/v7-m\libc.a(lib_a-svfprintf.o)
 .rodata.zeroes.7224
                0x00088564       0x10 c:/program files (x86)/atmel/studio/7.0/toolchain/arm/arm-gnu-toolchain/bin/../lib/gcc/arm-none-eabi/6.3.1/../../../../arm-none-eabi/lib/thumb/v7-m\libc.a(lib_a-svfprintf.o)
 .rodata._dtoa_r.str1.4
                0x00088574       0x10 c:/program files (x86)/atmel/studio/7.0/toolchain/arm/arm-gnu-toolchain/bin/../lib/gcc/arm-none-eabi/6.3.1/../../../../arm-none-eabi/lib/thumb/v7-m\libc.a(lib_a-dtoa.o)
                                 0x12 (size before relaxing)
 *fill*         0x00088584        0x4 
 .rodata.__mprec_bigtens
                0x00088588       0x28 c:/program files (x86)/atmel/studio/7.0/toolchain/arm/arm-gnu-toolchain/bin/../lib/gcc/arm-none-eabi/6.3.1/../../../../arm-none-eabi/lib/thumb/v7-m\libc.a(lib_a-mprec.o)
                0x00088588                __mprec_bigtens
 .rodata.__mprec_tens
                0x000885b0       0xc8 c:/program files (x86)/atmel/studio/7.0/toolchain/arm/arm-gnu-toolchain/bin/../lib/gcc/arm-none-eabi/6.3.1/../../../../arm-none-eabi/lib/thumb/v7-m\libc.a(lib_a-mprec.o)
                0x000885b0                __mprec_tens
 .rodata.p05.6055
                0x00088678        0xc c:/program files (x86)/atmel/studio/7.0/toolchain/arm/arm-gnu-toolchain/bin/../lib/gcc/arm-none-eabi/6.3.1/../../../../arm-none-eabi/lib/thumb/v7-m\libc.a(lib_a-mprec.o)
 .rodata._setlocale_r.str1.4
                0x00088684        0xa c:/program files (x86)/atmel/studio/7.0/toolchain/arm/arm-gnu-toolchain/bin/../lib/gcc/arm-none-eabi/6.3.1/../../../../arm-none-eabi/lib/thumb/v7-m\libc.a(lib_a-locale.o)
                                  0xd (size before relaxing)
 *fill*         0x0008868e        0x2 
 .rodata.str1.4
                0x00088690        0x4 c:/program files (x86)/atmel/studio/7.0/toolchain/arm/arm-gnu-toolchain/bin/../lib/gcc/arm-none-eabi/6.3.1/../../../../arm-none-eabi/lib/thumb/v7-m\libc.a(lib_a-locale.o)
                                  0x2 (size before relaxing)
 .rodata._ctype_
                0x00088694      0x101 c:/program files (x86)/atmel/studio/7.0/toolchain/arm/arm-gnu-toolchain/bin/../lib/gcc/arm-none-eabi/6.3.1/../../../../arm-none-eabi/lib/thumb/v7-m\libc.a(lib_a-ctype_.o)
                0x00088694                _ctype_
 *(.ARM.extab* .gnu.linkonce.armextab.*)
                0x00088798                . = ALIGN (0x4)
 *fill*         0x00088795        0x3 
 *(.init)
 .init          0x00088798        0x4 c:/program files (x86)/atmel/studio/7.0/toolchain/arm/arm-gnu-toolchain/bin/../lib/gcc/arm-none-eabi/6.3.1/thumb/v7-m/crti.o
                0x00088798                _init
 .init          0x0008879c        0x8 c:/program files (x86)/atmel/studio/7.0/toolchain/arm/arm-gnu-toolchain/bin/../lib/gcc/arm-none-eabi/6.3.1/thumb/v7-m/crtn.o
                0x000887a4                . = ALIGN (0x4)
                0x000887a4                __preinit_array_start = .
 *(.preinit_array)
                0x000887a4                __preinit_array_end = .
                0x000887a4                . = ALIGN (0x4)
                0x000887a4                __init_array_start = .
 *(SORT(.init_array.*))
 .init_array.00000
                0x000887a4        0x4 c:/program files (x86)/atmel/studio/7.0/toolchain/arm/arm-gnu-toolchain/bin/../lib/gcc/arm-none-eabi/6.3.1/../../../../arm-none-eabi/lib/thumb/v7-m\libc.a(lib_a-__call_atexit.o)
 *(.init_array)
 .init_array    0x000887a8        0x4 c:/program files (x86)/atmel/studio/7.0/toolchain/arm/arm-gnu-toolchain/bin/../lib/gcc/arm-none-eabi/6.3.1/thumb/v7-m/crtbegin.o
                0x000887ac                __init_array_end = .
                0x000887ac                . = ALIGN (0x4)
 *crtbegin.o(.ctors)
 *(EXCLUDE_FILE(*crtend.o) .ctors)
 *(SORT(.ctors.*))
 *crtend.o(.ctors)
                0x000887ac                . = ALIGN (0x4)
 *(.fini)
 .fini          0x000887ac        0x4 c:/program files (x86)/atmel/studio/7.0/toolchain/arm/arm-gnu-toolchain/bin/../lib/gcc/arm-none-eabi/6.3.1/thumb/v7-m/crti.o
                0x000887ac                _fini
 .fini          0x000887b0        0x8 c:/program files (x86)/atmel/studio/7.0/toolchain/arm/arm-gnu-toolchain/bin/../lib/gcc/arm-none-eabi/6.3.1/thumb/v7-m/crtn.o
                0x000887b8                . = ALIGN (0x4)
                0x000887b8                __fini_array_start = .
 *(.fini_array)
 .fini_array    0x000887b8        0x4 c:/program files (x86)/atmel/studio/7.0/toolchain/arm/arm-gnu-toolchain/bin/../lib/gcc/arm-none-eabi/6.3.1/thumb/v7-m/crtbegin.o
 *(SORT(.fini_array.*))
                0x000887bc                __fini_array_end = .
 *crtbegin.o(.dtors)
 *(EXCLUDE_FILE(*crtend.o) .dtors)
 *(SORT(.dtors.*))
 *crtend.o(.dtors)
                0x000887bc                . = ALIGN (0x4)
                0x000887bc                _efixed = .
                [!provide]                PROVIDE (__exidx_start, .)

.vfp11_veneer   0x000887bc        0x0
 .vfp11_veneer  0x000887bc        0x0 linker stubs

.v4_bx          0x000887bc        0x0
 .v4_bx         0x000887bc        0x0 linker stubs

.iplt           0x000887bc        0x0
 .iplt          0x000887bc        0x0 c:/program files (x86)/atmel/studio/7.0/toolchain/arm/arm-gnu-toolchain/bin/../lib/gcc/arm-none-eabi/6.3.1/thumb/v7-m/crtbegin.o

.ARM.exidx      0x000887bc        0x8
 *(.ARM.exidx* .gnu.linkonce.armexidx.*)
 .ARM.exidx     0x000887bc        0x8 c:/program files (x86)/atmel/studio/7.0/toolchain/arm/arm-gnu-toolchain/bin/../lib/gcc/arm-none-eabi/6.3.1/thumb/v7-m\libgcc.a(_udivmoddi4.o)
                [!provide]                PROVIDE (__exidx_end, .)

.eh_frame       0x000887c4        0x0
 .eh_frame      0x000887c4        0x0 c:/program files (x86)/atmel/studio/7.0/toolchain/arm/arm-gnu-toolchain/bin/../lib/gcc/arm-none-eabi/6.3.1/thumb/v7-m/crtbegin.o

.rel.dyn        0x000887c4        0x0
 .rel.iplt      0x000887c4        0x0 c:/program files (x86)/atmel/studio/7.0/toolchain/arm/arm-gnu-toolchain/bin/../lib/gcc/arm-none-eabi/6.3.1/thumb/v7-m/crtbegin.o

.jcr            0x000887c4        0x0
 .jcr           0x000887c4        0x0 c:/program files (x86)/atmel/studio/7.0/toolchain/arm/arm-gnu-toolchain/bin/../lib/gcc/arm-none-eabi/6.3.1/thumb/v7-m/crtbegin.o

.igot.plt       0x000887c4        0x0
 .igot.plt      0x000887c4        0x0 c:/program files (x86)/atmel/studio/7.0/toolchain/arm/arm-gnu-toolchain/bin/../lib/gcc/arm-none-eabi/6.3.1/thumb/v7-m/crtbegin.o
                0x000887c4                . = ALIGN (0x4)
                0x000887c4                _etext = .

.relocate       0x20070000      0xb50 load address 0x000887c4
                0x20070000                . = ALIGN (0x4)
                0x20070000                _srelocate = .
 *(.ramfunc .ramfunc.*)
 .ramfunc       0x20070000      0x18c src/ASF/sam/utils/cmsis/sam3x/source/templates/system_sam3x.o
                0x20070000                SystemInit
                0x200700d0                system_init_flash
 *(.data .data.*)
 .data.print_menu
                0x2007018c        0x1 src/menu.o
                0x2007018c                print_menu
 .data.rbt_id   0x2007018d        0x1 src/menu.o
                0x2007018d                rbt_id
 .data.act_cursor_line_on_lcd
                0x2007018e        0x1 src/menu.o
                0x2007018e                act_cursor_line_on_lcd
 .data.prev_cursor_line_on_lcd
                0x2007018f        0x1 src/menu.o
                0x2007018f                prev_cursor_line_on_lcd
 .data.act_cursor_line
                0x20070190        0x1 src/menu.o
                0x20070190                act_cursor_line
 .data.prev_cursor_line
                0x20070191        0x1 src/menu.o
                0x20070191                prev_cursor_line
 .data.min_cursor_line
                0x20070192        0x1 src/menu.o
                0x20070192                min_cursor_line
 .data.max_cursor_line
                0x20070193        0x1 src/menu.o
                0x20070193                max_cursor_line
 .data.menu_main_column
                0x20070194        0x1 src/menu.o
                0x20070194                menu_main_column
 *fill*         0x20070195        0x3 
 .data.SystemCoreClock
                0x20070198        0x4 src/ASF/sam/utils/cmsis/sam3x/source/templates/system_sam3x.o
                0x20070198                SystemCoreClock
 .data.update_dots
                0x2007019c        0x1 src/main.o
                0x2007019c                update_dots
 *fill*         0x2007019d        0x3 
 .data._impure_ptr
                0x200701a0        0x4 c:/program files (x86)/atmel/studio/7.0/toolchain/arm/arm-gnu-toolchain/bin/../lib/gcc/arm-none-eabi/6.3.1/../../../../arm-none-eabi/lib/thumb/v7-m\libc.a(lib_a-impure.o)
                0x200701a0                _impure_ptr
 *fill*         0x200701a4        0x4 
 .data.impure_data
                0x200701a8      0x428 c:/program files (x86)/atmel/studio/7.0/toolchain/arm/arm-gnu-toolchain/bin/../lib/gcc/arm-none-eabi/6.3.1/../../../../arm-none-eabi/lib/thumb/v7-m\libc.a(lib_a-impure.o)
 .data.__atexit_recursive_mutex
                0x200705d0        0x4 c:/program files (x86)/atmel/studio/7.0/toolchain/arm/arm-gnu-toolchain/bin/../lib/gcc/arm-none-eabi/6.3.1/../../../../arm-none-eabi/lib/thumb/v7-m\libc.a(lib_a-__call_atexit.o)
                0x200705d0                __atexit_recursive_mutex
 .data.__malloc_av_
                0x200705d4      0x408 c:/program files (x86)/atmel/studio/7.0/toolchain/arm/arm-gnu-toolchain/bin/../lib/gcc/arm-none-eabi/6.3.1/../../../../arm-none-eabi/lib/thumb/v7-m\libc.a(lib_a-mallocr.o)
                0x200705d4                __malloc_av_
 .data.__malloc_sbrk_base
                0x200709dc        0x4 c:/program files (x86)/atmel/studio/7.0/toolchain/arm/arm-gnu-toolchain/bin/../lib/gcc/arm-none-eabi/6.3.1/../../../../arm-none-eabi/lib/thumb/v7-m\libc.a(lib_a-mallocr.o)
                0x200709dc                __malloc_sbrk_base
 .data.__malloc_trim_threshold
                0x200709e0        0x4 c:/program files (x86)/atmel/studio/7.0/toolchain/arm/arm-gnu-toolchain/bin/../lib/gcc/arm-none-eabi/6.3.1/../../../../arm-none-eabi/lib/thumb/v7-m\libc.a(lib_a-mallocr.o)
                0x200709e0                __malloc_trim_threshold
 .data.__global_locale
                0x200709e4      0x16c c:/program files (x86)/atmel/studio/7.0/toolchain/arm/arm-gnu-toolchain/bin/../lib/gcc/arm-none-eabi/6.3.1/../../../../arm-none-eabi/lib/thumb/v7-m\libc.a(lib_a-locale.o)
                0x200709e4                __global_locale
                0x20070b50                . = ALIGN (0x4)
                0x20070b50                _erelocate = .

.bss            0x20070b50      0x514 load address 0x00089314
                0x20070b50                . = ALIGN (0x4)
                0x20070b50                _sbss = .
                0x20070b50                _szero = .
 *(.bss .bss.*)
 .bss           0x20070b50       0x1c c:/program files (x86)/atmel/studio/7.0/toolchain/arm/arm-gnu-toolchain/bin/../lib/gcc/arm-none-eabi/6.3.1/thumb/v7-m/crtbegin.o
 .bss.ul_reg_val.7451
                0x20070b6c        0x4 src/ASF/sam/drivers/usart/usart.o
 .bss.ul_status.9035
                0x20070b70        0x4 src/comm.o
 .bss.txPacket  0x20070b74      0x204 src/ASF/sam/drivers/twi/twi.o
 .bss.rxPacket  0x20070d78      0x204 src/ASF/sam/drivers/twi/twi.o
 .bss.twiBusy   0x20070f7c        0x1 src/ASF/sam/drivers/twi/twi.o
 *fill*         0x20070f7d        0x3 
 .bss.txCallback
                0x20070f80        0x4 src/ASF/sam/drivers/twi/twi.o
 .bss.rxCallback
                0x20070f84        0x4 src/ASF/sam/drivers/twi/twi.o
 .bss.backlight
                0x20070f88        0x1 src/lcd.o
 .bss.lcdIsBusy
                0x20070f89        0x1 src/lcd.o
 *fill*         0x20070f8a        0x2 
 .bss.lcdStartTicks
                0x20070f8c        0x4 src/lcd.o
 .bss.lcdTimeoutErrorCntr
                0x20070f90        0x4 src/lcd.o
 .bss.twiConfig
                0x20070f94        0xc src/lcd.o
 .bss.act_menu  0x20070fa0        0x1 src/menu.o
                0x20070fa0                act_menu
 .bss.menu_main_scroll
                0x20070fa1        0x1 src/menu.o
                0x20070fa1                menu_main_scroll
 *fill*         0x20070fa2        0x2 
 .bss.g_ul_ms_ticks
                0x20070fa4        0x4 src/timing.o
 .bss.battery_voltage
                0x20070fa8        0x4 src/timing.o
                0x20070fa8                battery_voltage
 .bss.prev_battery_voltage
                0x20070fac        0x4 src/timing.o
                0x20070fac                prev_battery_voltage
 .bss.heap.5297
                0x20070fb0        0x4 src/ASF/sam/utils/syscalls/gcc/syscalls.o
 .bss.bl_state  0x20070fb4        0x1 src/main.o
                0x20070fb4                bl_state
 .bss.dots      0x20070fb5        0x1 src/main.o
                0x20070fb5                dots
 *fill*         0x20070fb6        0x2 
 .bss.__malloc_current_mallinfo
                0x20070fb8       0x28 c:/program files (x86)/atmel/studio/7.0/toolchain/arm/arm-gnu-toolchain/bin/../lib/gcc/arm-none-eabi/6.3.1/../../../../arm-none-eabi/lib/thumb/v7-m\libc.a(lib_a-mallocr.o)
                0x20070fb8                __malloc_current_mallinfo
 .bss.__malloc_max_sbrked_mem
                0x20070fe0        0x4 c:/program files (x86)/atmel/studio/7.0/toolchain/arm/arm-gnu-toolchain/bin/../lib/gcc/arm-none-eabi/6.3.1/../../../../arm-none-eabi/lib/thumb/v7-m\libc.a(lib_a-mallocr.o)
                0x20070fe0                __malloc_max_sbrked_mem
 .bss.__malloc_max_total_mem
                0x20070fe4        0x4 c:/program files (x86)/atmel/studio/7.0/toolchain/arm/arm-gnu-toolchain/bin/../lib/gcc/arm-none-eabi/6.3.1/../../../../arm-none-eabi/lib/thumb/v7-m\libc.a(lib_a-mallocr.o)
                0x20070fe4                __malloc_max_total_mem
 .bss.__malloc_top_pad
                0x20070fe8        0x4 c:/program files (x86)/atmel/studio/7.0/toolchain/arm/arm-gnu-toolchain/bin/../lib/gcc/arm-none-eabi/6.3.1/../../../../arm-none-eabi/lib/thumb/v7-m\libc.a(lib_a-mallocr.o)
                0x20070fe8                __malloc_top_pad
 *(COMMON)
 COMMON         0x20070fec        0xa src/comm.o
                0x20070fec                sens_buf
                0x20070ff0                mts
                0x20070ff4                stm
 *fill*         0x20070ff6        0x2 
 COMMON         0x20070ff8       0x14 src/lcd.o
                0x20070ff8                heart_state
                0x20070ffc                ticks_comm
                0x20071000                ticks_button_update
                0x20071004                ticks_battery
                0x20071008                ticks_heartbeat
 COMMON         0x2007100c       0x23 src/menu.o
                0x2007100c                pb_return_act
                0x2007100d                pb_mid_prev
                0x2007100e                pb_down_prev
                0x2007100f                pb_left_prev
                0x20071010                pb_down_act
                0x20071011                pb_up_prev
                0x20071012                pb_right_prev
                0x20071013                pb_return_prev
                0x20071014                pb_left_act
                0x20071018                sprintf_cache
                0x2007102c                pb_mid_act
                0x2007102d                pb_up_act
                0x2007102e                pb_right_act
 *fill*         0x2007102f        0x1 
 COMMON         0x20071030        0xc src/main.o
                0x20071030                blink_level
                0x20071034                ticks_blink_update
                0x20071038                ticks_dot_update
 COMMON         0x2007103c       0x21 c:/program files (x86)/atmel/studio/7.0/toolchain/arm/arm-gnu-toolchain/bin/../lib/gcc/arm-none-eabi/6.3.1/../../../../arm-none-eabi/lib/thumb/v7-m\libc.a(lib_a-lock.o)
                0x2007103c                __lock___atexit_recursive_mutex
                0x20071040                __lock___arc4random_mutex
                0x20071044                __lock___env_recursive_mutex
                0x20071048                __lock___sinit_recursive_mutex
                0x2007104c                __lock___malloc_recursive_mutex
                0x20071050                __lock___at_quick_exit_mutex
                0x20071054                __lock___dd_hash_mutex
                0x20071058                __lock___tz_mutex
                0x2007105c                __lock___sfp_recursive_mutex
 *fill*         0x2007105d        0x3 
 COMMON         0x20071060        0x4 c:/program files (x86)/atmel/studio/7.0/toolchain/arm/arm-gnu-toolchain/bin/../lib/gcc/arm-none-eabi/6.3.1/../../../../arm-none-eabi/lib/thumb/v7-m\libc.a(lib_a-reent.o)
                0x20071060                errno
                0x20071064                . = ALIGN (0x4)
                0x20071064                _ebss = .
                0x20071064                _ezero = .

.stack          0x20071064     0x2004 load address 0x00089828
                0x20071068                . = ALIGN (0x8)
 *fill*         0x20071064        0x4 
                0x20071068                _sstack = .
                0x20073068                . = (. + __stack_size__)
 *fill*         0x20071068     0x2000 
                0x20073068                . = ALIGN (0x8)
                0x20073068                _estack = .
                0x20073068                . = ALIGN (0x4)
                0x20073068                _end = .
OUTPUT(Motor Controller.elf elf32-littlearm)

.ARM.attributes
                0x00000000       0x29
 .ARM.attributes
                0x00000000       0x1d c:/program files (x86)/atmel/studio/7.0/toolchain/arm/arm-gnu-toolchain/bin/../lib/gcc/arm-none-eabi/6.3.1/thumb/v7-m/crti.o
 .ARM.attributes
                0x0000001d       0x2d c:/program files (x86)/atmel/studio/7.0/toolchain/arm/arm-gnu-toolchain/bin/../lib/gcc/arm-none-eabi/6.3.1/thumb/v7-m/crtbegin.o
 .ARM.attributes
                0x0000004a       0x33 src/ASF/common/services/spi/sam_usart_spi/usart_spi.o
 .ARM.attributes
                0x0000007d       0x33 src/ASF/sam/drivers/pdc/pdc.o
 .ARM.attributes
                0x000000b0       0x33 src/ASF/sam/drivers/usart/usart.o
 .ARM.attributes
                0x000000e3       0x33 src/comm.o
 .ARM.attributes
                0x00000116       0x33 src/ASF/sam/drivers/twi/twi.o
 .ARM.attributes
                0x00000149       0x33 src/lcd.o
 .ARM.attributes
                0x0000017c       0x33 src/menu.o
 .ARM.attributes
                0x000001af       0x33 src/timing.o
 .ARM.attributes
                0x000001e2       0x33 src/ASF/common/services/clock/sam3x/sysclk.o
 .ARM.attributes
                0x00000215       0x33 src/ASF/sam/drivers/dmac/dmac.o
 .ARM.attributes
                0x00000248       0x33 src/ASF/sam/drivers/pmc/pmc.o
 .ARM.attributes
                0x0000027b       0x33 src/ASF/common/boards/user_board/init.o
 .ARM.attributes
                0x000002ae       0x33 src/ASF/sam/utils/cmsis/sam3x/source/templates/exceptions.o
 .ARM.attributes
                0x000002e1       0x33 src/ASF/sam/utils/cmsis/sam3x/source/templates/gcc/startup_sam3x.o
 .ARM.attributes
                0x00000314       0x33 src/ASF/sam/utils/cmsis/sam3x/source/templates/system_sam3x.o
 .ARM.attributes
                0x00000347       0x33 src/ASF/sam/utils/syscalls/gcc/syscalls.o
 .ARM.attributes
                0x0000037a       0x33 src/main.o
 .ARM.attributes
                0x000003ad       0x1d c:/program files (x86)/atmel/studio/7.0/toolchain/arm/arm-gnu-toolchain/bin/../lib/gcc/arm-none-eabi/6.3.1/thumb/v7-m\libgcc.a(_arm_addsubdf3.o)
 .ARM.attributes
                0x000003ca       0x1d c:/program files (x86)/atmel/studio/7.0/toolchain/arm/arm-gnu-toolchain/bin/../lib/gcc/arm-none-eabi/6.3.1/thumb/v7-m\libgcc.a(_arm_addsubsf3.o)
 .ARM.attributes
                0x000003e7       0x1d c:/program files (x86)/atmel/studio/7.0/toolchain/arm/arm-gnu-toolchain/bin/../lib/gcc/arm-none-eabi/6.3.1/thumb/v7-m\libgcc.a(_arm_muldivsf3.o)
 .ARM.attributes
                0x00000404       0x1d c:/program files (x86)/atmel/studio/7.0/toolchain/arm/arm-gnu-toolchain/bin/../lib/gcc/arm-none-eabi/6.3.1/thumb/v7-m\libgcc.a(_arm_cmpsf2.o)
 .ARM.attributes
                0x00000421       0x1d c:/program files (x86)/atmel/studio/7.0/toolchain/arm/arm-gnu-toolchain/bin/../lib/gcc/arm-none-eabi/6.3.1/thumb/v7-m\libgcc.a(_arm_fixsfsi.o)
 .ARM.attributes
                0x0000043e       0x2d c:/program files (x86)/atmel/studio/7.0/toolchain/arm/arm-gnu-toolchain/bin/../lib/gcc/arm-none-eabi/6.3.1/../../../../arm-none-eabi/lib/thumb/v7-m\libc.a(lib_a-impure.o)
 .ARM.attributes
                0x0000046b       0x2d c:/program files (x86)/atmel/studio/7.0/toolchain/arm/arm-gnu-toolchain/bin/../lib/gcc/arm-none-eabi/6.3.1/../../../../arm-none-eabi/lib/thumb/v7-m\libc.a(lib_a-init.o)
 .ARM.attributes
                0x00000498       0x1b c:/program files (x86)/atmel/studio/7.0/toolchain/arm/arm-gnu-toolchain/bin/../lib/gcc/arm-none-eabi/6.3.1/../../../../arm-none-eabi/lib/thumb/v7-m\libc.a(lib_a-memcpy.o)
 .ARM.attributes
                0x000004b3       0x2d c:/program files (x86)/atmel/studio/7.0/toolchain/arm/arm-gnu-toolchain/bin/../lib/gcc/arm-none-eabi/6.3.1/../../../../arm-none-eabi/lib/thumb/v7-m\libc.a(lib_a-memset.o)
 .ARM.attributes
                0x000004e0       0x2d c:/program files (x86)/atmel/studio/7.0/toolchain/arm/arm-gnu-toolchain/bin/../lib/gcc/arm-none-eabi/6.3.1/../../../../arm-none-eabi/lib/thumb/v7-m\libc.a(lib_a-sprintf.o)
 .ARM.attributes
                0x0000050d       0x2d c:/program files (x86)/atmel/studio/7.0/toolchain/arm/arm-gnu-toolchain/bin/../lib/gcc/arm-none-eabi/6.3.1/../../../../arm-none-eabi/lib/thumb/v7-m\libc.a(lib_a-strlen-stub.o)
 .ARM.attributes
                0x0000053a       0x2d c:/program files (x86)/atmel/studio/7.0/toolchain/arm/arm-gnu-toolchain/bin/../lib/gcc/arm-none-eabi/6.3.1/../../../../arm-none-eabi/lib/thumb/v7-m\libc.a(lib_a-svfprintf.o)
 .ARM.attributes
                0x00000567       0x2d c:/program files (x86)/atmel/studio/7.0/toolchain/arm/arm-gnu-toolchain/bin/../lib/gcc/arm-none-eabi/6.3.1/../../../../arm-none-eabi/lib/thumb/v7-m\libc.a(lib_a-__call_atexit.o)
 .ARM.attributes
                0x00000594       0x2d c:/program files (x86)/atmel/studio/7.0/toolchain/arm/arm-gnu-toolchain/bin/../lib/gcc/arm-none-eabi/6.3.1/../../../../arm-none-eabi/lib/thumb/v7-m\libc.a(lib_a-atexit.o)
 .ARM.attributes
                0x000005c1       0x2d c:/program files (x86)/atmel/studio/7.0/toolchain/arm/arm-gnu-toolchain/bin/../lib/gcc/arm-none-eabi/6.3.1/../../../../arm-none-eabi/lib/thumb/v7-m\libc.a(lib_a-dtoa.o)
 .ARM.attributes
                0x000005ee       0x2d c:/program files (x86)/atmel/studio/7.0/toolchain/arm/arm-gnu-toolchain/bin/../lib/gcc/arm-none-eabi/6.3.1/../../../../arm-none-eabi/lib/thumb/v7-m\libc.a(lib_a-fini.o)
 .ARM.attributes
                0x0000061b       0x2d c:/program files (x86)/atmel/studio/7.0/toolchain/arm/arm-gnu-toolchain/bin/../lib/gcc/arm-none-eabi/6.3.1/../../../../arm-none-eabi/lib/thumb/v7-m\libc.a(lib_a-localeconv.o)
 .ARM.attributes
                0x00000648       0x2d c:/program files (x86)/atmel/studio/7.0/toolchain/arm/arm-gnu-toolchain/bin/../lib/gcc/arm-none-eabi/6.3.1/../../../../arm-none-eabi/lib/thumb/v7-m\libc.a(lib_a-lock.o)
 .ARM.attributes
                0x00000675       0x2d c:/program files (x86)/atmel/studio/7.0/toolchain/arm/arm-gnu-toolchain/bin/../lib/gcc/arm-none-eabi/6.3.1/../../../../arm-none-eabi/lib/thumb/v7-m\libc.a(lib_a-mallocr.o)
 .ARM.attributes
                0x000006a2       0x2d c:/program files (x86)/atmel/studio/7.0/toolchain/arm/arm-gnu-toolchain/bin/../lib/gcc/arm-none-eabi/6.3.1/../../../../arm-none-eabi/lib/thumb/v7-m\libc.a(lib_a-memchr-stub.o)
 .ARM.attributes
                0x000006cf       0x2d c:/program files (x86)/atmel/studio/7.0/toolchain/arm/arm-gnu-toolchain/bin/../lib/gcc/arm-none-eabi/6.3.1/../../../../arm-none-eabi/lib/thumb/v7-m\libc.a(lib_a-mlock.o)
 .ARM.attributes
                0x000006fc       0x2d c:/program files (x86)/atmel/studio/7.0/toolchain/arm/arm-gnu-toolchain/bin/../lib/gcc/arm-none-eabi/6.3.1/../../../../arm-none-eabi/lib/thumb/v7-m\libc.a(lib_a-mprec.o)
 .ARM.attributes
                0x00000729       0x2d c:/program files (x86)/atmel/studio/7.0/toolchain/arm/arm-gnu-toolchain/bin/../lib/gcc/arm-none-eabi/6.3.1/../../../../arm-none-eabi/lib/thumb/v7-m\libc.a(lib_a-sbrkr.o)
 .ARM.attributes
                0x00000756       0x2d c:/program files (x86)/atmel/studio/7.0/toolchain/arm/arm-gnu-toolchain/bin/../lib/gcc/arm-none-eabi/6.3.1/../../../../arm-none-eabi/lib/thumb/v7-m\libc.a(lib_a-svfiprintf.o)
 .ARM.attributes
                0x00000783       0x2d c:/program files (x86)/atmel/studio/7.0/toolchain/arm/arm-gnu-toolchain/bin/../lib/gcc/arm-none-eabi/6.3.1/../../../../arm-none-eabi/lib/thumb/v7-m\libc.a(lib_a-__atexit.o)
 .ARM.attributes
                0x000007b0       0x2d c:/program files (x86)/atmel/studio/7.0/toolchain/arm/arm-gnu-toolchain/bin/../lib/gcc/arm-none-eabi/6.3.1/../../../../arm-none-eabi/lib/thumb/v7-m\libc.a(lib_a-callocr.o)
 .ARM.attributes
                0x000007dd       0x2d c:/program files (x86)/atmel/studio/7.0/toolchain/arm/arm-gnu-toolchain/bin/../lib/gcc/arm-none-eabi/6.3.1/../../../../arm-none-eabi/lib/thumb/v7-m\libc.a(lib_a-freer.o)
 .ARM.attributes
                0x0000080a       0x2d c:/program files (x86)/atmel/studio/7.0/toolchain/arm/arm-gnu-toolchain/bin/../lib/gcc/arm-none-eabi/6.3.1/../../../../arm-none-eabi/lib/thumb/v7-m\libc.a(lib_a-locale.o)
 .ARM.attributes
                0x00000837       0x2d c:/program files (x86)/atmel/studio/7.0/toolchain/arm/arm-gnu-toolchain/bin/../lib/gcc/arm-none-eabi/6.3.1/../../../../arm-none-eabi/lib/thumb/v7-m\libc.a(lib_a-mbtowc_r.o)
 .ARM.attributes
                0x00000864       0x2d c:/program files (x86)/atmel/studio/7.0/toolchain/arm/arm-gnu-toolchain/bin/../lib/gcc/arm-none-eabi/6.3.1/../../../../arm-none-eabi/lib/thumb/v7-m\libc.a(lib_a-memmove.o)
 .ARM.attributes
                0x00000891       0x2d c:/program files (x86)/atmel/studio/7.0/toolchain/arm/arm-gnu-toolchain/bin/../lib/gcc/arm-none-eabi/6.3.1/../../../../arm-none-eabi/lib/thumb/v7-m\libc.a(lib_a-reallocr.o)
 .ARM.attributes
                0x000008be       0x2d c:/program files (x86)/atmel/studio/7.0/toolchain/arm/arm-gnu-toolchain/bin/../lib/gcc/arm-none-eabi/6.3.1/../../../../arm-none-eabi/lib/thumb/v7-m\libc.a(lib_a-reent.o)
 .ARM.attributes
                0x000008eb       0x2d c:/program files (x86)/atmel/studio/7.0/toolchain/arm/arm-gnu-toolchain/bin/../lib/gcc/arm-none-eabi/6.3.1/../../../../arm-none-eabi/lib/thumb/v7-m\libc.a(lib_a-wctomb_r.o)
 .ARM.attributes
                0x00000918       0x2d c:/program files (x86)/atmel/studio/7.0/toolchain/arm/arm-gnu-toolchain/bin/../lib/gcc/arm-none-eabi/6.3.1/../../../../arm-none-eabi/lib/thumb/v7-m\libc.a(lib_a-ctype_.o)
 .ARM.attributes
                0x00000945       0x1d c:/program files (x86)/atmel/studio/7.0/toolchain/arm/arm-gnu-toolchain/bin/../lib/gcc/arm-none-eabi/6.3.1/thumb/v7-m\libgcc.a(_arm_muldivdf3.o)
 .ARM.attributes
                0x00000962       0x1d c:/program files (x86)/atmel/studio/7.0/toolchain/arm/arm-gnu-toolchain/bin/../lib/gcc/arm-none-eabi/6.3.1/thumb/v7-m\libgcc.a(_arm_cmpdf2.o)
 .ARM.attributes
                0x0000097f       0x1d c:/program files (x86)/atmel/studio/7.0/toolchain/arm/arm-gnu-toolchain/bin/../lib/gcc/arm-none-eabi/6.3.1/thumb/v7-m\libgcc.a(_arm_unorddf2.o)
 .ARM.attributes
                0x0000099c       0x1d c:/program files (x86)/atmel/studio/7.0/toolchain/arm/arm-gnu-toolchain/bin/../lib/gcc/arm-none-eabi/6.3.1/thumb/v7-m\libgcc.a(_arm_fixdfsi.o)
 .ARM.attributes
                0x000009b9       0x1d c:/program files (x86)/atmel/studio/7.0/toolchain/arm/arm-gnu-toolchain/bin/../lib/gcc/arm-none-eabi/6.3.1/thumb/v7-m\libgcc.a(_aeabi_uldivmod.o)
 .ARM.attributes
                0x000009d6       0x2d c:/program files (x86)/atmel/studio/7.0/toolchain/arm/arm-gnu-toolchain/bin/../lib/gcc/arm-none-eabi/6.3.1/thumb/v7-m\libgcc.a(_udivmoddi4.o)
 .ARM.attributes
                0x00000a03       0x1d c:/program files (x86)/atmel/studio/7.0/toolchain/arm/arm-gnu-toolchain/bin/../lib/gcc/arm-none-eabi/6.3.1/thumb/v7-m\libgcc.a(_dvmd_tls.o)
 .ARM.attributes
                0x00000a20       0x1d c:/program files (x86)/atmel/studio/7.0/toolchain/arm/arm-gnu-toolchain/bin/../lib/gcc/arm-none-eabi/6.3.1/thumb/v7-m/crtn.o

.comment        0x00000000       0x59
 .comment       0x00000000       0x59 src/ASF/common/services/spi/sam_usart_spi/usart_spi.o
                                 0x5a (size before relaxing)
 .comment       0x00000059       0x5a src/ASF/sam/drivers/pdc/pdc.o
 .comment       0x00000059       0x5a src/ASF/sam/drivers/usart/usart.o
 .comment       0x00000059       0x5a src/comm.o
 .comment       0x00000059       0x5a src/ASF/sam/drivers/twi/twi.o
 .comment       0x00000059       0x5a src/lcd.o
 .comment       0x00000059       0x5a src/menu.o
 .comment       0x00000059       0x5a src/timing.o
 .comment       0x00000059       0x5a src/ASF/common/services/clock/sam3x/sysclk.o
 .comment       0x00000059       0x5a src/ASF/sam/drivers/dmac/dmac.o
 .comment       0x00000059       0x5a src/ASF/sam/drivers/pmc/pmc.o
 .comment       0x00000059       0x5a src/ASF/common/boards/user_board/init.o
 .comment       0x00000059       0x5a src/ASF/sam/utils/cmsis/sam3x/source/templates/exceptions.o
 .comment       0x00000059       0x5a src/ASF/sam/utils/cmsis/sam3x/source/templates/gcc/startup_sam3x.o
 .comment       0x00000059       0x5a src/ASF/sam/utils/cmsis/sam3x/source/templates/system_sam3x.o
 .comment       0x00000059       0x5a src/ASF/sam/utils/syscalls/gcc/syscalls.o
 .comment       0x00000059       0x5a src/main.o

.debug_info     0x00000000    0x15ae4
 .debug_info    0x00000000     0x132c src/ASF/common/services/spi/sam_usart_spi/usart_spi.o
 .debug_info    0x0000132c      0xdea src/ASF/sam/drivers/pdc/pdc.o
 .debug_info    0x00002116     0x22ba src/ASF/sam/drivers/usart/usart.o
 .debug_info    0x000043d0     0x1666 src/comm.o
 .debug_info    0x00005a36     0x19d4 src/ASF/sam/drivers/twi/twi.o
 .debug_info    0x0000740a     0x1548 src/lcd.o
 .debug_info    0x00008952     0x15c4 src/menu.o
 .debug_info    0x00009f16     0x1513 src/timing.o
 .debug_info    0x0000b429     0x1224 src/ASF/common/services/clock/sam3x/sysclk.o
 .debug_info    0x0000c64d     0x14d4 src/ASF/sam/drivers/dmac/dmac.o
 .debug_info    0x0000db21     0x19e1 src/ASF/sam/drivers/pmc/pmc.o
 .debug_info    0x0000f502     0x15e4 src/ASF/common/boards/user_board/init.o
 .debug_info    0x00010ae6      0xa3a src/ASF/sam/utils/cmsis/sam3x/source/templates/exceptions.o
 .debug_info    0x00011520      0xd19 src/ASF/sam/utils/cmsis/sam3x/source/templates/gcc/startup_sam3x.o
 .debug_info    0x00012239      0xdc6 src/ASF/sam/utils/cmsis/sam3x/source/templates/system_sam3x.o
 .debug_info    0x00012fff      0xdbc src/ASF/sam/utils/syscalls/gcc/syscalls.o
 .debug_info    0x00013dbb     0x1d29 src/main.o

.debug_abbrev   0x00000000     0x2e70
 .debug_abbrev  0x00000000      0x2d6 src/ASF/common/services/spi/sam_usart_spi/usart_spi.o
 .debug_abbrev  0x000002d6      0x221 src/ASF/sam/drivers/pdc/pdc.o
 .debug_abbrev  0x000004f7      0x2ca src/ASF/sam/drivers/usart/usart.o
 .debug_abbrev  0x000007c1      0x2d6 src/comm.o
 .debug_abbrev  0x00000a97      0x30e src/ASF/sam/drivers/twi/twi.o
 .debug_abbrev  0x00000da5      0x314 src/lcd.o
 .debug_abbrev  0x000010b9      0x333 src/menu.o
 .debug_abbrev  0x000013ec      0x3ae src/timing.o
 .debug_abbrev  0x0000179a      0x296 src/ASF/common/services/clock/sam3x/sysclk.o
 .debug_abbrev  0x00001a30      0x27c src/ASF/sam/drivers/dmac/dmac.o
 .debug_abbrev  0x00001cac      0x2b8 src/ASF/sam/drivers/pmc/pmc.o
 .debug_abbrev  0x00001f64      0x368 src/ASF/common/boards/user_board/init.o
 .debug_abbrev  0x000022cc      0x1a4 src/ASF/sam/utils/cmsis/sam3x/source/templates/exceptions.o
 .debug_abbrev  0x00002470      0x1e3 src/ASF/sam/utils/cmsis/sam3x/source/templates/gcc/startup_sam3x.o
 .debug_abbrev  0x00002653      0x1f4 src/ASF/sam/utils/cmsis/sam3x/source/templates/system_sam3x.o
 .debug_abbrev  0x00002847      0x22a src/ASF/sam/utils/syscalls/gcc/syscalls.o
 .debug_abbrev  0x00002a71      0x3ff src/main.o

.debug_loc      0x00000000     0x6ad8
 .debug_loc     0x00000000      0x564 src/ASF/common/services/spi/sam_usart_spi/usart_spi.o
 .debug_loc     0x00000564      0x508 src/ASF/sam/drivers/pdc/pdc.o
 .debug_loc     0x00000a6c     0x1e9c src/ASF/sam/drivers/usart/usart.o
 .debug_loc     0x00002908      0x258 src/comm.o
 .debug_loc     0x00002b60      0xada src/ASF/sam/drivers/twi/twi.o
 .debug_loc     0x0000363a      0x47c src/lcd.o
 .debug_loc     0x00003ab6      0x226 src/menu.o
 .debug_loc     0x00003cdc      0x1e8 src/timing.o
 .debug_loc     0x00003ec4      0x4a0 src/ASF/common/services/clock/sam3x/sysclk.o
 .debug_loc     0x00004364      0xa8c src/ASF/sam/drivers/dmac/dmac.o
 .debug_loc     0x00004df0     0x13e8 src/ASF/sam/drivers/pmc/pmc.o
 .debug_loc     0x000061d8      0x218 src/ASF/common/boards/user_board/init.o
 .debug_loc     0x000063f0       0x2c src/ASF/sam/utils/cmsis/sam3x/source/templates/exceptions.o
 .debug_loc     0x0000641c       0x38 src/ASF/sam/utils/cmsis/sam3x/source/templates/gcc/startup_sam3x.o
 .debug_loc     0x00006454       0xe4 src/ASF/sam/utils/cmsis/sam3x/source/templates/system_sam3x.o
 .debug_loc     0x00006538      0x300 src/ASF/sam/utils/syscalls/gcc/syscalls.o
 .debug_loc     0x00006838      0x2a0 src/main.o

.debug_aranges  0x00000000      0xbd0
 .debug_aranges
                0x00000000       0xa8 src/ASF/common/services/spi/sam_usart_spi/usart_spi.o
 .debug_aranges
                0x000000a8       0x88 src/ASF/sam/drivers/pdc/pdc.o
 .debug_aranges
                0x00000130      0x2d0 src/ASF/sam/drivers/usart/usart.o
 .debug_aranges
                0x00000400       0x60 src/comm.o
 .debug_aranges
                0x00000460      0x118 src/ASF/sam/drivers/twi/twi.o
 .debug_aranges
                0x00000578       0x98 src/lcd.o
 .debug_aranges
                0x00000610       0x50 src/menu.o
 .debug_aranges
                0x00000660       0x50 src/timing.o
 .debug_aranges
                0x000006b0       0x98 src/ASF/common/services/clock/sam3x/sysclk.o
 .debug_aranges
                0x00000748      0x108 src/ASF/sam/drivers/dmac/dmac.o
 .debug_aranges
                0x00000850      0x200 src/ASF/sam/drivers/pmc/pmc.o
 .debug_aranges
                0x00000a50       0x50 src/ASF/common/boards/user_board/init.o
 .debug_aranges
                0x00000aa0       0x20 src/ASF/sam/utils/cmsis/sam3x/source/templates/exceptions.o
 .debug_aranges
                0x00000ac0       0x20 src/ASF/sam/utils/cmsis/sam3x/source/templates/gcc/startup_sam3x.o
 .debug_aranges
                0x00000ae0       0x30 src/ASF/sam/utils/cmsis/sam3x/source/templates/system_sam3x.o
 .debug_aranges
                0x00000b10       0x60 src/ASF/sam/utils/syscalls/gcc/syscalls.o
 .debug_aranges
                0x00000b70       0x60 src/main.o

.debug_ranges   0x00000000      0xb38
 .debug_ranges  0x00000000       0x98 src/ASF/common/services/spi/sam_usart_spi/usart_spi.o
 .debug_ranges  0x00000098       0x78 src/ASF/sam/drivers/pdc/pdc.o
 .debug_ranges  0x00000110      0x2c0 src/ASF/sam/drivers/usart/usart.o
 .debug_ranges  0x000003d0       0x50 src/comm.o
 .debug_ranges  0x00000420      0x108 src/ASF/sam/drivers/twi/twi.o
 .debug_ranges  0x00000528       0x88 src/lcd.o
 .debug_ranges  0x000005b0       0x40 src/menu.o
 .debug_ranges  0x000005f0       0x58 src/timing.o
 .debug_ranges  0x00000648       0x88 src/ASF/common/services/clock/sam3x/sysclk.o
 .debug_ranges  0x000006d0       0xf8 src/ASF/sam/drivers/dmac/dmac.o
 .debug_ranges  0x000007c8      0x1f0 src/ASF/sam/drivers/pmc/pmc.o
 .debug_ranges  0x000009b8       0x88 src/ASF/common/boards/user_board/init.o
 .debug_ranges  0x00000a40       0x10 src/ASF/sam/utils/cmsis/sam3x/source/templates/exceptions.o
 .debug_ranges  0x00000a50       0x10 src/ASF/sam/utils/cmsis/sam3x/source/templates/gcc/startup_sam3x.o
 .debug_ranges  0x00000a60       0x20 src/ASF/sam/utils/cmsis/sam3x/source/templates/system_sam3x.o
 .debug_ranges  0x00000a80       0x50 src/ASF/sam/utils/syscalls/gcc/syscalls.o
 .debug_ranges  0x00000ad0       0x68 src/main.o

.debug_macro    0x00000000     0x6c02
 .debug_macro   0x00000000      0x5ea src/ASF/common/services/spi/sam_usart_spi/usart_spi.o
 .debug_macro   0x000005ea       0x2e src/ASF/common/services/spi/sam_usart_spi/usart_spi.o
 .debug_macro   0x00000618       0x10 src/ASF/common/services/spi/sam_usart_spi/usart_spi.o
 .debug_macro   0x00000628      0x55a src/ASF/sam/drivers/pdc/pdc.o
 .debug_macro   0x00000b82      0x59b src/ASF/sam/drivers/usart/usart.o
 .debug_macro   0x0000111d       0x28 src/ASF/sam/drivers/usart/usart.o
 .debug_macro   0x00001145      0x7a8 src/comm.o
 .debug_macro   0x000018ed      0x5ab src/ASF/sam/drivers/twi/twi.o
 .debug_macro   0x00001e98       0x46 src/ASF/sam/drivers/twi/twi.o
 .debug_macro   0x00001ede      0x7dd src/lcd.o
 .debug_macro   0x000026bb      0x79b src/menu.o
 .debug_macro   0x00002e56      0x7ca src/timing.o
 .debug_macro   0x00003620      0x5cb src/ASF/common/services/clock/sam3x/sysclk.o
 .debug_macro   0x00003beb      0x56e src/ASF/sam/drivers/dmac/dmac.o
 .debug_macro   0x00004159      0x565 src/ASF/sam/drivers/pmc/pmc.o
 .debug_macro   0x000046be       0x58 src/ASF/sam/drivers/pmc/pmc.o
 .debug_macro   0x00004716      0x779 src/ASF/common/boards/user_board/init.o
 .debug_macro   0x00004e8f      0x564 src/ASF/sam/utils/cmsis/sam3x/source/templates/exceptions.o
 .debug_macro   0x000053f3      0x572 src/ASF/sam/utils/cmsis/sam3x/source/templates/gcc/startup_sam3x.o
 .debug_macro   0x00005965      0x572 src/ASF/sam/utils/cmsis/sam3x/source/templates/system_sam3x.o
 .debug_macro   0x00005ed7       0x26 src/ASF/sam/utils/cmsis/sam3x/source/templates/system_sam3x.o
 .debug_macro   0x00005efd      0x1d6 src/ASF/sam/utils/syscalls/gcc/syscalls.o
 .debug_macro   0x000060d3       0x97 src/ASF/sam/utils/syscalls/gcc/syscalls.o
 .debug_macro   0x0000616a       0xf6 src/ASF/sam/utils/syscalls/gcc/syscalls.o
 .debug_macro   0x00006260       0x4c src/ASF/sam/utils/syscalls/gcc/syscalls.o
 .debug_macro   0x000062ac       0x16 src/ASF/sam/utils/syscalls/gcc/syscalls.o
 .debug_macro   0x000062c2       0x10 src/ASF/sam/utils/syscalls/gcc/syscalls.o
 .debug_macro   0x000062d2       0x10 src/ASF/sam/utils/syscalls/gcc/syscalls.o
 .debug_macro   0x000062e2       0x35 src/ASF/sam/utils/syscalls/gcc/syscalls.o
 .debug_macro   0x00006317      0x122 src/ASF/sam/utils/syscalls/gcc/syscalls.o
 .debug_macro   0x00006439      0x7c9 src/main.o

.debug_line     0x00000000     0xfd98
 .debug_line    0x00000000      0xe44 src/ASF/common/services/spi/sam_usart_spi/usart_spi.o
 .debug_line    0x00000e44      0xc29 src/ASF/sam/drivers/pdc/pdc.o
 .debug_line    0x00001a6d     0x1290 src/ASF/sam/drivers/usart/usart.o
 .debug_line    0x00002cfd     0x11be src/comm.o
 .debug_line    0x00003ebb      0xef7 src/ASF/sam/drivers/twi/twi.o
 .debug_line    0x00004db2     0x1335 src/lcd.o
 .debug_line    0x000060e7     0x12cf src/menu.o
 .debug_line    0x000073b6     0x11e3 src/timing.o
 .debug_line    0x00008599      0xdcd src/ASF/common/services/clock/sam3x/sysclk.o
 .debug_line    0x00009366      0xdea src/ASF/sam/drivers/dmac/dmac.o
 .debug_line    0x0000a150     0x1145 src/ASF/sam/drivers/pmc/pmc.o
 .debug_line    0x0000b295     0x11f9 src/ASF/common/boards/user_board/init.o
 .debug_line    0x0000c48e      0xb28 src/ASF/sam/utils/cmsis/sam3x/source/templates/exceptions.o
 .debug_line    0x0000cfb6      0xb7b src/ASF/sam/utils/cmsis/sam3x/source/templates/gcc/startup_sam3x.o
 .debug_line    0x0000db31      0xbcc src/ASF/sam/utils/cmsis/sam3x/source/templates/system_sam3x.o
 .debug_line    0x0000e6fd      0x417 src/ASF/sam/utils/syscalls/gcc/syscalls.o
 .debug_line    0x0000eb14     0x1284 src/main.o

.debug_str      0x00000000    0x67eb8
 .debug_str     0x00000000    0x5df11 src/ASF/common/services/spi/sam_usart_spi/usart_spi.o
                              0x5e2ff (size before relaxing)
 .debug_str     0x0005df11      0x1fc src/ASF/sam/drivers/pdc/pdc.o
                              0x5c9ce (size before relaxing)
 .debug_str     0x0005e10d      0x91f src/ASF/sam/drivers/usart/usart.o
                              0x5d481 (size before relaxing)
 .debug_str     0x0005ea2c     0x6da0 src/comm.o
                              0x64e7f (size before relaxing)
 .debug_str     0x000657cc      0x579 src/ASF/sam/drivers/twi/twi.o
                              0x5d22d (size before relaxing)
 .debug_str     0x00065d45      0x2a3 src/lcd.o
                              0x64c40 (size before relaxing)
 .debug_str     0x00065fe8      0x5fc src/menu.o
                              0x64d3b (size before relaxing)
 .debug_str     0x000665e4       0xa2 src/timing.o
                              0x64c53 (size before relaxing)
 .debug_str     0x00066686      0x3c7 src/ASF/common/services/clock/sam3x/sysclk.o
                              0x5e1b6 (size before relaxing)
 .debug_str     0x00066a4d      0x305 src/ASF/sam/drivers/dmac/dmac.o
                              0x5cd7a (size before relaxing)
 .debug_str     0x00066d52      0x576 src/ASF/sam/drivers/pmc/pmc.o
                              0x5d22b (size before relaxing)
 .debug_str     0x000672c8      0x11a src/ASF/common/boards/user_board/init.o
                              0x64a89 (size before relaxing)
 .debug_str     0x000673e2       0x4d src/ASF/sam/utils/cmsis/sam3x/source/templates/exceptions.o
                              0x5c824 (size before relaxing)
 .debug_str     0x0006742f       0xd4 src/ASF/sam/utils/cmsis/sam3x/source/templates/gcc/startup_sam3x.o
                              0x5c920 (size before relaxing)
 .debug_str     0x00067503      0x195 src/ASF/sam/utils/cmsis/sam3x/source/templates/system_sam3x.o
                              0x5cafc (size before relaxing)
 .debug_str     0x00067698      0x768 src/ASF/sam/utils/syscalls/gcc/syscalls.o
                               0x7458 (size before relaxing)
 .debug_str     0x00067e00       0xb8 src/main.o
                              0x6523c (size before relaxing)

.debug_frame    0x00000000     0x3eb4
 .debug_frame   0x00000000      0x28c src/ASF/common/services/spi/sam_usart_spi/usart_spi.o
 .debug_frame   0x0000028c      0x240 src/ASF/sam/drivers/pdc/pdc.o
 .debug_frame   0x000004cc      0xd70 src/ASF/sam/drivers/usart/usart.o
 .debug_frame   0x0000123c      0x140 src/comm.o
 .debug_frame   0x0000137c      0x4dc src/ASF/sam/drivers/twi/twi.o
 .debug_frame   0x00001858      0x238 src/lcd.o
 .debug_frame   0x00001a90      0x110 src/menu.o
 .debug_frame   0x00001ba0      0x100 src/timing.o
 .debug_frame   0x00001ca0      0x240 src/ASF/common/services/clock/sam3x/sysclk.o
 .debug_frame   0x00001ee0      0x4ac src/ASF/sam/drivers/dmac/dmac.o
 .debug_frame   0x0000238c      0x8ec src/ASF/sam/drivers/pmc/pmc.o
 .debug_frame   0x00002c78      0x10c src/ASF/common/boards/user_board/init.o
 .debug_frame   0x00002d84       0x28 src/ASF/sam/utils/cmsis/sam3x/source/templates/exceptions.o
 .debug_frame   0x00002dac       0x30 src/ASF/sam/utils/cmsis/sam3x/source/templates/gcc/startup_sam3x.o
 .debug_frame   0x00002ddc       0x78 src/ASF/sam/utils/cmsis/sam3x/source/templates/system_sam3x.o
 .debug_frame   0x00002e54      0x164 src/ASF/sam/utils/syscalls/gcc/syscalls.o
 .debug_frame   0x00002fb8      0x150 src/main.o
 .debug_frame   0x00003108       0xac c:/program files (x86)/atmel/studio/7.0/toolchain/arm/arm-gnu-toolchain/bin/../lib/gcc/arm-none-eabi/6.3.1/thumb/v7-m\libgcc.a(_arm_addsubdf3.o)
 .debug_frame   0x000031b4       0x4c c:/program files (x86)/atmel/studio/7.0/toolchain/arm/arm-gnu-toolchain/bin/../lib/gcc/arm-none-eabi/6.3.1/thumb/v7-m\libgcc.a(_arm_addsubsf3.o)
 .debug_frame   0x00003200       0x38 c:/program files (x86)/atmel/studio/7.0/toolchain/arm/arm-gnu-toolchain/bin/../lib/gcc/arm-none-eabi/6.3.1/thumb/v7-m\libgcc.a(_arm_muldivsf3.o)
 .debug_frame   0x00003238       0xc8 c:/program files (x86)/atmel/studio/7.0/toolchain/arm/arm-gnu-toolchain/bin/../lib/gcc/arm-none-eabi/6.3.1/thumb/v7-m\libgcc.a(_arm_cmpsf2.o)
 .debug_frame   0x00003300       0x24 c:/program files (x86)/atmel/studio/7.0/toolchain/arm/arm-gnu-toolchain/bin/../lib/gcc/arm-none-eabi/6.3.1/thumb/v7-m\libgcc.a(_arm_fixsfsi.o)
 .debug_frame   0x00003324       0x2c c:/program files (x86)/atmel/studio/7.0/toolchain/arm/arm-gnu-toolchain/bin/../lib/gcc/arm-none-eabi/6.3.1/../../../../arm-none-eabi/lib/thumb/v7-m\libc.a(lib_a-init.o)
 .debug_frame   0x00003350       0x34 c:/program files (x86)/atmel/studio/7.0/toolchain/arm/arm-gnu-toolchain/bin/../lib/gcc/arm-none-eabi/6.3.1/../../../../arm-none-eabi/lib/thumb/v7-m\libc.a(lib_a-memset.o)
 .debug_frame   0x00003384       0x84 c:/program files (x86)/atmel/studio/7.0/toolchain/arm/arm-gnu-toolchain/bin/../lib/gcc/arm-none-eabi/6.3.1/../../../../arm-none-eabi/lib/thumb/v7-m\libc.a(lib_a-sprintf.o)
 .debug_frame   0x00003408       0x20 c:/program files (x86)/atmel/studio/7.0/toolchain/arm/arm-gnu-toolchain/bin/../lib/gcc/arm-none-eabi/6.3.1/../../../../arm-none-eabi/lib/thumb/v7-m\libc.a(lib_a-strlen-stub.o)
 .debug_frame   0x00003428       0x40 c:/program files (x86)/atmel/studio/7.0/toolchain/arm/arm-gnu-toolchain/bin/../lib/gcc/arm-none-eabi/6.3.1/../../../../arm-none-eabi/lib/thumb/v7-m\libc.a(lib_a-svfprintf.o)
 .debug_frame   0x00003468       0x5c c:/program files (x86)/atmel/studio/7.0/toolchain/arm/arm-gnu-toolchain/bin/../lib/gcc/arm-none-eabi/6.3.1/../../../../arm-none-eabi/lib/thumb/v7-m\libc.a(lib_a-__call_atexit.o)
 .debug_frame   0x000034c4       0x20 c:/program files (x86)/atmel/studio/7.0/toolchain/arm/arm-gnu-toolchain/bin/../lib/gcc/arm-none-eabi/6.3.1/../../../../arm-none-eabi/lib/thumb/v7-m\libc.a(lib_a-atexit.o)
 .debug_frame   0x000034e4       0x84 c:/program files (x86)/atmel/studio/7.0/toolchain/arm/arm-gnu-toolchain/bin/../lib/gcc/arm-none-eabi/6.3.1/../../../../arm-none-eabi/lib/thumb/v7-m\libc.a(lib_a-dtoa.o)
 .debug_frame   0x00003568       0x34 c:/program files (x86)/atmel/studio/7.0/toolchain/arm/arm-gnu-toolchain/bin/../lib/gcc/arm-none-eabi/6.3.1/../../../../arm-none-eabi/lib/thumb/v7-m\libc.a(lib_a-fini.o)
 .debug_frame   0x0000359c       0x40 c:/program files (x86)/atmel/studio/7.0/toolchain/arm/arm-gnu-toolchain/bin/../lib/gcc/arm-none-eabi/6.3.1/../../../../arm-none-eabi/lib/thumb/v7-m\libc.a(lib_a-localeconv.o)
 .debug_frame   0x000035dc       0xb0 c:/program files (x86)/atmel/studio/7.0/toolchain/arm/arm-gnu-toolchain/bin/../lib/gcc/arm-none-eabi/6.3.1/../../../../arm-none-eabi/lib/thumb/v7-m\libc.a(lib_a-lock.o)
 .debug_frame   0x0000368c       0x54 c:/program files (x86)/atmel/studio/7.0/toolchain/arm/arm-gnu-toolchain/bin/../lib/gcc/arm-none-eabi/6.3.1/../../../../arm-none-eabi/lib/thumb/v7-m\libc.a(lib_a-mallocr.o)
 .debug_frame   0x000036e0       0x34 c:/program files (x86)/atmel/studio/7.0/toolchain/arm/arm-gnu-toolchain/bin/../lib/gcc/arm-none-eabi/6.3.1/../../../../arm-none-eabi/lib/thumb/v7-m\libc.a(lib_a-memchr-stub.o)
 .debug_frame   0x00003714       0x30 c:/program files (x86)/atmel/studio/7.0/toolchain/arm/arm-gnu-toolchain/bin/../lib/gcc/arm-none-eabi/6.3.1/../../../../arm-none-eabi/lib/thumb/v7-m\libc.a(lib_a-mlock.o)
 .debug_frame   0x00003744      0x260 c:/program files (x86)/atmel/studio/7.0/toolchain/arm/arm-gnu-toolchain/bin/../lib/gcc/arm-none-eabi/6.3.1/../../../../arm-none-eabi/lib/thumb/v7-m\libc.a(lib_a-mprec.o)
 .debug_frame   0x000039a4       0x2c c:/program files (x86)/atmel/studio/7.0/toolchain/arm/arm-gnu-toolchain/bin/../lib/gcc/arm-none-eabi/6.3.1/../../../../arm-none-eabi/lib/thumb/v7-m\libc.a(lib_a-sbrkr.o)
 .debug_frame   0x000039d0       0x78 c:/program files (x86)/atmel/studio/7.0/toolchain/arm/arm-gnu-toolchain/bin/../lib/gcc/arm-none-eabi/6.3.1/../../../../arm-none-eabi/lib/thumb/v7-m\libc.a(lib_a-svfiprintf.o)
 .debug_frame   0x00003a48       0x34 c:/program files (x86)/atmel/studio/7.0/toolchain/arm/arm-gnu-toolchain/bin/../lib/gcc/arm-none-eabi/6.3.1/../../../../arm-none-eabi/lib/thumb/v7-m\libc.a(lib_a-__atexit.o)
 .debug_frame   0x00003a7c       0x28 c:/program files (x86)/atmel/studio/7.0/toolchain/arm/arm-gnu-toolchain/bin/../lib/gcc/arm-none-eabi/6.3.1/../../../../arm-none-eabi/lib/thumb/v7-m\libc.a(lib_a-callocr.o)
 .debug_frame   0x00003aa4       0x74 c:/program files (x86)/atmel/studio/7.0/toolchain/arm/arm-gnu-toolchain/bin/../lib/gcc/arm-none-eabi/6.3.1/../../../../arm-none-eabi/lib/thumb/v7-m\libc.a(lib_a-freer.o)
 .debug_frame   0x00003b18       0x6c c:/program files (x86)/atmel/studio/7.0/toolchain/arm/arm-gnu-toolchain/bin/../lib/gcc/arm-none-eabi/6.3.1/../../../../arm-none-eabi/lib/thumb/v7-m\libc.a(lib_a-locale.o)
 .debug_frame   0x00003b84       0x4c c:/program files (x86)/atmel/studio/7.0/toolchain/arm/arm-gnu-toolchain/bin/../lib/gcc/arm-none-eabi/6.3.1/../../../../arm-none-eabi/lib/thumb/v7-m\libc.a(lib_a-mbtowc_r.o)
 .debug_frame   0x00003bd0       0x30 c:/program files (x86)/atmel/studio/7.0/toolchain/arm/arm-gnu-toolchain/bin/../lib/gcc/arm-none-eabi/6.3.1/../../../../arm-none-eabi/lib/thumb/v7-m\libc.a(lib_a-memmove.o)
 .debug_frame   0x00003c00       0x68 c:/program files (x86)/atmel/studio/7.0/toolchain/arm/arm-gnu-toolchain/bin/../lib/gcc/arm-none-eabi/6.3.1/../../../../arm-none-eabi/lib/thumb/v7-m\libc.a(lib_a-reallocr.o)
 .debug_frame   0x00003c68       0x58 c:/program files (x86)/atmel/studio/7.0/toolchain/arm/arm-gnu-toolchain/bin/../lib/gcc/arm-none-eabi/6.3.1/../../../../arm-none-eabi/lib/thumb/v7-m\libc.a(lib_a-reent.o)
 .debug_frame   0x00003cc0       0x3c c:/program files (x86)/atmel/studio/7.0/toolchain/arm/arm-gnu-toolchain/bin/../lib/gcc/arm-none-eabi/6.3.1/../../../../arm-none-eabi/lib/thumb/v7-m\libc.a(lib_a-wctomb_r.o)
 .debug_frame   0x00003cfc       0x50 c:/program files (x86)/atmel/studio/7.0/toolchain/arm/arm-gnu-toolchain/bin/../lib/gcc/arm-none-eabi/6.3.1/thumb/v7-m\libgcc.a(_arm_muldivdf3.o)
 .debug_frame   0x00003d4c       0xc4 c:/program files (x86)/atmel/studio/7.0/toolchain/arm/arm-gnu-toolchain/bin/../lib/gcc/arm-none-eabi/6.3.1/thumb/v7-m\libgcc.a(_arm_cmpdf2.o)
 .debug_frame   0x00003e10       0x20 c:/program files (x86)/atmel/studio/7.0/toolchain/arm/arm-gnu-toolchain/bin/../lib/gcc/arm-none-eabi/6.3.1/thumb/v7-m\libgcc.a(_arm_unorddf2.o)
 .debug_frame   0x00003e30       0x24 c:/program files (x86)/atmel/studio/7.0/toolchain/arm/arm-gnu-toolchain/bin/../lib/gcc/arm-none-eabi/6.3.1/thumb/v7-m\libgcc.a(_arm_fixdfsi.o)
 .debug_frame   0x00003e54       0x2c c:/program files (x86)/atmel/studio/7.0/toolchain/arm/arm-gnu-toolchain/bin/../lib/gcc/arm-none-eabi/6.3.1/thumb/v7-m\libgcc.a(_aeabi_uldivmod.o)
 .debug_frame   0x00003e80       0x34 c:/program files (x86)/atmel/studio/7.0/toolchain/arm/arm-gnu-toolchain/bin/../lib/gcc/arm-none-eabi/6.3.1/thumb/v7-m\libgcc.a(_udivmoddi4.o)

Cross Reference Table

Symbol                                            File
ADC_Handler                                       src/ASF/sam/utils/cmsis/sam3x/source/templates/exceptions.o
                                                  src/ASF/sam/utils/cmsis/sam3x/source/templates/gcc/startup_sam3x.o
BusFault_Handler                                  src/ASF/sam/utils/cmsis/sam3x/source/templates/exceptions.o
                                                  src/ASF/sam/utils/cmsis/sam3x/source/templates/gcc/startup_sam3x.o
CAN0_Handler                                      src/ASF/sam/utils/cmsis/sam3x/source/templates/exceptions.o
                                                  src/ASF/sam/utils/cmsis/sam3x/source/templates/gcc/startup_sam3x.o
CAN1_Handler                                      src/ASF/sam/utils/cmsis/sam3x/source/templates/exceptions.o
                                                  src/ASF/sam/utils/cmsis/sam3x/source/templates/gcc/startup_sam3x.o
DACC_Handler                                      src/ASF/sam/utils/cmsis/sam3x/source/templates/exceptions.o
                                                  src/ASF/sam/utils/cmsis/sam3x/source/templates/gcc/startup_sam3x.o
DMAC_Handler                                      src/comm.o
                                                  src/ASF/sam/utils/cmsis/sam3x/source/templates/gcc/startup_sam3x.o
DebugMon_Handler                                  src/ASF/sam/utils/cmsis/sam3x/source/templates/exceptions.o
                                                  src/ASF/sam/utils/cmsis/sam3x/source/templates/gcc/startup_sam3x.o
Dummy_Handler                                     src/ASF/sam/utils/cmsis/sam3x/source/templates/exceptions.o