Archive member included to satisfy reference by file (symbol)

c:/program files (x86)/atmel/studio/7.0/toolchain/arm/arm-gnu-toolchain/bin/../lib/gcc/arm-none-eabi/6.3.1/thumb/v7-m\libgcc.a(_arm_addsubdf3.o)
                              src/menu.o (__aeabi_f2d)
c:/program files (x86)/atmel/studio/7.0/toolchain/arm/arm-gnu-toolchain/bin/../lib/gcc/arm-none-eabi/6.3.1/thumb/v7-m\libgcc.a(_arm_muldivdf3.o)
                              src/menu.o (__aeabi_ddiv)
c:/program files (x86)/atmel/studio/7.0/toolchain/arm/arm-gnu-toolchain/bin/../lib/gcc/arm-none-eabi/6.3.1/thumb/v7-m\libgcc.a(_arm_addsubsf3.o)
                              src/pid.o (__aeabi_fsub)
c:/program files (x86)/atmel/studio/7.0/toolchain/arm/arm-gnu-toolchain/bin/../lib/gcc/arm-none-eabi/6.3.1/thumb/v7-m\libgcc.a(_arm_muldivsf3.o)
                              src/pid.o (__aeabi_fmul)
c:/program files (x86)/atmel/studio/7.0/toolchain/arm/arm-gnu-toolchain/bin/../lib/gcc/arm-none-eabi/6.3.1/thumb/v7-m\libgcc.a(_arm_cmpsf2.o)
                              src/pid.o (__aeabi_fcmplt)
c:/program files (x86)/atmel/studio/7.0/toolchain/arm/arm-gnu-toolchain/bin/../lib/gcc/arm-none-eabi/6.3.1/thumb/v7-m\libgcc.a(_arm_fixsfsi.o)
                              src/motor.o (__aeabi_f2iz)
c:/program files (x86)/atmel/studio/7.0/toolchain/arm/arm-gnu-toolchain/bin/../lib/gcc/arm-none-eabi/6.3.1/../../../../arm-none-eabi/lib/thumb/v7-m\libc.a(lib_a-exit.o)
                              c:/program files (x86)/atmel/studio/7.0/toolchain/arm/arm-gnu-toolchain/bin/../lib/gcc/arm-none-eabi/6.3.1/../../../../arm-none-eabi/lib/thumb/v7-m/crt0.o (exit)
c:/program files (x86)/atmel/studio/7.0/toolchain/arm/arm-gnu-toolchain/bin/../lib/gcc/arm-none-eabi/6.3.1/../../../../arm-none-eabi/lib/thumb/v7-m\libc.a(lib_a-impure.o)
                              c:/program files (x86)/atmel/studio/7.0/toolchain/arm/arm-gnu-toolchain/bin/../lib/gcc/arm-none-eabi/6.3.1/../../../../arm-none-eabi/lib/thumb/v7-m\libc.a(lib_a-exit.o) (_global_impure_ptr)
c:/program files (x86)/atmel/studio/7.0/toolchain/arm/arm-gnu-toolchain/bin/../lib/gcc/arm-none-eabi/6.3.1/../../../../arm-none-eabi/lib/thumb/v7-m\libc.a(lib_a-init.o)
                              c:/program files (x86)/atmel/studio/7.0/toolchain/arm/arm-gnu-toolchain/bin/../lib/gcc/arm-none-eabi/6.3.1/../../../../arm-none-eabi/lib/thumb/v7-m/crt0.o (__libc_init_array)
c:/program files (x86)/atmel/studio/7.0/toolchain/arm/arm-gnu-toolchain/bin/../lib/gcc/arm-none-eabi/6.3.1/../../../../arm-none-eabi/lib/thumb/v7-m\libc.a(lib_a-memset.o)
                              c:/program files (x86)/atmel/studio/7.0/toolchain/arm/arm-gnu-toolchain/bin/../lib/gcc/arm-none-eabi/6.3.1/../../../../arm-none-eabi/lib/thumb/v7-m/crt0.o (memset)
c:/program files (x86)/atmel/studio/7.0/toolchain/arm/arm-gnu-toolchain/bin/../lib/gcc/arm-none-eabi/6.3.1/../../../../arm-none-eabi/lib/thumb/v7-m\libc.a(lib_a-sprintf.o)
                              src/lcd.o (sprintf)
c:/program files (x86)/atmel/studio/7.0/toolchain/arm/arm-gnu-toolchain/bin/../lib/gcc/arm-none-eabi/6.3.1/../../../../arm-none-eabi/lib/thumb/v7-m\libc.a(lib_a-strlen-stub.o)
                              src/lcd.o (strlen)
c:/program files (x86)/atmel/studio/7.0/toolchain/arm/arm-gnu-toolchain/bin/../lib/gcc/arm-none-eabi/6.3.1/../../../../arm-none-eabi/lib/thumb/v7-m\libc.a(lib_a-svfprintf.o)
                              c:/program files (x86)/atmel/studio/7.0/toolchain/arm/arm-gnu-toolchain/bin/../lib/gcc/arm-none-eabi/6.3.1/../../../../arm-none-eabi/lib/thumb/v7-m\libc.a(lib_a-sprintf.o) (_svfprintf_r)
c:/program files (x86)/atmel/studio/7.0/toolchain/arm/arm-gnu-toolchain/bin/../lib/gcc/arm-none-eabi/6.3.1/../../../../arm-none-eabi/lib/thumb/v7-m\libc.a(lib_a-__call_atexit.o)
                              c:/program files (x86)/atmel/studio/7.0/toolchain/arm/arm-gnu-toolchain/bin/../lib/gcc/arm-none-eabi/6.3.1/../../../../arm-none-eabi/lib/thumb/v7-m\libc.a(lib_a-exit.o) (__call_exitprocs)
c:/program files (x86)/atmel/studio/7.0/toolchain/arm/arm-gnu-toolchain/bin/../lib/gcc/arm-none-eabi/6.3.1/../../../../arm-none-eabi/lib/thumb/v7-m\libc.a(lib_a-atexit.o)
                              c:/program files (x86)/atmel/studio/7.0/toolchain/arm/arm-gnu-toolchain/bin/../lib/gcc/arm-none-eabi/6.3.1/../../../../arm-none-eabi/lib/thumb/v7-m\libc.a(lib_a-__call_atexit.o) (atexit)
c:/program files (x86)/atmel/studio/7.0/toolchain/arm/arm-gnu-toolchain/bin/../lib/gcc/arm-none-eabi/6.3.1/../../../../arm-none-eabi/lib/thumb/v7-m\libc.a(lib_a-dtoa.o)
                              c:/program files (x86)/atmel/studio/7.0/toolchain/arm/arm-gnu-toolchain/bin/../lib/gcc/arm-none-eabi/6.3.1/../../../../arm-none-eabi/lib/thumb/v7-m\libc.a(lib_a-svfprintf.o) (_dtoa_r)
c:/program files (x86)/atmel/studio/7.0/toolchain/arm/arm-gnu-toolchain/bin/../lib/gcc/arm-none-eabi/6.3.1/../../../../arm-none-eabi/lib/thumb/v7-m\libc.a(lib_a-fini.o)
[...]
Memory Configuration

Name             Origin             Length             Attributes
rom              0x00080000         0x00080000         xr
sram0            0x20000000         0x00010000         xrw
sram1            0x20080000         0x00008000         xrw
ram              0x20070000         0x00018000         xrw
*default*        0x00000000         0xffffffff

Linker script and memory map

LOAD c:/program files (x86)/atmel/studio/7.0/toolchain/arm/arm-gnu-toolchain/bin/../lib/gcc/arm-none-eabi/6.3.1/thumb/v7-m/crti.o
LOAD c:/program files (x86)/atmel/studio/7.0/toolchain/arm/arm-gnu-toolchain/bin/../lib/gcc/arm-none-eabi/6.3.1/thumb/v7-m/crtbegin.o
LOAD c:/program files (x86)/atmel/studio/7.0/toolchain/arm/arm-gnu-toolchain/bin/../lib/gcc/arm-none-eabi/6.3.1/../../../../arm-none-eabi/lib/thumb/v7-m/crt0.o
LOAD src/ASF/common/services/spi/sam_spi/spi_master.o
LOAD src/ASF/common/services/spi/sam_usart_spi/usart_spi.o
LOAD src/ASF/sam/drivers/pdc/pdc.o
LOAD src/ASF/sam/drivers/pwm/pwm.o
LOAD src/ASF/sam/drivers/spi/spi.o
LOAD src/ASF/sam/drivers/tc/tc.o
LOAD src/ASF/sam/drivers/usart/usart.o
LOAD src/comm.o
LOAD src/ASF/sam/drivers/twi/twi.o
LOAD src/compass.o
LOAD src/lcd.o
LOAD src/menu.o
LOAD src/motor.o
LOAD src/pid.o
LOAD src/timing.o
LOAD src/ASF/common/services/clock/sam3x/sysclk.o
LOAD src/ASF/sam/drivers/dmac/dmac.o
LOAD src/ASF/sam/drivers/pmc/pmc.o
LOAD src/ASF/sam/drivers/pmc/sleep.o
LOAD src/ASF/common/boards/user_board/init.o
LOAD src/ASF/common/utils/interrupt/interrupt_sam_nvic.o
LOAD src/ASF/sam/utils/cmsis/sam3x/source/templates/exceptions.o
LOAD src/ASF/sam/utils/cmsis/sam3x/source/templates/gcc/startup_sam3x.o
LOAD src/ASF/sam/utils/cmsis/sam3x/source/templates/system_sam3x.o
LOAD src/ASF/sam/utils/syscalls/gcc/syscalls.o
LOAD src/main.o
START GROUP
LOAD ../src/ASF/thirdparty/CMSIS/Lib/GCC\libarm_cortexM3l_math.a
LOAD c:/program files (x86)/atmel/studio/7.0/toolchain/arm/arm-gnu-toolchain/bin/../lib/gcc/arm-none-eabi/6.3.1/../../../../arm-none-eabi/lib/thumb/v7-m\libm.a
END GROUP
START GROUP
LOAD c:/program files (x86)/atmel/studio/7.0/toolchain/arm/arm-gnu-toolchain/bin/../lib/gcc/arm-none-eabi/6.3.1/thumb/v7-m\libgcc.a
LOAD c:/program files (x86)/atmel/studio/7.0/toolchain/arm/arm-gnu-toolchain/bin/../lib/gcc/arm-none-eabi/6.3.1/../../../../arm-none-eabi/lib/thumb/v7-m\libc.a
END GROUP
LOAD c:/program files (x86)/atmel/studio/7.0/toolchain/arm/arm-gnu-toolchain/bin/../lib/gcc/arm-none-eabi/6.3.1/thumb/v7-m/crtend.o
LOAD c:/program files (x86)/atmel/studio/7.0/toolchain/arm/arm-gnu-toolchain/bin/../lib/gcc/arm-none-eabi/6.3.1/thumb/v7-m/crtn.o
                0x00002000                __stack_size__ = DEFINED (__stack_size__)?__stack_size__:0x2000
                0x20087ffc                __ram_end__ = ((ORIGIN (ram) + LENGTH (ram)) - 0x4)

.text           0x00080000     0x9e0c
                0x00080000                . = ALIGN (0x4)
                0x00080000                _sfixed = .
 *(.vectors .vectors.*)
 .vectors       0x00080000       0xf4 src/ASF/sam/utils/cmsis/sam3x/source/templates/gcc/startup_sam3x.o
                0x00080000                exception_table
 *(.text .text.* .gnu.linkonce.t.*)
 .text          0x000800f4       0x6c c:/program files (x86)/atmel/studio/7.0/toolchain/arm/arm-gnu-toolchain/bin/../lib/gcc/arm-none-eabi/6.3.1/thumb/v7-m/crtbegin.o
 .text.usart_spi_enable
                0x00080160       0x24 src/ASF/common/services/spi/sam_usart_spi/usart_spi.o
                0x00080160                usart_spi_enable
 .text.usart_spi_disable
                0x00080184       0x24 src/ASF/common/services/spi/sam_usart_spi/usart_spi.o
                0x00080184                usart_spi_disable
 .text.pdc_tx_init
                0x000801a8       0x42 src/ASF/sam/drivers/pdc/pdc.o
                0x000801a8                pdc_tx_init
 .text.pdc_rx_init
                0x000801ea       0x42 src/ASF/sam/drivers/pdc/pdc.o
                0x000801ea                pdc_rx_init
 .text.pdc_enable_transfer
                0x0008022c       0x20 src/ASF/sam/drivers/pdc/pdc.o
                0x0008022c                pdc_enable_transfer
 .text.pdc_disable_transfer
                0x0008024c       0x20 src/ASF/sam/drivers/pdc/pdc.o
                0x0008024c                pdc_disable_transfer
 .text.pwm_clocks_generate
                0x0008026c       0x7c src/ASF/sam/drivers/pwm/pwm.o
 .text.pwm_init
                0x000802e8       0x80 src/ASF/sam/drivers/pwm/pwm.o
                0x000802e8                pwm_init
 .text.pwm_channel_init
                0x00080368      0x246 src/ASF/sam/drivers/pwm/pwm.o
                0x00080368                pwm_channel_init
 .text.pwm_channel_update_duty
                0x000805ae       0x44 src/ASF/sam/drivers/pwm/pwm.o
                0x000805ae                pwm_channel_update_duty
 .text.pwm_channel_enable
                0x000805f2       0x22 src/ASF/sam/drivers/pwm/pwm.o
                0x000805f2                pwm_channel_enable
 .text.pwm_channel_disable
                0x00080614       0x22 src/ASF/sam/drivers/pwm/pwm.o
                0x00080614                pwm_channel_disable
 .text.spi_set_peripheral_chip_select_value
                0x00080636       0x32 src/ASF/sam/drivers/spi/spi.o
                0x00080636                spi_set_peripheral_chip_select_value
 .text.spi_set_clock_polarity
                0x00080668       0x4e src/ASF/sam/drivers/spi/spi.o
                0x00080668                spi_set_clock_polarity
 .text.spi_set_clock_phase
                0x000806b6       0x4e src/ASF/sam/drivers/spi/spi.o
                0x000806b6                spi_set_clock_phase
 .text.spi_set_bits_per_transfer
                0x00080704       0x48 src/ASF/sam/drivers/spi/spi.o
                0x00080704                spi_set_bits_per_transfer
 .text.tc_init  0x0008074c       0x38 src/ASF/sam/drivers/tc/tc.o
                0x0008074c                tc_init
 .text.tc_start
                0x00080784       0x20 src/ASF/sam/drivers/tc/tc.o
                0x00080784                tc_start
 .text.tc_write_rc
                0x000807a4       0x24 src/ASF/sam/drivers/tc/tc.o
                0x000807a4                tc_write_rc
 .text.tc_enable_interrupt
                0x000807c8       0x26 src/ASF/sam/drivers/tc/tc.o
                0x000807c8                tc_enable_interrupt
 .text.tc_get_status
                0x000807ee       0x22 src/ASF/sam/drivers/tc/tc.o
                0x000807ee                tc_get_status
 .text.usart_set_spi_master_baudrate
                0x00080810       0x40 src/ASF/sam/drivers/usart/usart.o
 .text.usart_reset
                0x00080850       0x54 src/ASF/sam/drivers/usart/usart.o
                0x00080850                usart_reset
 .text.usart_init_spi_master
                0x000808a4      0x110 src/ASF/sam/drivers/usart/usart.o
                0x000808a4                usart_init_spi_master
 .text.usart_enable_tx
                0x000809b4       0x18 src/ASF/sam/drivers/usart/usart.o
                0x000809b4                usart_enable_tx
 .text.usart_disable_tx
                0x000809cc       0x18 src/ASF/sam/drivers/usart/usart.o
                0x000809cc                usart_disable_tx
 .text.usart_reset_tx
                0x000809e4       0x18 src/ASF/sam/drivers/usart/usart.o
                0x000809e4                usart_reset_tx
 .text.usart_enable_rx
                0x000809fc       0x18 src/ASF/sam/drivers/usart/usart.o
                0x000809fc                usart_enable_rx
 .text.usart_disable_rx
                0x00080a14       0x18 src/ASF/sam/drivers/usart/usart.o
                0x00080a14                usart_disable_rx
 .text.usart_reset_rx
                0x00080a2c       0x18 src/ASF/sam/drivers/usart/usart.o
                0x00080a2c                usart_reset_rx
 .text.usart_reset_status
                0x00080a44       0x1a src/ASF/sam/drivers/usart/usart.o
                0x00080a44                usart_reset_status
 .text.usart_drive_RTS_pin_high
                0x00080a5e       0x1a src/ASF/sam/drivers/usart/usart.o
                0x00080a5e                usart_drive_RTS_pin_high
 .text.usart_spi_force_chip_select
                0x00080a78       0x1a src/ASF/sam/drivers/usart/usart.o
                0x00080a78                usart_spi_force_chip_select
 .text.usart_spi_release_chip_select
                0x00080a92       0x1a src/ASF/sam/drivers/usart/usart.o
                0x00080a92                usart_spi_release_chip_select
 .text.usart_disable_writeprotect
                0x00080aac       0x20 src/ASF/sam/drivers/usart/usart.o
                0x00080aac                usart_disable_writeprotect
 .text.NVIC_EnableIRQ
                0x00080acc       0x30 src/comm.o
 .text.osc_get_rate
                0x00080afc       0x74 src/comm.o
 .text.sysclk_get_main_hz
                0x00080b70       0x1c src/comm.o
 .text.sysclk_get_peripheral_hz
                0x00080b8c       0x14 src/comm.o
 .text.spi_reset
                0x00080ba0       0x18 src/comm.o
 .text.spi_enable
                0x00080bb8       0x18 src/comm.o
 .text.spi_disable
                0x00080bd0       0x18 src/comm.o
 .text.spi_set_slave_mode
                0x00080be8       0x1e src/comm.o
 .text.spi_disable_mode_fault_detect
                0x00080c06       0x1e src/comm.o
 .text.spi_init
                0x00080c24       0x20 src/comm.o
                0x00080c24                spi_init
 .text.spi_master_initialize
                0x00080c44       0x70 src/comm.o
                0x00080c44                spi_master_initialize
 .text.spi_slave_initialize
                0x00080cb4       0xb4 src/comm.o
                0x00080cb4                spi_slave_initialize
 .text.spi_master_transfer
                0x00080d68       0xa4 src/comm.o
                0x00080d68                spi_master_transfer
 .text.spi_slave_transfer
                0x00080e0c       0x98 src/comm.o
                0x00080e0c                spi_slave_transfer
 .text.configure_dmac
                0x00080ea4       0xc8 src/comm.o
                0x00080ea4                configure_dmac
 .text.DMAC_Handler
                0x00080f6c       0x78 src/comm.o
                0x00080f6c                DMAC_Handler
 .text.PrepareValuesToSend
                0x00080fe4       0x40 src/comm.o
                0x00080fe4                PrepareValuesToSend
 .text.NVIC_EnableIRQ
                0x00081024       0x30 src/ASF/sam/drivers/twi/twi.o
 .text.NVIC_ClearPendingIRQ
                0x00081054       0x34 src/ASF/sam/drivers/twi/twi.o
 .text.twi_enable_master_mode
                0x00081088       0x24 src/ASF/sam/drivers/twi/twi.o
                0x00081088                twi_enable_master_mode
 .text.twi_master_init
                0x000810ac       0x8c src/ASF/sam/drivers/twi/twi.o
                0x000810ac                twi_master_init
 .text.twi_set_speed
                0x00081138       0xf4 src/ASF/sam/drivers/twi/twi.o
                0x00081138                twi_set_speed
 .text.twi_mk_addr
                0x0008122c       0x5a src/ASF/sam/drivers/twi/twi.o
                0x0008122c                twi_mk_addr
 *fill*         0x00081286        0x2 
 .text.twi_is_busy
                0x00081288       0x14 src/ASF/sam/drivers/twi/twi.o
                0x00081288                twi_is_busy
 .text.twi_get_tx_packet
                0x0008129c       0x14 src/ASF/sam/drivers/twi/twi.o
                0x0008129c                twi_get_tx_packet
 .text.twi_get_rx_packet
                0x000812b0       0x14 src/ASF/sam/drivers/twi/twi.o
                0x000812b0                twi_get_rx_packet
 .text.twi_pdc_master_read
                0x000812c4       0xd8 src/ASF/sam/drivers/twi/twi.o
                0x000812c4                twi_pdc_master_read
 .text.twi_pdc_master_write
                0x0008139c       0xc4 src/ASF/sam/drivers/twi/twi.o
                0x0008139c                twi_pdc_master_write
 .text.twi_set_compass_rx_callback
                0x00081460       0x1c src/ASF/sam/drivers/twi/twi.o
                0x00081460                twi_set_compass_rx_callback
 .text.twi_set_compass_tx_callback
                0x0008147c       0x1c src/ASF/sam/drivers/twi/twi.o
                0x0008147c                twi_set_compass_tx_callback
 .text.twi_set_lcd_tx_callback
                0x00081498       0x1c src/ASF/sam/drivers/twi/twi.o
                0x00081498                twi_set_lcd_tx_callback
 .text.TWI0_Handler
                0x000814b4      0x1b0 src/ASF/sam/drivers/twi/twi.o
                0x000814b4                TWI0_Handler
 .text.twi_enable_interrupt
                0x00081664       0x1a src/ASF/sam/drivers/twi/twi.o
                0x00081664                twi_enable_interrupt
 .text.twi_disable_interrupt
                0x0008167e       0x1e src/ASF/sam/drivers/twi/twi.o
                0x0008167e                twi_disable_interrupt
 .text.twi_get_interrupt_status
                0x0008169c       0x16 src/ASF/sam/drivers/twi/twi.o
                0x0008169c                twi_get_interrupt_status
 .text.twi_get_interrupt_mask
                0x000816b2       0x16 src/ASF/sam/drivers/twi/twi.o
                0x000816b2                twi_get_interrupt_mask
 .text.twi_read_byte
                0x000816c8       0x18 src/ASF/sam/drivers/twi/twi.o
                0x000816c8                twi_read_byte
 .text.twi_reset
                0x000816e0       0x1c src/ASF/sam/drivers/twi/twi.o
                0x000816e0                twi_reset
 .text.compass_init
                0x000816fc       0x4c src/compass.o
                0x000816fc                compass_init
 .text.update_compass
                0x00081748       0x90 src/compass.o
                0x00081748                update_compass
 .text.set_compass_is_busy
                0x000817d8       0x18 src/compass.o
                0x000817d8                set_compass_is_busy
 .text.compass_is_busy
                0x000817f0       0x14 src/compass.o
                0x000817f0                compass_is_busy
 .text.compass_callback
                0x00081804       0x18 src/compass.o
 .text.osc_get_rate
                0x0008181c       0x74 src/lcd.o
 .text.sysclk_get_main_hz
                0x00081890       0x1c src/lcd.o
 .text.sysclk_get_peripheral_hz
                0x000818ac       0x14 src/lcd.o
 .text.sysclk_enable_peripheral_clock
                0x000818c0       0x1c src/lcd.o
 .text.twi_master_setup
                0x000818dc       0x60 src/lcd.o
 .text.lcd_init
                0x0008193c       0xb0 src/lcd.o
                0x0008193c                lcd_init
 .text.lcd_set_backlight
                0x000819ec       0x20 src/lcd.o
                0x000819ec                lcd_set_backlight
 .text.lcd_clear
                0x00081a0c       0x20 src/lcd.o
                0x00081a0c                lcd_clear
 .text.lcd_print_s
                0x00081a2c      0x220 src/lcd.o
                0x00081a2c                lcd_print_s
 .text.lcd_is_busy
                0x00081c4c       0x14 src/lcd.o
                0x00081c4c                lcd_is_busy
 .text.send_nibble
                0x00081c60      0x110 src/lcd.o
 .text.send_byte
                0x00081d70      0x140 src/lcd.o
 .text.lcd_callback
                0x00081eb0       0x18 src/lcd.o
 .text.ioport_set_pin_level
                0x00081ec8       0x6a src/menu.o
 .text.ioport_get_pin_level
                0x00081f32       0x4e src/menu.o
 .text.menu     0x00081f80       0xd8 src/menu.o
                0x00081f80                menu
 .text.menu_main
                0x00082058      0x128 src/menu.o
 .text.menu_match
                0x00082180       0x30 src/menu.o
 .text.menu_sensors
                0x000821b0      0x124 src/menu.o
 .text.menu_ball
                0x000822d4       0xc8 src/menu.o
 .text.menu_compass
                0x0008239c       0xd4 src/menu.o
 .text.menu_compass_calibration
                0x00082470      0x100 src/menu.o
 .text.menu_line
                0x00082570       0x30 src/menu.o
 .text.menu_line_calibration
                0x000825a0       0x30 src/menu.o
 .text.menu_settings
                0x000825d0      0x124 src/menu.o
 .text.menu_shutdown
                0x000826f4      0x110 src/menu.o
 .text.print_menu_main
                0x00082804       0x70 src/menu.o
 .text.print_menu_sensors
                0x00082874       0x68 src/menu.o
 .text.print_menu_settings
                0x000828dc       0x68 src/menu.o
 .text.print_cursor
                0x00082944       0x40 src/menu.o
 .text.button_events
                0x00082984      0x21c src/menu.o
                0x00082984                button_events
 .text.NVIC_EnableIRQ
                0x00082ba0       0x30 src/motor.o
 .text.NVIC_DisableIRQ
                0x00082bd0       0x34 src/motor.o
 .text.NVIC_ClearPendingIRQ
                0x00082c04       0x34 src/motor.o
 .text.NVIC_SetPriority
                0x00082c38       0x54 src/motor.o
 .text.sysclk_enable_peripheral_clock
                0x00082c8c       0x1c src/motor.o
 .text.ioport_set_pin_level
                0x00082ca8       0x6a src/motor.o
 .text.ioport_get_port_level
                0x00082d12       0x34 src/motor.o
 *fill*         0x00082d46        0x2 
 .text.motor_init
                0x00082d48      0x1e8 src/motor.o
                0x00082d48                motor_init
 .text.enable_motor
                0x00082f30       0x50 src/motor.o
                0x00082f30                enable_motor
 .text.motor_speed
                0x00082f80       0xa8 src/motor.o
                0x00082f80                motor_speed
 .text.TC1_Handler
                0x00083028      0x190 src/motor.o
                0x00083028                TC1_Handler
 .text.pidReg   0x000831b8      0x114 src/pid.o
                0x000831b8                pidReg
 .text.ioport_set_pin_level
                0x000832cc       0x6a src/timing.o
 *fill*         0x00083336        0x2 
 .text.SysTick_Handler
                0x00083338       0x1c src/timing.o
                0x00083338                SysTick_Handler
 .text.getTicks
                0x00083354       0x14 src/timing.o
                0x00083354                getTicks
 .text.mdelay   0x00083368       0x2c src/timing.o
                0x00083368                mdelay
 .text.update_comm
                0x00083394       0x48 src/timing.o
                0x00083394                update_comm
 .text.update_battery
                0x000833dc       0xac src/timing.o
                0x000833dc                update_battery
 .text.update_heartbeat
                0x00083488       0x9c src/timing.o
                0x00083488                update_heartbeat
 .text.osc_enable
                0x00083524       0x88 src/ASF/common/services/clock/sam3x/sysclk.o
 .text.osc_is_ready
                0x000835ac       0x70 src/ASF/common/services/clock/sam3x/sysclk.o
 .text.osc_get_rate
                0x0008361c       0x74 src/ASF/common/services/clock/sam3x/sysclk.o
 .text.osc_wait_ready
                0x00083690       0x2c src/ASF/common/services/clock/sam3x/sysclk.o
 .text.pll_config_init
                0x000836bc       0x6c src/ASF/common/services/clock/sam3x/sysclk.o
 .text.pll_enable
                0x00083728       0x40 src/ASF/common/services/clock/sam3x/sysclk.o
 .text.pll_is_locked
                0x00083768       0x2c src/ASF/common/services/clock/sam3x/sysclk.o
 .text.pll_enable_source
                0x00083794       0x38 src/ASF/common/services/clock/sam3x/sysclk.o
 .text.pll_wait_for_lock
                0x000837cc       0x24 src/ASF/common/services/clock/sam3x/sysclk.o
 .text.sysclk_get_main_hz
                0x000837f0       0x1c src/ASF/common/services/clock/sam3x/sysclk.o
 .text.sysclk_get_cpu_hz
                0x0008380c       0x14 src/ASF/common/services/clock/sam3x/sysclk.o
 .text.sysclk_init
                0x00083820       0x70 src/ASF/common/services/clock/sam3x/sysclk.o
                0x00083820                sysclk_init
 .text.dmac_init
                0x00083890       0x1c src/ASF/sam/drivers/dmac/dmac.o
                0x00083890                dmac_init
 .text.dmac_set_priority_mode
                0x000838ac       0x26 src/ASF/sam/drivers/dmac/dmac.o
                0x000838ac                dmac_set_priority_mode
 .text.dmac_enable
                0x000838d2       0x18 src/ASF/sam/drivers/dmac/dmac.o
                0x000838d2                dmac_enable
 .text.dmac_disable
                0x000838ea       0x1e src/ASF/sam/drivers/dmac/dmac.o
                0x000838ea                dmac_disable
 .text.dmac_enable_interrupt
                0x00083908       0x1a src/ASF/sam/drivers/dmac/dmac.o
                0x00083908                dmac_enable_interrupt
 .text.dmac_get_status
                0x00083922       0x16 src/ASF/sam/drivers/dmac/dmac.o
                0x00083922                dmac_get_status
 .text.dmac_channel_enable
                0x00083938       0x1e src/ASF/sam/drivers/dmac/dmac.o
                0x00083938                dmac_channel_enable
 .text.dmac_channel_disable
                0x00083956       0x1e src/ASF/sam/drivers/dmac/dmac.o
                0x00083956                dmac_channel_disable
 .text.dmac_channel_set_source_addr
                0x00083974       0x2a src/ASF/sam/drivers/dmac/dmac.o
                0x00083974                dmac_channel_set_source_addr
 .text.dmac_channel_set_destination_addr
                0x0008399e       0x2a src/ASF/sam/drivers/dmac/dmac.o
                0x0008399e                dmac_channel_set_destination_addr
 .text.dmac_channel_set_descriptor_addr
                0x000839c8       0x2a src/ASF/sam/drivers/dmac/dmac.o
                0x000839c8                dmac_channel_set_descriptor_addr
 .text.dmac_channel_set_ctrlA
                0x000839f2       0x2a src/ASF/sam/drivers/dmac/dmac.o
                0x000839f2                dmac_channel_set_ctrlA
 .text.dmac_channel_set_ctrlB
                0x00083a1c       0x2a src/ASF/sam/drivers/dmac/dmac.o
                0x00083a1c                dmac_channel_set_ctrlB
 .text.dmac_channel_set_configuration
                0x00083a46       0x2a src/ASF/sam/drivers/dmac/dmac.o
                0x00083a46                dmac_channel_set_configuration
 .text.dmac_channel_single_buf_transfer_init
                0x00083a70       0x70 src/ASF/sam/drivers/dmac/dmac.o
                0x00083a70                dmac_channel_single_buf_transfer_init
 .text.pmc_switch_mck_to_pllack
                0x00083ae0       0x80 src/ASF/sam/drivers/pmc/pmc.o
                0x00083ae0                pmc_switch_mck_to_pllack
 .text.pmc_switch_sclk_to_32kxtal
                0x00083b60       0x38 src/ASF/sam/drivers/pmc/pmc.o
                0x00083b60                pmc_switch_sclk_to_32kxtal
 .text.pmc_osc_is_ready_32kxtal
                0x00083b98       0x34 src/ASF/sam/drivers/pmc/pmc.o
                0x00083b98                pmc_osc_is_ready_32kxtal
 .text.pmc_switch_mainck_to_fastrc
                0x00083bcc       0x70 src/ASF/sam/drivers/pmc/pmc.o
                0x00083bcc                pmc_switch_mainck_to_fastrc
 .text.pmc_switch_mainck_to_xtal
                0x00083c3c       0x78 src/ASF/sam/drivers/pmc/pmc.o
                0x00083c3c                pmc_switch_mainck_to_xtal
 .text.pmc_osc_is_ready_mainck
                0x00083cb4       0x18 src/ASF/sam/drivers/pmc/pmc.o
                0x00083cb4                pmc_osc_is_ready_mainck
 .text.pmc_disable_pllack
                0x00083ccc       0x18 src/ASF/sam/drivers/pmc/pmc.o
                0x00083ccc                pmc_disable_pllack
 .text.pmc_is_locked_pllack
                0x00083ce4       0x18 src/ASF/sam/drivers/pmc/pmc.o
                0x00083ce4                pmc_is_locked_pllack
 .text.pmc_is_locked_upll
                0x00083cfc       0x18 src/ASF/sam/drivers/pmc/pmc.o
                0x00083cfc                pmc_is_locked_upll
 .text.pmc_enable_periph_clk
                0x00083d14       0x80 src/ASF/sam/drivers/pmc/pmc.o
                0x00083d14                pmc_enable_periph_clk
 .text.osc_get_rate
                0x00083d94       0x74 src/ASF/common/boards/user_board/init.o
 .text.sysclk_get_main_hz
                0x00083e08       0x1c src/ASF/common/boards/user_board/init.o
 .text.sysclk_get_cpu_hz
                0x00083e24       0x14 src/ASF/common/boards/user_board/init.o
 .text.sysclk_enable_peripheral_clock
                0x00083e38       0x1c src/ASF/common/boards/user_board/init.o
 .text.ioport_init
                0x00083e54       0x24 src/ASF/common/boards/user_board/init.o
 .text.ioport_disable_pin
                0x00083e78       0x48 src/ASF/common/boards/user_board/init.o
 .text.ioport_set_pin_mode
                0x00083ec0       0xd8 src/ASF/common/boards/user_board/init.o
 .text.ioport_set_pin_dir
                0x00083f98       0x86 src/ASF/common/boards/user_board/init.o
 .text.ioport_set_pin_level
                0x0008401e       0x6a src/ASF/common/boards/user_board/init.o
 .text.board_init
                0x00084088      0x370 src/ASF/common/boards/user_board/init.o
                0x00084088                board_init
 .text.Dummy_Handler
                0x000843f8        0x6 src/ASF/sam/utils/cmsis/sam3x/source/templates/exceptions.o
                0x000843f8                DACC_Handler
                0x000843f8                DebugMon_Handler
                0x000843f8                TRNG_Handler
                0x000843f8                HardFault_Handler
                0x000843f8                TC2_Handler
                0x000843f8                USART3_Handler
                0x000843f8                TWI1_Handler
                0x000843f8                PendSV_Handler
                0x000843f8                NMI_Handler
                0x000843f8                TC7_Handler
                0x000843f8                ADC_Handler
                0x000843f8                SMC_Handler
                0x000843f8                USART0_Handler
                0x000843f8                RTT_Handler
                0x000843f8                EFC1_Handler
                0x000843f8                PIOB_Handler
                0x000843f8                RTC_Handler
                0x000843f8                UsageFault_Handler
                0x000843f8                TC6_Handler
                0x000843f8                WDT_Handler
                0x000843f8                CAN0_Handler
                0x000843f8                TC4_Handler
                0x000843f8                HSMCI_Handler
                0x000843f8                TC3_Handler
                0x000843f8                Dummy_Handler
                0x000843f8                USART1_Handler
                0x000843f8                PIOA_Handler
                0x000843f8                SSC_Handler
                0x000843f8                EFC0_Handler
                0x000843f8                PMC_Handler
                0x000843f8                PWM_Handler
                0x000843f8                CAN1_Handler
                0x000843f8                MemManage_Handler
                0x000843f8                SUPC_Handler
                0x000843f8                SVC_Handler
                0x000843f8                TC8_Handler
                0x000843f8                USART2_Handler
                0x000843f8                PIOD_Handler
                0x000843f8                EMAC_Handler
                0x000843f8                UART_Handler
                0x000843f8                PIOC_Handler
                0x000843f8                BusFault_Handler
                0x000843f8                RSTC_Handler
                0x000843f8                TC0_Handler
                0x000843f8                TC5_Handler
                0x000843f8                UOTGHS_Handler
                0x000843f8                SPI0_Handler
 *fill*         0x000843fe        0x2 
 .text.Reset_Handler
                0x00084400       0xa8 src/ASF/sam/utils/cmsis/sam3x/source/templates/gcc/startup_sam3x.o
                0x00084400                Reset_Handler
 .text.SystemCoreClockUpdate
                0x000844a8      0x180 src/ASF/sam/utils/cmsis/sam3x/source/templates/system_sam3x.o
                0x000844a8                SystemCoreClockUpdate
 .text._sbrk    0x00084628       0x58 src/ASF/sam/utils/syscalls/gcc/syscalls.o
                0x00084628                _sbrk
 .text.NVIC_SetPriority
                0x00084680       0x54 src/main.o
 .text.SysTick_Config
                0x000846d4       0x48 src/main.o
 .text.osc_get_rate
                0x0008471c       0x74 src/main.o
 .text.sysclk_get_main_hz
                0x00084790       0x1c src/main.o
 .text.sysclk_get_cpu_hz
                0x000847ac       0x14 src/main.o
 .text.ioport_set_pin_level
                0x000847c0       0x6a src/main.o
 .text.ioport_get_pin_level
                0x0008482a       0x4e src/main.o
 .text.main     0x00084878       0xc0 src/main.o
                0x00084878                main
 .text.noOS_bootup_sequence
                0x00084938      0x1b4 src/main.o
                0x00084938                noOS_bootup_sequence
 .text.set_led  0x00084aec       0x44 src/main.o
                0x00084aec                set_led
 .text          0x00084b30      0x370 c:/program files (x86)/atmel/studio/7.0/toolchain/arm/arm-gnu-toolchain/bin/../lib/gcc/arm-none-eabi/6.3.1/thumb/v7-m\libgcc.a(_arm_addsubdf3.o)
                0x00084b30                __aeabi_drsub
                0x00084b38                __aeabi_dsub
                0x00084b38                __subdf3
                0x00084b3c                __aeabi_dadd
                0x00084b3c                __adddf3
                0x00084db4                __floatunsidf
                0x00084db4                __aeabi_ui2d
                0x00084dd4                __floatsidf
                0x00084dd4                __aeabi_i2d
                0x00084df8                __aeabi_f2d
                0x00084df8                __extendsfdf2
                0x00084e34                __floatundidf
                0x00084e34                __aeabi_ul2d
                0x00084e44                __floatdidf
                0x00084e44                __aeabi_l2d
 .text          0x00084ea0      0x424 c:/program files (x86)/atmel/studio/7.0/toolchain/arm/arm-gnu-toolchain/bin/../lib/gcc/arm-none-eabi/6.3.1/thumb/v7-m\libgcc.a(_arm_muldivdf3.o)
                0x00084ea0                __aeabi_dmul
                0x00084ea0                __muldf3
                0x000850f4                __divdf3
                0x000850f4                __aeabi_ddiv
 .text          0x000852c4      0x21c c:/program files (x86)/atmel/studio/7.0/toolchain/arm/arm-gnu-toolchain/bin/../lib/gcc/arm-none-eabi/6.3.1/thumb/v7-m\libgcc.a(_arm_addsubsf3.o)
                0x000852c4                __aeabi_frsub
                0x000852cc                __subsf3
                0x000852cc                __aeabi_fsub
                0x000852d0                __aeabi_fadd
                0x000852d0                __addsf3
                0x00085430                __aeabi_ui2f
                0x00085430                __floatunsisf
                0x00085438                __aeabi_i2f
                0x00085438                __floatsisf
                0x00085454                __aeabi_ul2f
                0x00085454                __floatundisf
                0x00085464                __aeabi_l2f
                0x00085464                __floatdisf
 .text          0x000854e0      0x2a0 c:/program files (x86)/atmel/studio/7.0/toolchain/arm/arm-gnu-toolchain/bin/../lib/gcc/arm-none-eabi/6.3.1/thumb/v7-m\libgcc.a(_arm_muldivsf3.o)
                0x000854e0                __mulsf3
                0x000854e0                __aeabi_fmul
                0x00085648                __aeabi_fdiv
                0x00085648                __divsf3
 .text          0x00085780       0xec c:/program files (x86)/atmel/studio/7.0/toolchain/arm/arm-gnu-toolchain/bin/../lib/gcc/arm-none-eabi/6.3.1/thumb/v7-m\libgcc.a(_arm_cmpsf2.o)
                0x00085780                __gesf2
                0x00085780                __gtsf2
                0x00085788                __lesf2
                0x00085788                __ltsf2
                0x00085790                __nesf2
                0x00085790                __eqsf2
                0x00085790                __cmpsf2
                0x000857f0                __aeabi_cfrcmple
                0x000857f8                __aeabi_cfcmpeq
                0x000857f8                __aeabi_cfcmple
                0x00085808                __aeabi_fcmpeq
                0x0008581c                __aeabi_fcmplt
                0x00085830                __aeabi_fcmple
                0x00085844                __aeabi_fcmpge
                0x00085858                __aeabi_fcmpgt
 .text          0x0008586c       0x4c c:/program files (x86)/atmel/studio/7.0/toolchain/arm/arm-gnu-toolchain/bin/../lib/gcc/arm-none-eabi/6.3.1/thumb/v7-m\libgcc.a(_arm_fixsfsi.o)
                0x0008586c                __aeabi_f2iz
                0x0008586c                __fixsfsi
 .text.__libc_init_array
                0x000858b8       0x50 c:/program files (x86)/atmel/studio/7.0/toolchain/arm/arm-gnu-toolchain/bin/../lib/gcc/arm-none-eabi/6.3.1/../../../../arm-none-eabi/lib/thumb/v7-m\libc.a(lib_a-init.o)
                0x000858b8                __libc_init_array
 .text.memset   0x00085908       0x9c c:/program files (x86)/atmel/studio/7.0/toolchain/arm/arm-gnu-toolchain/bin/../lib/gcc/arm-none-eabi/6.3.1/../../../../arm-none-eabi/lib/thumb/v7-m\libc.a(lib_a-memset.o)
                0x00085908                memset
 .text.sprintf  0x000859a4       0x4c c:/program files (x86)/atmel/studio/7.0/toolchain/arm/arm-gnu-toolchain/bin/../lib/gcc/arm-none-eabi/6.3.1/../../../../arm-none-eabi/lib/thumb/v7-m\libc.a(lib_a-sprintf.o)
                0x000859a4                sprintf
 .text.strlen   0x000859f0       0x5c c:/program files (x86)/atmel/studio/7.0/toolchain/arm/arm-gnu-toolchain/bin/../lib/gcc/arm-none-eabi/6.3.1/../../../../arm-none-eabi/lib/thumb/v7-m\libc.a(lib_a-strlen-stub.o)
                0x000859f0                strlen
 .text._svfprintf_r
                0x00085a4c     0x1500 c:/program files (x86)/atmel/studio/7.0/toolchain/arm/arm-gnu-toolchain/bin/../lib/gcc/arm-none-eabi/6.3.1/../../../../arm-none-eabi/lib/thumb/v7-m\libc.a(lib_a-svfprintf.o)
                0x00085a4c                _svfprintf_r
 .text.startup.register_fini
                0x00086f4c       0x14 c:/program files (x86)/atmel/studio/7.0/toolchain/arm/arm-gnu-toolchain/bin/../lib/gcc/arm-none-eabi/6.3.1/../../../../arm-none-eabi/lib/thumb/v7-m\libc.a(lib_a-__call_atexit.o)
 .text.atexit   0x00086f60        0xc c:/program files (x86)/atmel/studio/7.0/toolchain/arm/arm-gnu-toolchain/bin/../lib/gcc/arm-none-eabi/6.3.1/../../../../arm-none-eabi/lib/thumb/v7-m\libc.a(lib_a-atexit.o)
                0x00086f60                atexit
 .text.quorem   0x00086f6c      0x128 c:/program files (x86)/atmel/studio/7.0/toolchain/arm/arm-gnu-toolchain/bin/../lib/gcc/arm-none-eabi/6.3.1/../../../../arm-none-eabi/lib/thumb/v7-m\libc.a(lib_a-dtoa.o)
 *fill*         0x00087094        0x4 
 .text._dtoa_r  0x00087098      0xe44 c:/program files (x86)/atmel/studio/7.0/toolchain/arm/arm-gnu-toolchain/bin/../lib/gcc/arm-none-eabi/6.3.1/../../../../arm-none-eabi/lib/thumb/v7-m\libc.a(lib_a-dtoa.o)
                0x00087098                _dtoa_r
 .text.__libc_fini_array
                0x00087edc       0x34 c:/program files (x86)/atmel/studio/7.0/toolchain/arm/arm-gnu-toolchain/bin/../lib/gcc/arm-none-eabi/6.3.1/../../../../arm-none-eabi/lib/thumb/v7-m\libc.a(lib_a-fini.o)
                0x00087edc                __libc_fini_array
 .text._localeconv_r
                0x00087f10       0x1c c:/program files (x86)/atmel/studio/7.0/toolchain/arm/arm-gnu-toolchain/bin/../lib/gcc/arm-none-eabi/6.3.1/../../../../arm-none-eabi/lib/thumb/v7-m\libc.a(lib_a-localeconv.o)
                0x00087f10                _localeconv_r
 .text.__retarget_lock_acquire_recursive
                0x00087f2c        0x4 c:/program files (x86)/atmel/studio/7.0/toolchain/arm/arm-gnu-toolchain/bin/../lib/gcc/arm-none-eabi/6.3.1/../../../../arm-none-eabi/lib/thumb/v7-m\libc.a(lib_a-lock.o)
                0x00087f2c                __retarget_lock_acquire_recursive
 .text.__retarget_lock_release_recursive
                0x00087f30        0x4 c:/program files (x86)/atmel/studio/7.0/toolchain/arm/arm-gnu-toolchain/bin/../lib/gcc/arm-none-eabi/6.3.1/../../../../arm-none-eabi/lib/thumb/v7-m\libc.a(lib_a-lock.o)
                0x00087f30                __retarget_lock_release_recursive
 .text._malloc_r
                0x00087f34      0x544 c:/program files (x86)/atmel/studio/7.0/toolchain/arm/arm-gnu-toolchain/bin/../lib/gcc/arm-none-eabi/6.3.1/../../../../arm-none-eabi/lib/thumb/v7-m\libc.a(lib_a-mallocr.o)
                0x00087f34                _malloc_r
 .text.memchr   0x00088478       0x8c c:/program files (x86)/atmel/studio/7.0/toolchain/arm/arm-gnu-toolchain/bin/../lib/gcc/arm-none-eabi/6.3.1/../../../../arm-none-eabi/lib/thumb/v7-m\libc.a(lib_a-memchr-stub.o)
                0x00088478                memchr
 .text          0x00088504       0xec c:/program files (x86)/atmel/studio/7.0/toolchain/arm/arm-gnu-toolchain/bin/../lib/gcc/arm-none-eabi/6.3.1/../../../../arm-none-eabi/lib/thumb/v7-m\libc.a(lib_a-memcpy.o)
                0x00088504                memcpy
 .text.__malloc_lock
                0x000885f0        0xc c:/program files (x86)/atmel/studio/7.0/toolchain/arm/arm-gnu-toolchain/bin/../lib/gcc/arm-none-eabi/6.3.1/../../../../arm-none-eabi/lib/thumb/v7-m\libc.a(lib_a-mlock.o)
                0x000885f0                __malloc_lock
 .text.__malloc_unlock
                0x000885fc        0xc c:/program files (x86)/atmel/studio/7.0/toolchain/arm/arm-gnu-toolchain/bin/../lib/gcc/arm-none-eabi/6.3.1/../../../../arm-none-eabi/lib/thumb/v7-m\libc.a(lib_a-mlock.o)
                0x000885fc                __malloc_unlock
 .text._Balloc  0x00088608       0x4c c:/program files (x86)/atmel/studio/7.0/toolchain/arm/arm-gnu-toolchain/bin/../lib/gcc/arm-none-eabi/6.3.1/../../../../arm-none-eabi/lib/thumb/v7-m\libc.a(lib_a-mprec.o)
                0x00088608                _Balloc
 .text._Bfree   0x00088654       0x14 c:/program files (x86)/atmel/studio/7.0/toolchain/arm/arm-gnu-toolchain/bin/../lib/gcc/arm-none-eabi/6.3.1/../../../../arm-none-eabi/lib/thumb/v7-m\libc.a(lib_a-mprec.o)
                0x00088654                _Bfree
 .text.__multadd
                0x00088668       0x84 c:/program files (x86)/atmel/studio/7.0/toolchain/arm/arm-gnu-toolchain/bin/../lib/gcc/arm-none-eabi/6.3.1/../../../../arm-none-eabi/lib/thumb/v7-m\libc.a(lib_a-mprec.o)
                0x00088668                __multadd
 .text.__hi0bits
                0x000886ec       0x40 c:/program files (x86)/atmel/studio/7.0/toolchain/arm/arm-gnu-toolchain/bin/../lib/gcc/arm-none-eabi/6.3.1/../../../../arm-none-eabi/lib/thumb/v7-m\libc.a(lib_a-mprec.o)
                0x000886ec                __hi0bits
 .text.__lo0bits
                0x0008872c       0x60 c:/program files (x86)/atmel/studio/7.0/toolchain/arm/arm-gnu-toolchain/bin/../lib/gcc/arm-none-eabi/6.3.1/../../../../arm-none-eabi/lib/thumb/v7-m\libc.a(lib_a-mprec.o)
                0x0008872c                __lo0bits
 .text.__i2b    0x0008878c       0x14 c:/program files (x86)/atmel/studio/7.0/toolchain/arm/arm-gnu-toolchain/bin/../lib/gcc/arm-none-eabi/6.3.1/../../../../arm-none-eabi/lib/thumb/v7-m\libc.a(lib_a-mprec.o)
                0x0008878c                __i2b
 .text.__multiply
                0x000887a0      0x124 c:/program files (x86)/atmel/studio/7.0/toolchain/arm/arm-gnu-toolchain/bin/../lib/gcc/arm-none-eabi/6.3.1/../../../../arm-none-eabi/lib/thumb/v7-m\libc.a(lib_a-mprec.o)
                0x000887a0                __multiply
 .text.__pow5mult
                0x000888c4       0xa0 c:/program files (x86)/atmel/studio/7.0/toolchain/arm/arm-gnu-toolchain/bin/../lib/gcc/arm-none-eabi/6.3.1/../../../../arm-none-eabi/lib/thumb/v7-m\libc.a(lib_a-mprec.o)
                0x000888c4                __pow5mult
 .text.__lshift
                0x00088964       0xa0 c:/program files (x86)/atmel/studio/7.0/toolchain/arm/arm-gnu-toolchain/bin/../lib/gcc/arm-none-eabi/6.3.1/../../../../arm-none-eabi/lib/thumb/v7-m\libc.a(lib_a-mprec.o)
                0x00088964                __lshift
 .text.__mcmp   0x00088a04       0x38 c:/program files (x86)/atmel/studio/7.0/toolchain/arm/arm-gnu-toolchain/bin/../lib/gcc/arm-none-eabi/6.3.1/../../../../arm-none-eabi/lib/thumb/v7-m\libc.a(lib_a-mprec.o)
                0x00088a04                __mcmp
 .text.__mdiff  0x00088a3c      0x11c c:/program files (x86)/atmel/studio/7.0/toolchain/arm/arm-gnu-toolchain/bin/../lib/gcc/arm-none-eabi/6.3.1/../../../../arm-none-eabi/lib/thumb/v7-m\libc.a(lib_a-mprec.o)
                0x00088a3c                __mdiff
 .text.__d2b    0x00088b58       0xa8 c:/program files (x86)/atmel/studio/7.0/toolchain/arm/arm-gnu-toolchain/bin/../lib/gcc/arm-none-eabi/6.3.1/../../../../arm-none-eabi/lib/thumb/v7-m\libc.a(lib_a-mprec.o)
                0x00088b58                __d2b
 .text._sbrk_r  0x00088c00       0x24 c:/program files (x86)/atmel/studio/7.0/toolchain/arm/arm-gnu-toolchain/bin/../lib/gcc/arm-none-eabi/6.3.1/../../../../arm-none-eabi/lib/thumb/v7-m\libc.a(lib_a-sbrkr.o)
                0x00088c00                _sbrk_r
 .text.__ssprint_r
                0x00088c24       0xfc c:/program files (x86)/atmel/studio/7.0/toolchain/arm/arm-gnu-toolchain/bin/../lib/gcc/arm-none-eabi/6.3.1/../../../../arm-none-eabi/lib/thumb/v7-m\libc.a(lib_a-svfiprintf.o)
                0x00088c24                __ssprint_r
 .text.__register_exitproc
                0x00088d20       0xc4 c:/program files (x86)/atmel/studio/7.0/toolchain/arm/arm-gnu-toolchain/bin/../lib/gcc/arm-none-eabi/6.3.1/../../../../arm-none-eabi/lib/thumb/v7-m\libc.a(lib_a-__atexit.o)
                0x00088d20                __register_exitproc
 .text._calloc_r
                0x00088de4       0x60 c:/program files (x86)/atmel/studio/7.0/toolchain/arm/arm-gnu-toolchain/bin/../lib/gcc/arm-none-eabi/6.3.1/../../../../arm-none-eabi/lib/thumb/v7-m\libc.a(lib_a-callocr.o)
                0x00088de4                _calloc_r
 .text._malloc_trim_r
                0x00088e44       0xa0 c:/program files (x86)/atmel/studio/7.0/toolchain/arm/arm-gnu-toolchain/bin/../lib/gcc/arm-none-eabi/6.3.1/../../../../arm-none-eabi/lib/thumb/v7-m\libc.a(lib_a-freer.o)
                0x00088e44                _malloc_trim_r
 .text._free_r  0x00088ee4      0x1cc c:/program files (x86)/atmel/studio/7.0/toolchain/arm/arm-gnu-toolchain/bin/../lib/gcc/arm-none-eabi/6.3.1/../../../../arm-none-eabi/lib/thumb/v7-m\libc.a(lib_a-freer.o)
                0x00088ee4                _free_r
 .text.__ascii_mbtowc
                0x000890b0       0x2c c:/program files (x86)/atmel/studio/7.0/toolchain/arm/arm-gnu-toolchain/bin/../lib/gcc/arm-none-eabi/6.3.1/../../../../arm-none-eabi/lib/thumb/v7-m\libc.a(lib_a-mbtowc_r.o)
                0x000890b0                __ascii_mbtowc
 .text.memmove  0x000890dc       0xc8 c:/program files (x86)/atmel/studio/7.0/toolchain/arm/arm-gnu-toolchain/bin/../lib/gcc/arm-none-eabi/6.3.1/../../../../arm-none-eabi/lib/thumb/v7-m\libc.a(lib_a-memmove.o)
                0x000890dc                memmove
 .text._realloc_r
                0x000891a4      0x36c c:/program files (x86)/atmel/studio/7.0/toolchain/arm/arm-gnu-toolchain/bin/../lib/gcc/arm-none-eabi/6.3.1/../../../../arm-none-eabi/lib/thumb/v7-m\libc.a(lib_a-reallocr.o)
                0x000891a4                _realloc_r
 .text.__ascii_wctomb
                0x00089510       0x18 c:/program files (x86)/atmel/studio/7.0/toolchain/arm/arm-gnu-toolchain/bin/../lib/gcc/arm-none-eabi/6.3.1/../../../../arm-none-eabi/lib/thumb/v7-m\libc.a(lib_a-wctomb_r.o)
                0x00089510                __ascii_wctomb
 .text          0x00089528      0x110 c:/program files (x86)/atmel/studio/7.0/toolchain/arm/arm-gnu-toolchain/bin/../lib/gcc/arm-none-eabi/6.3.1/thumb/v7-m\libgcc.a(_arm_cmpdf2.o)
                0x00089528                __gtdf2
                0x00089528                __gedf2
                0x00089530                __ltdf2
                0x00089530                __ledf2
                0x00089538                __nedf2
                0x00089538                __eqdf2
                0x00089538                __cmpdf2
                0x000895b4                __aeabi_cdrcmple
                0x000895c4                __aeabi_cdcmpeq
                0x000895c4                __aeabi_cdcmple
                0x000895d4                __aeabi_dcmpeq
                0x000895e8                __aeabi_dcmplt
                0x000895fc                __aeabi_dcmple
                0x00089610                __aeabi_dcmpge
                0x00089624                __aeabi_dcmpgt
 .text          0x00089638       0x2c c:/program files (x86)/atmel/studio/7.0/toolchain/arm/arm-gnu-toolchain/bin/../lib/gcc/arm-none-eabi/6.3.1/thumb/v7-m\libgcc.a(_arm_unorddf2.o)
                0x00089638                __unorddf2
                0x00089638                __aeabi_dcmpun
 .text          0x00089664       0x50 c:/program files (x86)/atmel/studio/7.0/toolchain/arm/arm-gnu-toolchain/bin/../lib/gcc/arm-none-eabi/6.3.1/thumb/v7-m\libgcc.a(_arm_fixdfsi.o)
                0x00089664                __aeabi_d2iz
                0x00089664                __fixdfsi
 .text          0x000896b4       0x30 c:/program files (x86)/atmel/studio/7.0/toolchain/arm/arm-gnu-toolchain/bin/../lib/gcc/arm-none-eabi/6.3.1/thumb/v7-m\libgcc.a(_aeabi_uldivmod.o)
                0x000896b4                __aeabi_uldivmod
 .text          0x000896e4      0x2dc c:/program files (x86)/atmel/studio/7.0/toolchain/arm/arm-gnu-toolchain/bin/../lib/gcc/arm-none-eabi/6.3.1/thumb/v7-m\libgcc.a(_udivmoddi4.o)
                0x000896e4                __udivmoddi4
 .text          0x000899c0        0x4 c:/program files (x86)/atmel/studio/7.0/toolchain/arm/arm-gnu-toolchain/bin/../lib/gcc/arm-none-eabi/6.3.1/thumb/v7-m\libgcc.a(_dvmd_tls.o)
                0x000899c0                __aeabi_idiv0
                0x000899c0                __aeabi_ldiv0
 *(.glue_7t)
 .glue_7t       0x000899c4        0x0 linker stubs
 *(.glue_7)
 .glue_7        0x000899c4        0x0 linker stubs
 *(.rodata .rodata* .gnu.linkonce.r.*)
 .rodata        0x000899c4       0x2c src/ASF/sam/drivers/pwm/pwm.o
 .rodata        0x000899f0       0x10 src/comm.o
 .rodata        0x00089a00      0x132 src/menu.o
 *fill*         0x00089b32        0x2 
 .rodata        0x00089b34       0x18 src/timing.o
 .rodata        0x00089b4c       0x12 src/main.o
 *fill*         0x00089b5e        0x2 
 .rodata._global_impure_ptr
                0x00089b60        0x4 c:/program files (x86)/atmel/studio/7.0/toolchain/arm/arm-gnu-toolchain/bin/../lib/gcc/arm-none-eabi/6.3.1/../../../../arm-none-eabi/lib/thumb/v7-m\libc.a(lib_a-impure.o)
                0x00089b60                _global_impure_ptr
 .rodata._svfprintf_r.str1.4
                0x00089b64       0x42 c:/program files (x86)/atmel/studio/7.0/toolchain/arm/arm-gnu-toolchain/bin/../lib/gcc/arm-none-eabi/6.3.1/../../../../arm-none-eabi/lib/thumb/v7-m\libc.a(lib_a-svfprintf.o)
 *fill*         0x00089ba6        0x2 
 .rodata.blanks.7223
                0x00089ba8       0x10 c:/program files (x86)/atmel/studio/7.0/toolchain/arm/arm-gnu-toolchain/bin/../lib/gcc/arm-none-eabi/6.3.1/../../../../arm-none-eabi/lib/thumb/v7-m\libc.a(lib_a-svfprintf.o)
 .rodata.zeroes.7224
                0x00089bb8       0x10 c:/program files (x86)/atmel/studio/7.0/toolchain/arm/arm-gnu-toolchain/bin/../lib/gcc/arm-none-eabi/6.3.1/../../../../arm-none-eabi/lib/thumb/v7-m\libc.a(lib_a-svfprintf.o)
 .rodata._dtoa_r.str1.4
                0x00089bc8       0x10 c:/program files (x86)/atmel/studio/7.0/toolchain/arm/arm-gnu-toolchain/bin/../lib/gcc/arm-none-eabi/6.3.1/../../../../arm-none-eabi/lib/thumb/v7-m\libc.a(lib_a-dtoa.o)
                                 0x12 (size before relaxing)
 .rodata.__mprec_bigtens
                0x00089bd8       0x28 c:/program files (x86)/atmel/studio/7.0/toolchain/arm/arm-gnu-toolchain/bin/../lib/gcc/arm-none-eabi/6.3.1/../../../../arm-none-eabi/lib/thumb/v7-m\libc.a(lib_a-mprec.o)
                0x00089bd8                __mprec_bigtens
 .rodata.__mprec_tens
                0x00089c00       0xc8 c:/program files (x86)/atmel/studio/7.0/toolchain/arm/arm-gnu-toolchain/bin/../lib/gcc/arm-none-eabi/6.3.1/../../../../arm-none-eabi/lib/thumb/v7-m\libc.a(lib_a-mprec.o)
                0x00089c00                __mprec_tens
 .rodata.p05.6055
                0x00089cc8        0xc c:/program files (x86)/atmel/studio/7.0/toolchain/arm/arm-gnu-toolchain/bin/../lib/gcc/arm-none-eabi/6.3.1/../../../../arm-none-eabi/lib/thumb/v7-m\libc.a(lib_a-mprec.o)
 .rodata._setlocale_r.str1.4
                0x00089cd4        0xa c:/program files (x86)/atmel/studio/7.0/toolchain/arm/arm-gnu-toolchain/bin/../lib/gcc/arm-none-eabi/6.3.1/../../../../arm-none-eabi/lib/thumb/v7-m\libc.a(lib_a-locale.o)
                                  0xd (size before relaxing)
 *fill*         0x00089cde        0x2 
 .rodata.str1.4
                0x00089ce0        0x4 c:/program files (x86)/atmel/studio/7.0/toolchain/arm/arm-gnu-toolchain/bin/../lib/gcc/arm-none-eabi/6.3.1/../../../../arm-none-eabi/lib/thumb/v7-m\libc.a(lib_a-locale.o)
                                  0x2 (size before relaxing)
 .rodata._ctype_
                0x00089ce4      0x101 c:/program files (x86)/atmel/studio/7.0/toolchain/arm/arm-gnu-toolchain/bin/../lib/gcc/arm-none-eabi/6.3.1/../../../../arm-none-eabi/lib/thumb/v7-m\libc.a(lib_a-ctype_.o)
                0x00089ce4                _ctype_
 *(.ARM.extab* .gnu.linkonce.armextab.*)
                0x00089de8                . = ALIGN (0x4)
 *fill*         0x00089de5        0x3 
 *(.init)
 .init          0x00089de8        0x4 c:/program files (x86)/atmel/studio/7.0/toolchain/arm/arm-gnu-toolchain/bin/../lib/gcc/arm-none-eabi/6.3.1/thumb/v7-m/crti.o
                0x00089de8                _init
 .init          0x00089dec        0x8 c:/program files (x86)/atmel/studio/7.0/toolchain/arm/arm-gnu-toolchain/bin/../lib/gcc/arm-none-eabi/6.3.1/thumb/v7-m/crtn.o
                0x00089df4                . = ALIGN (0x4)
                0x00089df4                __preinit_array_start = .
 *(.preinit_array)
                0x00089df4                __preinit_array_end = .
                0x00089df4                . = ALIGN (0x4)
                0x00089df4                __init_array_start = .
 *(SORT(.init_array.*))
 .init_array.00000
                0x00089df4        0x4 c:/program files (x86)/atmel/studio/7.0/toolchain/arm/arm-gnu-toolchain/bin/../lib/gcc/arm-none-eabi/6.3.1/../../../../arm-none-eabi/lib/thumb/v7-m\libc.a(lib_a-__call_atexit.o)
 *(.init_array)
 .init_array    0x00089df8        0x4 c:/program files (x86)/atmel/studio/7.0/toolchain/arm/arm-gnu-toolchain/bin/../lib/gcc/arm-none-eabi/6.3.1/thumb/v7-m/crtbegin.o
                0x00089dfc                __init_array_end = .
                0x00089dfc                . = ALIGN (0x4)
 *crtbegin.o(.ctors)
 *(EXCLUDE_FILE(*crtend.o) .ctors)
 *(SORT(.ctors.*))
 *crtend.o(.ctors)
                0x00089dfc                . = ALIGN (0x4)
 *(.fini)
 .fini          0x00089dfc        0x4 c:/program files (x86)/atmel/studio/7.0/toolchain/arm/arm-gnu-toolchain/bin/../lib/gcc/arm-none-eabi/6.3.1/thumb/v7-m/crti.o
                0x00089dfc                _fini
 .fini          0x00089e00        0x8 c:/program files (x86)/atmel/studio/7.0/toolchain/arm/arm-gnu-toolchain/bin/../lib/gcc/arm-none-eabi/6.3.1/thumb/v7-m/crtn.o
                0x00089e08                . = ALIGN (0x4)
                0x00089e08                __fini_array_start = .
 *(.fini_array)
 .fini_array    0x00089e08        0x4 c:/program files (x86)/atmel/studio/7.0/toolchain/arm/arm-gnu-toolchain/bin/../lib/gcc/arm-none-eabi/6.3.1/thumb/v7-m/crtbegin.o
 *(SORT(.fini_array.*))
                0x00089e0c                __fini_array_end = .
 *crtbegin.o(.dtors)
 *(EXCLUDE_FILE(*crtend.o) .dtors)
 *(SORT(.dtors.*))
 *crtend.o(.dtors)
                0x00089e0c                . = ALIGN (0x4)
                0x00089e0c                _efixed = .
                [!provide]                PROVIDE (__exidx_start, .)

.vfp11_veneer   0x00089e0c        0x0
 .vfp11_veneer  0x00089e0c        0x0 linker stubs

.v4_bx          0x00089e0c        0x0
 .v4_bx         0x00089e0c        0x0 linker stubs

.iplt           0x00089e0c        0x0
 .iplt          0x00089e0c        0x0 c:/program files (x86)/atmel/studio/7.0/toolchain/arm/arm-gnu-toolchain/bin/../lib/gcc/arm-none-eabi/6.3.1/thumb/v7-m/crtbegin.o

.ARM.exidx      0x00089e0c        0x8
 *(.ARM.exidx* .gnu.linkonce.armexidx.*)
 .ARM.exidx     0x00089e0c        0x8 c:/program files (x86)/atmel/studio/7.0/toolchain/arm/arm-gnu-toolchain/bin/../lib/gcc/arm-none-eabi/6.3.1/thumb/v7-m\libgcc.a(_udivmoddi4.o)
                [!provide]                PROVIDE (__exidx_end, .)

.eh_frame       0x00089e14        0x0
 .eh_frame      0x00089e14        0x0 c:/program files (x86)/atmel/studio/7.0/toolchain/arm/arm-gnu-toolchain/bin/../lib/gcc/arm-none-eabi/6.3.1/thumb/v7-m/crtbegin.o

.rel.dyn        0x00089e14        0x0
 .rel.iplt      0x00089e14        0x0 c:/program files (x86)/atmel/studio/7.0/toolchain/arm/arm-gnu-toolchain/bin/../lib/gcc/arm-none-eabi/6.3.1/thumb/v7-m/crtbegin.o

.jcr            0x00089e14        0x0
 .jcr           0x00089e14        0x0 c:/program files (x86)/atmel/studio/7.0/toolchain/arm/arm-gnu-toolchain/bin/../lib/gcc/arm-none-eabi/6.3.1/thumb/v7-m/crtbegin.o

.igot.plt       0x00089e14        0x0
 .igot.plt      0x00089e14        0x0 c:/program files (x86)/atmel/studio/7.0/toolchain/arm/arm-gnu-toolchain/bin/../lib/gcc/arm-none-eabi/6.3.1/thumb/v7-m/crtbegin.o
                0x00089e14                . = ALIGN (0x4)
                0x00089e14                _etext = .

.relocate       0x20070000      0xb50 load address 0x00089e14
                0x20070000                . = ALIGN (0x4)
                0x20070000                _srelocate = .
 *(.ramfunc .ramfunc.*)
 .ramfunc       0x20070000      0x18c src/ASF/sam/utils/cmsis/sam3x/source/templates/system_sam3x.o
                0x20070000                SystemInit
                0x200700d0                system_init_flash
 *(.data .data.*)
 .data.print_menu
                0x2007018c        0x1 src/menu.o
                0x2007018c                print_menu
 .data.allow_leds
                0x2007018d        0x1 src/menu.o
                0x2007018d                allow_leds
 *fill*         0x2007018e        0x2 
 .data.menu_info
                0x20070190        0xc src/menu.o
                0x20070190                menu_info
 .data.SystemCoreClock
                0x2007019c        0x4 src/ASF/sam/utils/cmsis/sam3x/source/templates/system_sam3x.o
                0x2007019c                SystemCoreClock
 .data.update_dots
                0x200701a0        0x1 src/main.o
                0x200701a0                update_dots
 *fill*         0x200701a1        0x3 
 .data._impure_ptr
                0x200701a4        0x4 c:/program files (x86)/atmel/studio/7.0/toolchain/arm/arm-gnu-toolchain/bin/../lib/gcc/arm-none-eabi/6.3.1/../../../../arm-none-eabi/lib/thumb/v7-m\libc.a(lib_a-impure.o)
                0x200701a4                _impure_ptr
 .data.impure_data
                0x200701a8      0x428 c:/program files (x86)/atmel/studio/7.0/toolchain/arm/arm-gnu-toolchain/bin/../lib/gcc/arm-none-eabi/6.3.1/../../../../arm-none-eabi/lib/thumb/v7-m\libc.a(lib_a-impure.o)
 .data.__atexit_recursive_mutex
                0x200705d0        0x4 c:/program files (x86)/atmel/studio/7.0/toolchain/arm/arm-gnu-toolchain/bin/../lib/gcc/arm-none-eabi/6.3.1/../../../../arm-none-eabi/lib/thumb/v7-m\libc.a(lib_a-__call_atexit.o)
                0x200705d0                __atexit_recursive_mutex
 .data.__malloc_av_
                0x200705d4      0x408 c:/program files (x86)/atmel/studio/7.0/toolchain/arm/arm-gnu-toolchain/bin/../lib/gcc/arm-none-eabi/6.3.1/../../../../arm-none-eabi/lib/thumb/v7-m\libc.a(lib_a-mallocr.o)
                0x200705d4                __malloc_av_
 .data.__malloc_sbrk_base
                0x200709dc        0x4 c:/program files (x86)/atmel/studio/7.0/toolchain/arm/arm-gnu-toolchain/bin/../lib/gcc/arm-none-eabi/6.3.1/../../../../arm-none-eabi/lib/thumb/v7-m\libc.a(lib_a-mallocr.o)
                0x200709dc                __malloc_sbrk_base
 .data.__malloc_trim_threshold
                0x200709e0        0x4 c:/program files (x86)/atmel/studio/7.0/toolchain/arm/arm-gnu-toolchain/bin/../lib/gcc/arm-none-eabi/6.3.1/../../../../arm-none-eabi/lib/thumb/v7-m\libc.a(lib_a-mallocr.o)
                0x200709e0                __malloc_trim_threshold
 .data.__global_locale
                0x200709e4      0x16c c:/program files (x86)/atmel/studio/7.0/toolchain/arm/arm-gnu-toolchain/bin/../lib/gcc/arm-none-eabi/6.3.1/../../../../arm-none-eabi/lib/thumb/v7-m\libc.a(lib_a-locale.o)
                0x200709e4                __global_locale
                0x20070b50                . = ALIGN (0x4)
                0x20070b50                _erelocate = .

.bss            0x20070b50      0x4b4 load address 0x0008a964
                0x20070b50                . = ALIGN (0x4)
                0x20070b50                _sbss = .
                0x20070b50                _szero = .
 *(.bss .bss.*)
 .bss           0x20070b50       0x1c c:/program files (x86)/atmel/studio/7.0/toolchain/arm/arm-gnu-toolchain/bin/../lib/gcc/arm-none-eabi/6.3.1/thumb/v7-m/crtbegin.o
 .bss.ul_reg_val.7451
                0x20070b6c        0x4 src/ASF/sam/drivers/usart/usart.o
 .bss.b_trigger
                0x20070b70        0x1 src/comm.o
 *fill*         0x20070b71        0x3 
 .bss.ul_status.8946
                0x20070b74        0x4 src/comm.o
 .bss.txPacket  0x20070b78      0x110 src/ASF/sam/drivers/twi/twi.o
 .bss.rxPacket  0x20070c88      0x110 src/ASF/sam/drivers/twi/twi.o
 .bss.twiBusy   0x20070d98        0x1 src/ASF/sam/drivers/twi/twi.o
 *fill*         0x20070d99        0x3 
 .bss.lcdTxCallback
                0x20070d9c        0x4 src/ASF/sam/drivers/twi/twi.o
 .bss.compassTxCallback
                0x20070da0        0x4 src/ASF/sam/drivers/twi/twi.o
 .bss.compassRxCallback
                0x20070da4        0x4 src/ASF/sam/drivers/twi/twi.o
 .bss.compassIsBusy
                0x20070da8        0x1 src/compass.o
 .bss.backlight
                0x20070da9        0x1 src/lcd.o
 .bss.lcdIsBusy
                0x20070daa        0x1 src/lcd.o
 *fill*         0x20070dab        0x1 
 .bss.lcdStartTicks
                0x20070dac        0x4 src/lcd.o
 .bss.lcdTimeoutErrorCntr
                0x20070db0        0x4 src/lcd.o
 .bss.twiConfig
                0x20070db4        0xc src/lcd.o
 .bss.act_menu  0x20070dc0        0x1 src/menu.o
                0x20070dc0                act_menu
 .bss.compass_cal_step
                0x20070dc1        0x1 src/menu.o
                0x20070dc1                compass_cal_step
 .bss.shutdown_confirmed
                0x20070dc2        0x1 src/menu.o
                0x20070dc2                shutdown_confirmed
 *fill*         0x20070dc3        0x1 
 .bss.prev_direction.8935
                0x20070dc4        0x2 src/menu.o
 *fill*         0x20070dc6        0x2 
 .bss.g_ul_ms_ticks
                0x20070dc8        0x4 src/timing.o
 .bss.prev_battery_percentage
                0x20070dcc        0x1 src/timing.o
                0x20070dcc                prev_battery_percentage
 *fill*         0x20070dcd        0x3 
 .bss.heap.5297
                0x20070dd0        0x4 src/ASF/sam/utils/syscalls/gcc/syscalls.o
 .bss.dots      0x20070dd4        0x1 src/main.o
                0x20070dd4                dots
 *fill*         0x20070dd5        0x3 
 .bss.__malloc_current_mallinfo
                0x20070dd8       0x28 c:/program files (x86)/atmel/studio/7.0/toolchain/arm/arm-gnu-toolchain/bin/../lib/gcc/arm-none-eabi/6.3.1/../../../../arm-none-eabi/lib/thumb/v7-m\libc.a(lib_a-mallocr.o)
                0x20070dd8                __malloc_current_mallinfo
 .bss.__malloc_max_sbrked_mem
                0x20070e00        0x4 c:/program files (x86)/atmel/studio/7.0/toolchain/arm/arm-gnu-toolchain/bin/../lib/gcc/arm-none-eabi/6.3.1/../../../../arm-none-eabi/lib/thumb/v7-m\libc.a(lib_a-mallocr.o)
                0x20070e00                __malloc_max_sbrked_mem
 .bss.__malloc_max_total_mem
                0x20070e04        0x4 c:/program files (x86)/atmel/studio/7.0/toolchain/arm/arm-gnu-toolchain/bin/../lib/gcc/arm-none-eabi/6.3.1/../../../../arm-none-eabi/lib/thumb/v7-m\libc.a(lib_a-mallocr.o)
                0x20070e04                __malloc_max_total_mem
 .bss.__malloc_top_pad
                0x20070e08        0x4 c:/program files (x86)/atmel/studio/7.0/toolchain/arm/arm-gnu-toolchain/bin/../lib/gcc/arm-none-eabi/6.3.1/../../../../arm-none-eabi/lib/thumb/v7-m\libc.a(lib_a-mallocr.o)
                0x20070e08                __malloc_top_pad
 *(COMMON)
 COMMON         0x20070e0c       0x17 src/comm.o
                0x20070e0c                sens_buf
                0x20070e10                mtr
                0x20070e14                rpi_buf
                0x20070e18                rtm
                0x20070e1c                mts
                0x20070e20                stm
 *fill*         0x20070e23        0x1 
 COMMON         0x20070e24       0x14 src/compass.o
                0x20070e24                heart_state
                0x20070e28                ticks_comm
                0x20070e2c                direction
                0x20070e30                ticks_button_update
                0x20070e34                ticks_heartbeat
 COMMON         0x20070e38       0x39 src/menu.o
                0x20070e38                pb_return_act
                0x20070e39                pb_mid_prev
                0x20070e3a                pb_down_prev
                0x20070e3b                pb_left_prev
                0x20070e3c                pb_down_act
                0x20070e3d                pb_up_prev
                0x20070e3e                pb_right_prev
                0x20070e3f                pb_return_prev
                0x20070e40                pb_left_act
                0x20070e44                sprintf_cache
                0x20070e58                pb_mid_act
                0x20070e59                pb_up_act
                0x20070e5a                pb_right_act
                0x20070e5c                sprintf_buf
 *fill*         0x20070e71        0x3 
 COMMON         0x20070e74      0x154 src/motor.o
                0x20070e74                g_pwm_channel_MLeft
                0x20070e9c                g_pwm_channel_ENC
                0x20070ec4                mright_pid_reg
                0x20070ee8                speed_mright
                0x20070eec                g_pwm_channel_MRear
                0x20070f14                mrear_pid_reg
                0x20070f38                mleft
                0x20070f3c                speed_mleft
                0x20070f40                own_goal
                0x20070f44                g_pwm_channel_MRight
                0x20070f6c                mleft_pid_reg
                0x20070f90                g_pwm_channel_Dribbler
                0x20070fb8                mright
                0x20070fbc                opponent_goal
                0x20070fc0                mrear
                0x20070fc4                speed_mrear
 COMMON         0x20070fc8        0x8 src/timing.o
                0x20070fc8                battery_percentage
                0x20070fcc                ul_ticks_compass
 COMMON         0x20070fd0        0xc src/main.o
                0x20070fd0                blink_level
                0x20070fd4                ticks_blink_update
                0x20070fd8                ticks_dot_update
 COMMON         0x20070fdc       0x21 c:/program files (x86)/atmel/studio/7.0/toolchain/arm/arm-gnu-toolchain/bin/../lib/gcc/arm-none-eabi/6.3.1/../../../../arm-none-eabi/lib/thumb/v7-m\libc.a(lib_a-lock.o)
                0x20070fdc                __lock___atexit_recursive_mutex
                0x20070fe0                __lock___arc4random_mutex
                0x20070fe4                __lock___env_recursive_mutex
                0x20070fe8                __lock___sinit_recursive_mutex
                0x20070fec                __lock___malloc_recursive_mutex
                0x20070ff0                __lock___at_quick_exit_mutex
                0x20070ff4                __lock___dd_hash_mutex
                0x20070ff8                __lock___tz_mutex
                0x20070ffc                __lock___sfp_recursive_mutex
 *fill*         0x20070ffd        0x3 
 COMMON         0x20071000        0x4 c:/program files (x86)/atmel/studio/7.0/toolchain/arm/arm-gnu-toolchain/bin/../lib/gcc/arm-none-eabi/6.3.1/../../../../arm-none-eabi/lib/thumb/v7-m\libc.a(lib_a-reent.o)
                0x20071000                errno
                0x20071004                . = ALIGN (0x4)
                0x20071004                _ebss = .
                0x20071004                _ezero = .

.stack          0x20071004     0x2004 load address 0x0008ae18
                0x20071008                . = ALIGN (0x8)
 *fill*         0x20071004        0x4 
                0x20071008                _sstack = .
                0x20073008                . = (. + __stack_size__)
 *fill*         0x20071008     0x2000 
                0x20073008                . = ALIGN (0x8)
                0x20073008                _estack = .
                0x20073008                . = ALIGN (0x4)
                0x20073008                _end = .
OUTPUT(Motor Controller.elf elf32-littlearm)

.ARM.attributes
                0x00000000       0x29
 .ARM.attributes
                0x00000000       0x1d c:/program files (x86)/atmel/studio/7.0/toolchain/arm/arm-gnu-toolchain/bin/../lib/gcc/arm-none-eabi/6.3.1/thumb/v7-m/crti.o
 .ARM.attributes
                0x0000001d       0x2d c:/program files (x86)/atmel/studio/7.0/toolchain/arm/arm-gnu-toolchain/bin/../lib/gcc/arm-none-eabi/6.3.1/thumb/v7-m/crtbegin.o
 .ARM.attributes
                0x0000004a       0x33 src/ASF/common/services/spi/sam_usart_spi/usart_spi.o
 .ARM.attributes
                0x0000007d       0x33 src/ASF/sam/drivers/pdc/pdc.o
 .ARM.attributes
                0x000000b0       0x33 src/ASF/sam/drivers/pwm/pwm.o
 .ARM.attributes
                0x000000e3       0x33 src/ASF/sam/drivers/spi/spi.o
 .ARM.attributes
                0x00000116       0x33 src/ASF/sam/drivers/tc/tc.o
 .ARM.attributes
                0x00000149       0x33 src/ASF/sam/drivers/usart/usart.o
 .ARM.attributes
                0x0000017c       0x33 src/comm.o
 .ARM.attributes
                0x000001af       0x33 src/ASF/sam/drivers/twi/twi.o
 .ARM.attributes
                0x000001e2       0x33 src/compass.o
 .ARM.attributes
                0x00000215       0x33 src/lcd.o
 .ARM.attributes
                0x00000248       0x33 src/menu.o
 .ARM.attributes
                0x0000027b       0x33 src/motor.o
 .ARM.attributes
                0x000002ae       0x33 src/pid.o
 .ARM.attributes
                0x000002e1       0x33 src/timing.o
 .ARM.attributes
                0x00000314       0x33 src/ASF/common/services/clock/sam3x/sysclk.o
 .ARM.attributes
                0x00000347       0x33 src/ASF/sam/drivers/dmac/dmac.o
 .ARM.attributes
                0x0000037a       0x33 src/ASF/sam/drivers/pmc/pmc.o
 .ARM.attributes
                0x000003ad       0x33 src/ASF/common/boards/user_board/init.o
 .ARM.attributes
                0x000003e0       0x33 src/ASF/sam/utils/cmsis/sam3x/source/templates/exceptions.o
 .ARM.attributes
                0x00000413       0x33 src/ASF/sam/utils/cmsis/sam3x/source/templates/gcc/startup_sam3x.o
 .ARM.attributes
                0x00000446       0x33 src/ASF/sam/utils/cmsis/sam3x/source/templates/system_sam3x.o
 .ARM.attributes
                0x00000479       0x33 src/ASF/sam/utils/syscalls/gcc/syscalls.o
 .ARM.attributes
                0x000004ac       0x33 src/main.o
 .ARM.attributes
                0x000004df       0x1d c:/program files (x86)/atmel/studio/7.0/toolchain/arm/arm-gnu-toolchain/bin/../lib/gcc/arm-none-eabi/6.3.1/thumb/v7-m\libgcc.a(_arm_addsubdf3.o)
 .ARM.attributes
                0x000004fc       0x1d c:/program files (x86)/atmel/studio/7.0/toolchain/arm/arm-gnu-toolchain/bin/../lib/gcc/arm-none-eabi/6.3.1/thumb/v7-m\libgcc.a(_arm_muldivdf3.o)
 .ARM.attributes
                0x00000519       0x1d c:/program files (x86)/atmel/studio/7.0/toolchain/arm/arm-gnu-toolchain/bin/../lib/gcc/arm-none-eabi/6.3.1/thumb/v7-m\libgcc.a(_arm_addsubsf3.o)
 .ARM.attributes
                0x00000536       0x1d c:/program files (x86)/atmel/studio/7.0/toolchain/arm/arm-gnu-toolchain/bin/../lib/gcc/arm-none-eabi/6.3.1/thumb/v7-m\libgcc.a(_arm_muldivsf3.o)
 .ARM.attributes
                0x00000553       0x1d c:/program files (x86)/atmel/studio/7.0/toolchain/arm/arm-gnu-toolchain/bin/../lib/gcc/arm-none-eabi/6.3.1/thumb/v7-m\libgcc.a(_arm_cmpsf2.o)
 .ARM.attributes
                0x00000570       0x1d c:/program files (x86)/atmel/studio/7.0/toolchain/arm/arm-gnu-toolchain/bin/../lib/gcc/arm-none-eabi/6.3.1/thumb/v7-m\libgcc.a(_arm_fixsfsi.o)
 .ARM.attributes
                0x0000058d       0x2d c:/program files (x86)/atmel/studio/7.0/toolchain/arm/arm-gnu-toolchain/bin/../lib/gcc/arm-none-eabi/6.3.1/../../../../arm-none-eabi/lib/thumb/v7-m\libc.a(lib_a-impure.o)
 .ARM.attributes
                0x000005ba       0x2d c:/program files (x86)/atmel/studio/7.0/toolchain/arm/arm-gnu-toolchain/bin/../lib/gcc/arm-none-eabi/6.3.1/../../../../arm-none-eabi/lib/thumb/v7-m\libc.a(lib_a-init.o)
 .ARM.attributes
                0x000005e7       0x2d c:/program files (x86)/atmel/studio/7.0/toolchain/arm/arm-gnu-toolchain/bin/../lib/gcc/arm-none-eabi/6.3.1/../../../../arm-none-eabi/lib/thumb/v7-m\libc.a(lib_a-memset.o)
 .ARM.attributes
                0x00000614       0x2d c:/program files (x86)/atmel/studio/7.0/toolchain/arm/arm-gnu-toolchain/bin/../lib/gcc/arm-none-eabi/6.3.1/../../../../arm-none-eabi/lib/thumb/v7-m\libc.a(lib_a-sprintf.o)
 .ARM.attributes
                0x00000641       0x2d c:/program files (x86)/atmel/studio/7.0/toolchain/arm/arm-gnu-toolchain/bin/../lib/gcc/arm-none-eabi/6.3.1/../../../../arm-none-eabi/lib/thumb/v7-m\libc.a(lib_a-strlen-stub.o)
 .ARM.attributes
                0x0000066e       0x2d c:/program files (x86)/atmel/studio/7.0/toolchain/arm/arm-gnu-toolchain/bin/../lib/gcc/arm-none-eabi/6.3.1/../../../../arm-none-eabi/lib/thumb/v7-m\libc.a(lib_a-svfprintf.o)
 .ARM.attributes
                0x0000069b       0x2d c:/program files (x86)/atmel/studio/7.0/toolchain/arm/arm-gnu-toolchain/bin/../lib/gcc/arm-none-eabi/6.3.1/../../../../arm-none-eabi/lib/thumb/v7-m\libc.a(lib_a-__call_atexit.o)
 .ARM.attributes
                0x000006c8       0x2d c:/program files (x86)/atmel/studio/7.0/toolchain/arm/arm-gnu-toolchain/bin/../lib/gcc/arm-none-eabi/6.3.1/../../../../arm-none-eabi/lib/thumb/v7-m\libc.a(lib_a-atexit.o)
 .ARM.attributes
                0x000006f5       0x2d c:/program files (x86)/atmel/studio/7.0/toolchain/arm/arm-gnu-toolchain/bin/../lib/gcc/arm-none-eabi/6.3.1/../../../../arm-none-eabi/lib/thumb/v7-m\libc.a(lib_a-dtoa.o)
 .ARM.attributes
                0x00000722       0x2d c:/program files (x86)/atmel/studio/7.0/toolchain/arm/arm-gnu-toolchain/bin/../lib/gcc/arm-none-eabi/6.3.1/../../../../arm-none-eabi/lib/thumb/v7-m\libc.a(lib_a-fini.o)
 .ARM.attributes
                0x0000074f       0x2d c:/program files (x86)/atmel/studio/7.0/toolchain/arm/arm-gnu-toolchain/bin/../lib/gcc/arm-none-eabi/6.3.1/../../../../arm-none-eabi/lib/thumb/v7-m\libc.a(lib_a-localeconv.o)
 .ARM.attributes
                0x0000077c       0x2d c:/program files (x86)/atmel/studio/7.0/toolchain/arm/arm-gnu-toolchain/bin/../lib/gcc/arm-none-eabi/6.3.1/../../../../arm-none-eabi/lib/thumb/v7-m\libc.a(lib_a-lock.o)
 .ARM.attributes
                0x000007a9       0x2d c:/program files (x86)/atmel/studio/7.0/toolchain/arm/arm-gnu-toolchain/bin/../lib/gcc/arm-none-eabi/6.3.1/../../../../arm-none-eabi/lib/thumb/v7-m\libc.a(lib_a-mallocr.o)
 .ARM.attributes
                0x000007d6       0x2d c:/program files (x86)/atmel/studio/7.0/toolchain/arm/arm-gnu-toolchain/bin/../lib/gcc/arm-none-eabi/6.3.1/../../../../arm-none-eabi/lib/thumb/v7-m\libc.a(lib_a-memchr-stub.o)
 .ARM.attributes
                0x00000803       0x1b c:/program files (x86)/atmel/studio/7.0/toolchain/arm/arm-gnu-toolchain/bin/../lib/gcc/arm-none-eabi/6.3.1/../../../../arm-none-eabi/lib/thumb/v7-m\libc.a(lib_a-memcpy.o)
 .ARM.attributes
                0x0000081e       0x2d c:/program files (x86)/atmel/studio/7.0/toolchain/arm/arm-gnu-toolchain/bin/../lib/gcc/arm-none-eabi/6.3.1/../../../../arm-none-eabi/lib/thumb/v7-m\libc.a(lib_a-mlock.o)
 .ARM.attributes
                0x0000084b       0x2d c:/program files (x86)/atmel/studio/7.0/toolchain/arm/arm-gnu-toolchain/bin/../lib/gcc/arm-none-eabi/6.3.1/../../../../arm-none-eabi/lib/thumb/v7-m\libc.a(lib_a-mprec.o)
 .ARM.attributes
                0x00000878       0x2d c:/program files (x86)/atmel/studio/7.0/toolchain/arm/arm-gnu-toolchain/bin/../lib/gcc/arm-none-eabi/6.3.1/../../../../arm-none-eabi/lib/thumb/v7-m\libc.a(lib_a-sbrkr.o)
 .ARM.attributes
                0x000008a5       0x2d c:/program files (x86)/atmel/studio/7.0/toolchain/arm/arm-gnu-toolchain/bin/../lib/gcc/arm-none-eabi/6.3.1/../../../../arm-none-eabi/lib/thumb/v7-m\libc.a(lib_a-svfiprintf.o)
 .ARM.attributes
                0x000008d2       0x2d c:/program files (x86)/atmel/studio/7.0/toolchain/arm/arm-gnu-toolchain/bin/../lib/gcc/arm-none-eabi/6.3.1/../../../../arm-none-eabi/lib/thumb/v7-m\libc.a(lib_a-__atexit.o)
 .ARM.attributes
                0x000008ff       0x2d c:/program files (x86)/atmel/studio/7.0/toolchain/arm/arm-gnu-toolchain/bin/../lib/gcc/arm-none-eabi/6.3.1/../../../../arm-none-eabi/lib/thumb/v7-m\libc.a(lib_a-callocr.o)
 .ARM.attributes
                0x0000092c       0x2d c:/program files (x86)/atmel/studio/7.0/toolchain/arm/arm-gnu-toolchain/bin/../lib/gcc/arm-none-eabi/6.3.1/../../../../arm-none-eabi/lib/thumb/v7-m\libc.a(lib_a-freer.o)
 .ARM.attributes
                0x00000959       0x2d c:/program files (x86)/atmel/studio/7.0/toolchain/arm/arm-gnu-toolchain/bin/../lib/gcc/arm-none-eabi/6.3.1/../../../../arm-none-eabi/lib/thumb/v7-m\libc.a(lib_a-locale.o)
 .ARM.attributes
                0x00000986       0x2d c:/program files (x86)/atmel/studio/7.0/toolchain/arm/arm-gnu-toolchain/bin/../lib/gcc/arm-none-eabi/6.3.1/../../../../arm-none-eabi/lib/thumb/v7-m\libc.a(lib_a-mbtowc_r.o)
 .ARM.attributes
                0x000009b3       0x2d c:/program files (x86)/atmel/studio/7.0/toolchain/arm/arm-gnu-toolchain/bin/../lib/gcc/arm-none-eabi/6.3.1/../../../../arm-none-eabi/lib/thumb/v7-m\libc.a(lib_a-memmove.o)
 .ARM.attributes
                0x000009e0       0x2d c:/program files (x86)/atmel/studio/7.0/toolchain/arm/arm-gnu-toolchain/bin/../lib/gcc/arm-none-eabi/6.3.1/../../../../arm-none-eabi/lib/thumb/v7-m\libc.a(lib_a-reallocr.o)
 .ARM.attributes
                0x00000a0d       0x2d c:/program files (x86)/atmel/studio/7.0/toolchain/arm/arm-gnu-toolchain/bin/../lib/gcc/arm-none-eabi/6.3.1/../../../../arm-none-eabi/lib/thumb/v7-m\libc.a(lib_a-reent.o)
 .ARM.attributes
                0x00000a3a       0x2d c:/program files (x86)/atmel/studio/7.0/toolchain/arm/arm-gnu-toolchain/bin/../lib/gcc/arm-none-eabi/6.3.1/../../../../arm-none-eabi/lib/thumb/v7-m\libc.a(lib_a-wctomb_r.o)
 .ARM.attributes
                0x00000a67       0x2d c:/program files (x86)/atmel/studio/7.0/toolchain/arm/arm-gnu-toolchain/bin/../lib/gcc/arm-none-eabi/6.3.1/../../../../arm-none-eabi/lib/thumb/v7-m\libc.a(lib_a-ctype_.o)
 .ARM.attributes
                0x00000a94       0x1d c:/program files (x86)/atmel/studio/7.0/toolchain/arm/arm-gnu-toolchain/bin/../lib/gcc/arm-none-eabi/6.3.1/thumb/v7-m\libgcc.a(_arm_cmpdf2.o)
 .ARM.attributes
                0x00000ab1       0x1d c:/program files (x86)/atmel/studio/7.0/toolchain/arm/arm-gnu-toolchain/bin/../lib/gcc/arm-none-eabi/6.3.1/thumb/v7-m\libgcc.a(_arm_unorddf2.o)
 .ARM.attributes
                0x00000ace       0x1d c:/program files (x86)/atmel/studio/7.0/toolchain/arm/arm-gnu-toolchain/bin/../lib/gcc/arm-none-eabi/6.3.1/thumb/v7-m\libgcc.a(_arm_fixdfsi.o)
 .ARM.attributes
                0x00000aeb       0x1d c:/program files (x86)/atmel/studio/7.0/toolchain/arm/arm-gnu-toolchain/bin/../lib/gcc/arm-none-eabi/6.3.1/thumb/v7-m\libgcc.a(_aeabi_uldivmod.o)
 .ARM.attributes
                0x00000b08       0x2d c:/program files (x86)/atmel/studio/7.0/toolchain/arm/arm-gnu-toolchain/bin/../lib/gcc/arm-none-eabi/6.3.1/thumb/v7-m\libgcc.a(_udivmoddi4.o)
 .ARM.attributes
                0x00000b35       0x1d c:/program files (x86)/atmel/studio/7.0/toolchain/arm/arm-gnu-toolchain/bin/../lib/gcc/arm-none-eabi/6.3.1/thumb/v7-m\libgcc.a(_dvmd_tls.o)
 .ARM.attributes
                0x00000b52       0x1d c:/program files (x86)/atmel/studio/7.0/toolchain/arm/arm-gnu-toolchain/bin/../lib/gcc/arm-none-eabi/6.3.1/thumb/v7-m/crtn.o

.comment        0x00000000       0x59
 .comment       0x00000000       0x59 src/ASF/common/services/spi/sam_usart_spi/usart_spi.o
                                 0x5a (size before relaxing)
 .comment       0x00000059       0x5a src/ASF/sam/drivers/pdc/pdc.o
 .comment       0x00000059       0x5a src/ASF/sam/drivers/pwm/pwm.o
 .comment       0x00000059       0x5a src/ASF/sam/drivers/spi/spi.o
 .comment       0x00000059       0x5a src/ASF/sam/drivers/tc/tc.o
 .comment       0x00000059       0x5a src/ASF/sam/drivers/usart/usart.o
 .comment       0x00000059       0x5a src/comm.o
 .comment       0x00000059       0x5a src/ASF/sam/drivers/twi/twi.o
 .comment       0x00000059       0x5a src/compass.o
 .comment       0x00000059       0x5a src/lcd.o
 .comment       0x00000059       0x5a src/menu.o
 .comment       0x00000059       0x5a src/motor.o
 .comment       0x00000059       0x5a src/pid.o
 .comment       0x00000059       0x5a src/timing.o
 .comment       0x00000059       0x5a src/ASF/common/services/clock/sam3x/sysclk.o
 .comment       0x00000059       0x5a src/ASF/sam/drivers/dmac/dmac.o
 .comment       0x00000059       0x5a src/ASF/sam/drivers/pmc/pmc.o
 .comment       0x00000059       0x5a src/ASF/common/boards/user_board/init.o
 .comment       0x00000059       0x5a src/ASF/sam/utils/cmsis/sam3x/source/templates/exceptions.o
 .comment       0x00000059       0x5a src/ASF/sam/utils/cmsis/sam3x/source/templates/gcc/startup_sam3x.o
 .comment       0x00000059       0x5a src/ASF/sam/utils/cmsis/sam3x/source/templates/system_sam3x.o
 .comment       0x00000059       0x5a src/ASF/sam/utils/syscalls/gcc/syscalls.o
 .comment       0x00000059       0x5a src/main.o

.debug_info     0x00000000    0x1e8f8
 .debug_info    0x00000000     0x132c src/ASF/common/services/spi/sam_usart_spi/usart_spi.o
 .debug_info    0x0000132c      0xdea src/ASF/sam/drivers/pdc/pdc.o
 .debug_info    0x00002116     0x1e8c src/ASF/sam/drivers/pwm/pwm.o
 .debug_info    0x00003fa2     0x110e src/ASF/sam/drivers/spi/spi.o
 .debug_info    0x000050b0     0x1276 src/ASF/sam/drivers/tc/tc.o
 .debug_info    0x00006326     0x22ba src/ASF/sam/drivers/usart/usart.o
 .debug_info    0x000085e0     0x1b01 src/comm.o
 .debug_info    0x0000a0e1     0x1a1b src/ASF/sam/drivers/twi/twi.o
 .debug_info    0x0000bafc      0xe84 src/compass.o
 .debug_info    0x0000c980     0x14f2 src/lcd.o
 .debug_info    0x0000de72     0x1f21 src/menu.o
 .debug_info    0x0000fd93     0x2402 src/motor.o
 .debug_info    0x00012195      0x158 src/pid.o
 .debug_info    0x000122ed     0x15c5 src/timing.o
 .debug_info    0x000138b2     0x1224 src/ASF/common/services/clock/sam3x/sysclk.o
 .debug_info    0x00014ad6     0x14d4 src/ASF/sam/drivers/dmac/dmac.o
 .debug_info    0x00015faa     0x19e1 src/ASF/sam/drivers/pmc/pmc.o
 .debug_info    0x0001798b     0x1da3 src/ASF/common/boards/user_board/init.o
 .debug_info    0x0001972e      0xa3a src/ASF/sam/utils/cmsis/sam3x/source/templates/exceptions.o
 .debug_info    0x0001a168      0xd19 src/ASF/sam/utils/cmsis/sam3x/source/templates/gcc/startup_sam3x.o
 .debug_info    0x0001ae81      0xdc6 src/ASF/sam/utils/cmsis/sam3x/source/templates/system_sam3x.o
 .debug_info    0x0001bc47      0xdbc src/ASF/sam/utils/syscalls/gcc/syscalls.o
 .debug_info    0x0001ca03     0x1ef5 src/main.o

.debug_abbrev   0x00000000     0x3ea0
 .debug_abbrev  0x00000000      0x2d6 src/ASF/common/services/spi/sam_usart_spi/usart_spi.o
 .debug_abbrev  0x000002d6      0x221 src/ASF/sam/drivers/pdc/pdc.o
 .debug_abbrev  0x000004f7      0x299 src/ASF/sam/drivers/pwm/pwm.o
 .debug_abbrev  0x00000790      0x2c2 src/ASF/sam/drivers/spi/spi.o
 .debug_abbrev  0x00000a52      0x24a src/ASF/sam/drivers/tc/tc.o
 .debug_abbrev  0x00000c9c      0x2ca src/ASF/sam/drivers/usart/usart.o
 .debug_abbrev  0x00000f66      0x310 src/comm.o
 .debug_abbrev  0x00001276      0x31f src/ASF/sam/drivers/twi/twi.o
 .debug_abbrev  0x00001595      0x25d src/compass.o
 .debug_abbrev  0x000017f2      0x30b src/lcd.o
 .debug_abbrev  0x00001afd      0x419 src/menu.o
 .debug_abbrev  0x00001f16      0x3c6 src/motor.o
 .debug_abbrev  0x000022dc       0xbd src/pid.o
 .debug_abbrev  0x00002399      0x3ba src/timing.o
 .debug_abbrev  0x00002753      0x296 src/ASF/common/services/clock/sam3x/sysclk.o
 .debug_abbrev  0x000029e9      0x27c src/ASF/sam/drivers/dmac/dmac.o
 .debug_abbrev  0x00002c65      0x2b8 src/ASF/sam/drivers/pmc/pmc.o
 .debug_abbrev  0x00002f1d      0x3bb src/ASF/common/boards/user_board/init.o
 .debug_abbrev  0x000032d8      0x1a4 src/ASF/sam/utils/cmsis/sam3x/source/templates/exceptions.o
 .debug_abbrev  0x0000347c      0x1e3 src/ASF/sam/utils/cmsis/sam3x/source/templates/gcc/startup_sam3x.o
 .debug_abbrev  0x0000365f      0x1f4 src/ASF/sam/utils/cmsis/sam3x/source/templates/system_sam3x.o
 .debug_abbrev  0x00003853      0x22a src/ASF/sam/utils/syscalls/gcc/syscalls.o
 .debug_abbrev  0x00003a7d      0x423 src/main.o

.debug_loc      0x00000000     0x94e0
 .debug_loc     0x00000000      0x564 src/ASF/common/services/spi/sam_usart_spi/usart_spi.o
 .debug_loc     0x00000564      0x508 src/ASF/sam/drivers/pdc/pdc.o
 .debug_loc     0x00000a6c      0xe56 src/ASF/sam/drivers/pwm/pwm.o
 .debug_loc     0x000018c2      0x630 src/ASF/sam/drivers/spi/spi.o
 .debug_loc     0x00001ef2      0x844 src/ASF/sam/drivers/tc/tc.o
 .debug_loc     0x00002736     0x1e9c src/ASF/sam/drivers/usart/usart.o
 .debug_loc     0x000045d2      0x4cc src/comm.o
 .debug_loc     0x00004a9e      0xb36 src/ASF/sam/drivers/twi/twi.o
 .debug_loc     0x000055d4      0x16c src/compass.o
 .debug_loc     0x00005740      0x464 src/lcd.o
 .debug_loc     0x00005ba4      0x5dc src/menu.o
 .debug_loc     0x00006180      0x3ec src/motor.o
 .debug_loc     0x0000656c       0x50 src/pid.o
 .debug_loc     0x000065bc      0x1e8 src/timing.o
 .debug_loc     0x000067a4      0x4a0 src/ASF/common/services/clock/sam3x/sysclk.o
 .debug_loc     0x00006c44      0xa8c src/ASF/sam/drivers/dmac/dmac.o
 .debug_loc     0x000076d0     0x13e8 src/ASF/sam/drivers/pmc/pmc.o
 .debug_loc     0x00008ab8      0x2f0 src/ASF/common/boards/user_board/init.o
 .debug_loc     0x00008da8       0x2c src/ASF/sam/utils/cmsis/sam3x/source/templates/exceptions.o
 .debug_loc     0x00008dd4       0x38 src/ASF/sam/utils/cmsis/sam3x/source/templates/gcc/startup_sam3x.o
 .debug_loc     0x00008e0c       0xe4 src/ASF/sam/utils/cmsis/sam3x/source/templates/system_sam3x.o
 .debug_loc     0x00008ef0      0x300 src/ASF/sam/utils/syscalls/gcc/syscalls.o
 .debug_loc     0x000091f0      0x2f0 src/main.o

.debug_aranges  0x00000000     0x1040
 .debug_aranges
                0x00000000       0xa8 src/ASF/common/services/spi/sam_usart_spi/usart_spi.o
 .debug_aranges
                0x000000a8       0x88 src/ASF/sam/drivers/pdc/pdc.o
 .debug_aranges
                0x00000130      0x158 src/ASF/sam/drivers/pwm/pwm.o
 .debug_aranges
                0x00000288       0xa8 src/ASF/sam/drivers/spi/spi.o
 .debug_aranges
                0x00000330       0xd0 src/ASF/sam/drivers/tc/tc.o
 .debug_aranges
                0x00000400      0x2d0 src/ASF/sam/drivers/usart/usart.o
 .debug_aranges
                0x000006d0       0xa0 src/comm.o
 .debug_aranges
                0x00000770      0x120 src/ASF/sam/drivers/twi/twi.o
 .debug_aranges
                0x00000890       0x40 src/compass.o
 .debug_aranges
                0x000008d0       0x98 src/lcd.o
 .debug_aranges
                0x00000968       0xa8 src/menu.o
 .debug_aranges
                0x00000a10       0x80 src/motor.o
 .debug_aranges
                0x00000a90       0x20 src/pid.o
 .debug_aranges
                0x00000ab0       0x50 src/timing.o
 .debug_aranges
                0x00000b00       0x98 src/ASF/common/services/clock/sam3x/sysclk.o
 .debug_aranges
                0x00000b98      0x108 src/ASF/sam/drivers/dmac/dmac.o
 .debug_aranges
                0x00000ca0      0x200 src/ASF/sam/drivers/pmc/pmc.o
 .debug_aranges
                0x00000ea0       0x68 src/ASF/common/boards/user_board/init.o
 .debug_aranges
                0x00000f08       0x20 src/ASF/sam/utils/cmsis/sam3x/source/templates/exceptions.o
 .debug_aranges
                0x00000f28       0x20 src/ASF/sam/utils/cmsis/sam3x/source/templates/gcc/startup_sam3x.o
 .debug_aranges
                0x00000f48       0x30 src/ASF/sam/utils/cmsis/sam3x/source/templates/system_sam3x.o
 .debug_aranges
                0x00000f78       0x60 src/ASF/sam/utils/syscalls/gcc/syscalls.o
 .debug_aranges
                0x00000fd8       0x68 src/main.o

.debug_ranges   0x00000000      0xf78
 .debug_ranges  0x00000000       0x98 src/ASF/common/services/spi/sam_usart_spi/usart_spi.o
 .debug_ranges  0x00000098       0x78 src/ASF/sam/drivers/pdc/pdc.o
 .debug_ranges  0x00000110      0x148 src/ASF/sam/drivers/pwm/pwm.o
 .debug_ranges  0x00000258       0x98 src/ASF/sam/drivers/spi/spi.o
 .debug_ranges  0x000002f0       0xc0 src/ASF/sam/drivers/tc/tc.o
 .debug_ranges  0x000003b0      0x2c0 src/ASF/sam/drivers/usart/usart.o
 .debug_ranges  0x00000670       0x90 src/comm.o
 .debug_ranges  0x00000700      0x110 src/ASF/sam/drivers/twi/twi.o
 .debug_ranges  0x00000810       0x30 src/compass.o
 .debug_ranges  0x00000840       0x88 src/lcd.o
 .debug_ranges  0x000008c8       0xb0 src/menu.o
 .debug_ranges  0x00000978       0x88 src/motor.o
 .debug_ranges  0x00000a00       0x10 src/pid.o
 .debug_ranges  0x00000a10       0x58 src/timing.o
 .debug_ranges  0x00000a68       0x88 src/ASF/common/services/clock/sam3x/sysclk.o
 .debug_ranges  0x00000af0       0xf8 src/ASF/sam/drivers/dmac/dmac.o
 .debug_ranges  0x00000be8      0x1f0 src/ASF/sam/drivers/pmc/pmc.o
 .debug_ranges  0x00000dd8       0xa0 src/ASF/common/boards/user_board/init.o
 .debug_ranges  0x00000e78       0x10 src/ASF/sam/utils/cmsis/sam3x/source/templates/exceptions.o
 .debug_ranges  0x00000e88       0x10 src/ASF/sam/utils/cmsis/sam3x/source/templates/gcc/startup_sam3x.o
 .debug_ranges  0x00000e98       0x20 src/ASF/sam/utils/cmsis/sam3x/source/templates/system_sam3x.o
 .debug_ranges  0x00000eb8       0x50 src/ASF/sam/utils/syscalls/gcc/syscalls.o
 .debug_ranges  0x00000f08       0x70 src/main.o

.debug_macro    0x00000000     0x8c69
 .debug_macro   0x00000000      0x5ea src/ASF/common/services/spi/sam_usart_spi/usart_spi.o
 .debug_macro   0x000005ea       0x2e src/ASF/common/services/spi/sam_usart_spi/usart_spi.o
 .debug_macro   0x00000618       0x10 src/ASF/common/services/spi/sam_usart_spi/usart_spi.o
 .debug_macro   0x00000628      0x55a src/ASF/sam/drivers/pdc/pdc.o
 .debug_macro   0x00000b82      0x584 src/ASF/sam/drivers/pwm/pwm.o
 .debug_macro   0x00001106      0x5db src/ASF/sam/drivers/spi/spi.o
 .debug_macro   0x000016e1       0x10 src/ASF/sam/drivers/spi/spi.o
 .debug_macro   0x000016f1      0x56c src/ASF/sam/drivers/tc/tc.o
 .debug_macro   0x00001c5d       0x52 src/ASF/sam/drivers/tc/tc.o
 .debug_macro   0x00001caf       0x8d src/ASF/sam/drivers/tc/tc.o
 .debug_macro   0x00001d3c       0x16 src/ASF/sam/drivers/tc/tc.o
 .debug_macro   0x00001d52       0x57 src/ASF/sam/drivers/tc/tc.o
 .debug_macro   0x00001da9       0x1c src/ASF/sam/drivers/tc/tc.o
 .debug_macro   0x00001dc5      0x59b src/ASF/sam/drivers/usart/usart.o
 .debug_macro   0x00002360       0x28 src/ASF/sam/drivers/usart/usart.o
 .debug_macro   0x00002388      0x6fd src/comm.o
 .debug_macro   0x00002a85       0x11 src/comm.o
 .debug_macro   0x00002a96       0x6a src/comm.o
 .debug_macro   0x00002b00       0x34 src/comm.o
 .debug_macro   0x00002b34       0x10 src/comm.o
 .debug_macro   0x00002b44       0x4c src/comm.o
 .debug_macro   0x00002b90       0x10 src/comm.o
 .debug_macro   0x00002ba0       0x16 src/comm.o
 .debug_macro   0x00002bb6       0x16 src/comm.o
 .debug_macro   0x00002bcc      0x5ab src/ASF/sam/drivers/twi/twi.o
 .debug_macro   0x00003177       0x46 src/ASF/sam/drivers/twi/twi.o
 .debug_macro   0x000031bd      0x6ef src/compass.o
 .debug_macro   0x000038ac      0x732 src/lcd.o
 .debug_macro   0x00003fde      0x706 src/menu.o
 .debug_macro   0x000046e4      0x6e4 src/motor.o
 .debug_macro   0x00004dc8       0x1b src/pid.o
 .debug_macro   0x00004de3      0x71f src/timing.o
 .debug_macro   0x00005502      0x5cb src/ASF/common/services/clock/sam3x/sysclk.o
 .debug_macro   0x00005acd      0x2c0 src/ASF/common/services/clock/sam3x/sysclk.o
 .debug_macro   0x00005d8d      0x56e src/ASF/sam/drivers/dmac/dmac.o
 .debug_macro   0x000062fb      0x565 src/ASF/sam/drivers/pmc/pmc.o
 .debug_macro   0x00006860       0x58 src/ASF/sam/drivers/pmc/pmc.o
 .debug_macro   0x000068b8      0x6d3 src/ASF/common/boards/user_board/init.o
 .debug_macro   0x00006f8b      0x564 src/ASF/sam/utils/cmsis/sam3x/source/templates/exceptions.o
 .debug_macro   0x000074ef      0x572 src/ASF/sam/utils/cmsis/sam3x/source/templates/gcc/startup_sam3x.o
 .debug_macro   0x00007a61      0x572 src/ASF/sam/utils/cmsis/sam3x/source/templates/system_sam3x.o
 .debug_macro   0x00007fd3       0x26 src/ASF/sam/utils/cmsis/sam3x/source/templates/system_sam3x.o
 .debug_macro   0x00007ff9      0x1d6 src/ASF/sam/utils/syscalls/gcc/syscalls.o
 .debug_macro   0x000081cf       0x97 src/ASF/sam/utils/syscalls/gcc/syscalls.o
 .debug_macro   0x00008266       0xf6 src/ASF/sam/utils/syscalls/gcc/syscalls.o
 .debug_macro   0x0000835c       0x4c src/ASF/sam/utils/syscalls/gcc/syscalls.o
 .debug_macro   0x000083a8       0x16 src/ASF/sam/utils/syscalls/gcc/syscalls.o
 .debug_macro   0x000083be       0x10 src/ASF/sam/utils/syscalls/gcc/syscalls.o
 .debug_macro   0x000083ce       0x10 src/ASF/sam/utils/syscalls/gcc/syscalls.o
 .debug_macro   0x000083de       0x35 src/ASF/sam/utils/syscalls/gcc/syscalls.o
 .debug_macro   0x00008413      0x122 src/ASF/sam/utils/syscalls/gcc/syscalls.o
 .debug_macro   0x00008535      0x734 src/main.o

.debug_line     0x00000000    0x141dd
 .debug_line    0x00000000      0xe44 src/ASF/common/services/spi/sam_usart_spi/usart_spi.o
 .debug_line    0x00000e44      0xc29 src/ASF/sam/drivers/pdc/pdc.o
 .debug_line    0x00001a6d      0xecd src/ASF/sam/drivers/pwm/pwm.o
 .debug_line    0x0000293a      0xdf8 src/ASF/sam/drivers/spi/spi.o
 .debug_line    0x00003732      0xced src/ASF/sam/drivers/tc/tc.o
 .debug_line    0x0000441f     0x1290 src/ASF/sam/drivers/usart/usart.o
 .debug_line    0x000056af     0x10f6 src/comm.o
 .debug_line    0x000067a5      0xf04 src/ASF/sam/drivers/twi/twi.o
 .debug_line    0x000076a9      0xfae src/compass.o
 .debug_line    0x00008657     0x11a2 src/lcd.o
 .debug_line    0x000097f9     0x1297 src/menu.o
 .debug_line    0x0000aa90     0x1114 src/motor.o
 .debug_line    0x0000bba4       0x54 src/pid.o
 .debug_line    0x0000bbf8     0x1050 src/timing.o
 .debug_line    0x0000cc48      0xdcd src/ASF/common/services/clock/sam3x/sysclk.o
 .debug_line    0x0000da15      0xdea src/ASF/sam/drivers/dmac/dmac.o
 .debug_line    0x0000e7ff     0x1145 src/ASF/sam/drivers/pmc/pmc.o
 .debug_line    0x0000f944     0x10ef src/ASF/common/boards/user_board/init.o
 .debug_line    0x00010a33      0xb28 src/ASF/sam/utils/cmsis/sam3x/source/templates/exceptions.o
 .debug_line    0x0001155b      0xb7b src/ASF/sam/utils/cmsis/sam3x/source/templates/gcc/startup_sam3x.o
 .debug_line    0x000120d6      0xbcc src/ASF/sam/utils/cmsis/sam3x/source/templates/system_sam3x.o
 .debug_line    0x00012ca2      0x417 src/ASF/sam/utils/syscalls/gcc/syscalls.o
 .debug_line    0x000130b9     0x1124 src/main.o

.debug_str      0x00000000    0x63a39
 .debug_str     0x00000000    0x5e3af src/ASF/common/services/spi/sam_usart_spi/usart_spi.o
                              0x5e79c (size before relaxing)
 .debug_str     0x0005e3af      0x1fc src/ASF/sam/drivers/pdc/pdc.o
                              0x5c9b6 (size before relaxing)
 .debug_str     0x0005e5ab      0xc99 src/ASF/sam/drivers/pwm/pwm.o
                              0x5d4ea (size before relaxing)
 .debug_str     0x0005f244      0x41f src/ASF/sam/drivers/spi/spi.o
                              0x5e64f (size before relaxing)
 .debug_str     0x0005f663      0x394 src/ASF/sam/drivers/tc/tc.o
                              0x5cb9b (size before relaxing)
 .debug_str     0x0005f9f7      0x903 src/ASF/sam/drivers/usart/usart.o
                              0x5d469 (size before relaxing)
 .debug_str     0x000602fa      0xc63 src/comm.o
                              0x5f33f (size before relaxing)
 .debug_str     0x00060f5d      0x5bd src/ASF/sam/drivers/twi/twi.o
                              0x5d259 (size before relaxing)
 .debug_str     0x0006151a      0x115 src/compass.o
                              0x5ebb4 (size before relaxing)
 .debug_str     0x0006162f      0x1cb src/lcd.o
                              0x5ef0e (size before relaxing)
 .debug_str     0x000617fa      0x6ef src/menu.o
                              0x5f3f4 (size before relaxing)
 .debug_str     0x00061ee9      0x309 src/motor.o
                              0x5f7bf (size before relaxing)
 .debug_str     0x000621f2       0x27 src/pid.o